[INFO] Scanning for projects...
[WARNING] 
[WARNING] Some problems were encountered while building the effective model for com.tuna:ecommerce:jar:0.0.1-SNAPSHOT
[WARNING] 'dependencies.dependency.(groupId:artifactId:type:classifier)' must be unique: org.springframework.boot:spring-boot-starter-security:jar -> duplicate declaration of version (?) @ line 74, column 15
[WARNING] 
[WARNING] It is highly recommended to fix these problems because they threaten the stability of your build.
[WARNING] 
[WARNING] For this reason, future Maven versions might no longer support building such malformed projects.
[WARNING] 
[INFO] 
[INFO] -------------------------< com.tuna:ecommerce >-------------------------
[INFO] Building ecommerce 0.0.1-SNAPSHOT
[INFO]   from pom.xml
[INFO] --------------------------------[ jar ]---------------------------------
[INFO] 
[INFO] --- resources:3.3.1:resources (default-resources) @ ecommerce ---
[INFO] Copying 1 resource from src\main\resources to target\classes
[INFO] Copying 0 resource from src\main\resources to target\classes
[INFO] 
[INFO] --- compiler:3.14.1:compile (default-compile) @ ecommerce ---
[INFO] Nothing to compile - all classes are up to date.
[INFO] 
[INFO] --- resources:3.3.1:testResources (default-testResources) @ ecommerce ---
[INFO] Copying 1 resource from src\test\resources to target\test-classes
[INFO] 
[INFO] --- compiler:3.14.1:testCompile (default-testCompile) @ ecommerce ---
[INFO] Nothing to compile - all classes are up to date.
[INFO] 
[INFO] --- surefire:3.5.4:test (default-test) @ ecommerce ---
[INFO] Using auto detected provider org.apache.maven.surefire.junitplatform.JUnitPlatformProvider
[INFO] 
[INFO] -------------------------------------------------------
[INFO]  T E S T S
[INFO] -------------------------------------------------------
[INFO] Running com.tuna.ecommerce.EcommerceApplicationTests
21:23:13.091 [main] INFO org.springframework.test.context.support.AnnotationConfigContextLoaderUtils -- Could not detect default configuration classes for test class [com.tuna.ecommerce.EcommerceApplicationTests]: EcommerceApplicationTests does not declare any static, non-private, non-final, nested classes annotated with @Configuration.
21:23:13.193 [main] INFO org.springframework.boot.test.context.SpringBootTestContextBootstrapper -- Found @SpringBootConfiguration com.tuna.ecommerce.EcommerceApplication for test class com.tuna.ecommerce.EcommerceApplicationTests
21:23:13.338 [main] INFO org.springframework.boot.devtools.restart.RestartApplicationListener -- Restart disabled due to context in which it is running

  .   ____          _            __ _ _
 /\\ / ___'_ __ _ _(_)_ __  __ _ \ \ \ \
( ( )\___ | '_ | '_| | '_ \/ _` | \ \ \ \
 \\/  ___)| |_)| | | | | || (_| |  ) ) ) )
  '  |____| .__|_| |_|_| |_\__, | / / / /
 =========|_|==============|___/=/_/_/_/

 :: Spring Boot ::                (v4.0.1)

2026-03-25T21:23:13.621+07:00  INFO 11448 --- [ecommerce] [           main] c.t.ecommerce.EcommerceApplicationTests  : Starting EcommerceApplicationTests using Java 21.0.10 with PID 11448 (started by tuna in C:\download\java\Ecommerce)
2026-03-25T21:23:13.624+07:00  INFO 11448 --- [ecommerce] [           main] c.t.ecommerce.EcommerceApplicationTests  : The following 1 profile is active: "test"
2026-03-25T21:23:15.180+07:00  INFO 11448 --- [ecommerce] [           main] .s.d.r.c.RepositoryConfigurationDelegate : Bootstrapping Spring Data JPA repositories in DEFAULT mode.
2026-03-25T21:23:15.434+07:00  INFO 11448 --- [ecommerce] [           main] .s.d.r.c.RepositoryConfigurationDelegate : Finished Spring Data repository scanning in 237 ms. Found 21 JPA repository interfaces.
2026-03-25T21:23:16.645+07:00  INFO 11448 --- [ecommerce] [           main] org.hibernate.orm.jpa                    : HHH008540: Processing PersistenceUnitInfo [name: default]
2026-03-25T21:23:16.754+07:00  INFO 11448 --- [ecommerce] [           main] org.hibernate.orm.core                   : HHH000001: Hibernate ORM core version 7.2.0.Final
2026-03-25T21:23:17.558+07:00  INFO 11448 --- [ecommerce] [           main] o.s.o.j.p.SpringPersistenceUnitInfo      : No LoadTimeWeaver setup: ignoring JPA class transformer
2026-03-25T21:23:17.606+07:00  INFO 11448 --- [ecommerce] [           main] com.zaxxer.hikari.HikariDataSource       : HikariPool-1 - Starting...
2026-03-25T21:23:18.658+07:00  WARN 11448 --- [ecommerce] [           main] org.hibernate.orm.jdbc.error             : HHH000247: ErrorCode: 90113, SQLState: 90113
2026-03-25T21:23:18.658+07:00  WARN 11448 --- [ecommerce] [           main] org.hibernate.orm.jdbc.error             : Unsupported connection setting "NOT_FIXED_11" [90113-240]
2026-03-25T21:23:18.659+07:00  WARN 11448 --- [ecommerce] [           main] org.hibernate.orm.jdbc                   : HHH100046: Could not obtain connection to query JDBC database metadata

org.hibernate.exception.GenericJDBCException: Unable to obtain isolated JDBC connection [Unsupported connection setting "NOT_FIXED_11" [90113-240]] [n/a]
	at org.hibernate.exception.internal.StandardSQLExceptionConverter.convert(StandardSQLExceptionConverter.java:39) ~[hibernate-core-7.2.0.Final.jar:7.2.0.Final]
	at org.hibernate.engine.jdbc.spi.SqlExceptionHelper.convert(SqlExceptionHelper.java:115) ~[hibernate-core-7.2.0.Final.jar:7.2.0.Final]
	at org.hibernate.engine.jdbc.spi.SqlExceptionHelper.convert(SqlExceptionHelper.java:101) ~[hibernate-core-7.2.0.Final.jar:7.2.0.Final]
	at org.hibernate.resource.transaction.backend.jdbc.internal.JdbcIsolationDelegate.delegateWork(JdbcIsolationDelegate.java:51) ~[hibernate-core-7.2.0.Final.jar:7.2.0.Final]
	at org.hibernate.engine.jdbc.env.internal.JdbcEnvironmentInitiator.getJdbcEnvironmentUsingJdbcMetadata(JdbcEnvironmentInitiator.java:366) ~[hibernate-core-7.2.0.Final.jar:7.2.0.Final]
	at org.hibernate.engine.jdbc.env.internal.JdbcEnvironmentInitiator.getJdbcEnvironment(JdbcEnvironmentInitiator.java:143) ~[hibernate-core-7.2.0.Final.jar:7.2.0.Final]
	at org.hibernate.engine.jdbc.env.internal.JdbcEnvironmentInitiator.initiateService(JdbcEnvironmentInitiator.java:120) ~[hibernate-core-7.2.0.Final.jar:7.2.0.Final]
	at org.hibernate.engine.jdbc.env.internal.JdbcEnvironmentInitiator.initiateService(JdbcEnvironmentInitiator.java:80) ~[hibernate-core-7.2.0.Final.jar:7.2.0.Final]
	at org.hibernate.boot.registry.internal.StandardServiceRegistryImpl.initiateService(StandardServiceRegistryImpl.java:133) ~[hibernate-core-7.2.0.Final.jar:7.2.0.Final]
	at org.hibernate.service.internal.AbstractServiceRegistryImpl.createService(AbstractServiceRegistryImpl.java:260) ~[hibernate-core-7.2.0.Final.jar:7.2.0.Final]
	at org.hibernate.service.internal.AbstractServiceRegistryImpl.initializeService(AbstractServiceRegistryImpl.java:235) ~[hibernate-core-7.2.0.Final.jar:7.2.0.Final]
	at org.hibernate.service.internal.AbstractServiceRegistryImpl.getService(AbstractServiceRegistryImpl.java:212) ~[hibernate-core-7.2.0.Final.jar:7.2.0.Final]
	at org.hibernate.boot.model.relational.Database.<init>(Database.java:44) ~[hibernate-core-7.2.0.Final.jar:7.2.0.Final]
	at org.hibernate.boot.internal.InFlightMetadataCollectorImpl.getDatabase(InFlightMetadataCollectorImpl.java:251) ~[hibernate-core-7.2.0.Final.jar:7.2.0.Final]
	at org.hibernate.boot.internal.InFlightMetadataCollectorImpl.<init>(InFlightMetadataCollectorImpl.java:203) ~[hibernate-core-7.2.0.Final.jar:7.2.0.Final]
	at org.hibernate.boot.model.process.spi.MetadataBuildingProcess.complete(MetadataBuildingProcess.java:170) ~[hibernate-core-7.2.0.Final.jar:7.2.0.Final]
	at org.hibernate.jpa.boot.internal.EntityManagerFactoryBuilderImpl.metadata(EntityManagerFactoryBuilderImpl.java:1392) ~[hibernate-core-7.2.0.Final.jar:7.2.0.Final]
	at org.hibernate.jpa.boot.internal.EntityManagerFactoryBuilderImpl.populateSessionFactoryBuilder(EntityManagerFactoryBuilderImpl.java:1472) ~[hibernate-core-7.2.0.Final.jar:7.2.0.Final]
	at org.hibernate.jpa.boot.internal.EntityManagerFactoryBuilderImpl.build(EntityManagerFactoryBuilderImpl.java:1454) ~[hibernate-core-7.2.0.Final.jar:7.2.0.Final]
	at org.springframework.orm.jpa.vendor.SpringHibernateJpaPersistenceProvider.createContainerEntityManagerFactory(SpringHibernateJpaPersistenceProvider.java:66) ~[spring-orm-7.0.2.jar:7.0.2]
	at org.springframework.orm.jpa.LocalContainerEntityManagerFactoryBean.createNativeEntityManagerFactory(LocalContainerEntityManagerFactoryBean.java:433) ~[spring-orm-7.0.2.jar:7.0.2]
	at org.springframework.orm.jpa.AbstractEntityManagerFactoryBean.buildNativeEntityManagerFactory(AbstractEntityManagerFactoryBean.java:416) ~[spring-orm-7.0.2.jar:7.0.2]
	at org.springframework.orm.jpa.AbstractEntityManagerFactoryBean.afterPropertiesSet(AbstractEntityManagerFactoryBean.java:396) ~[spring-orm-7.0.2.jar:7.0.2]
	at org.springframework.orm.jpa.LocalContainerEntityManagerFactoryBean.afterPropertiesSet(LocalContainerEntityManagerFactoryBean.java:409) ~[spring-orm-7.0.2.jar:7.0.2]
	at org.springframework.beans.factory.support.AbstractAutowireCapableBeanFactory.invokeInitMethods(AbstractAutowireCapableBeanFactory.java:1864) ~[spring-beans-7.0.2.jar:7.0.2]
	at org.springframework.beans.factory.support.AbstractAutowireCapableBeanFactory.initializeBean(AbstractAutowireCapableBeanFactory.java:1813) ~[spring-beans-7.0.2.jar:7.0.2]
	at org.springframework.beans.factory.support.AbstractAutowireCapableBeanFactory.doCreateBean(AbstractAutowireCapableBeanFactory.java:603) ~[spring-beans-7.0.2.jar:7.0.2]
	at org.springframework.beans.factory.support.AbstractAutowireCapableBeanFactory.createBean(AbstractAutowireCapableBeanFactory.java:525) ~[spring-beans-7.0.2.jar:7.0.2]
	at org.springframework.beans.factory.support.AbstractBeanFactory.lambda$doGetBean$0(AbstractBeanFactory.java:333) ~[spring-beans-7.0.2.jar:7.0.2]
	at org.springframework.beans.factory.support.DefaultSingletonBeanRegistry.getSingleton(DefaultSingletonBeanRegistry.java:371) ~[spring-beans-7.0.2.jar:7.0.2]
	at org.springframework.beans.factory.support.AbstractBeanFactory.doGetBean(AbstractBeanFactory.java:331) ~[spring-beans-7.0.2.jar:7.0.2]
	at org.springframework.beans.factory.support.AbstractBeanFactory.getBean(AbstractBeanFactory.java:201) ~[spring-beans-7.0.2.jar:7.0.2]
	at org.springframework.context.support.AbstractApplicationContext.finishBeanFactoryInitialization(AbstractApplicationContext.java:976) ~[spring-context-7.0.2.jar:7.0.2]
	at org.springframework.context.support.AbstractApplicationContext.refresh(AbstractApplicationContext.java:620) ~[spring-context-7.0.2.jar:7.0.2]
	at org.springframework.boot.SpringApplication.refresh(SpringApplication.java:756) ~[spring-boot-4.0.1.jar:4.0.1]
	at org.springframework.boot.SpringApplication.refreshContext(SpringApplication.java:445) ~[spring-boot-4.0.1.jar:4.0.1]
	at org.springframework.boot.SpringApplication.run(SpringApplication.java:321) ~[spring-boot-4.0.1.jar:4.0.1]
	at org.springframework.boot.test.context.SpringBootContextLoader.lambda$loadContext$2(SpringBootContextLoader.java:156) ~[spring-boot-test-4.0.1.jar:4.0.1]
	at org.springframework.util.function.ThrowingSupplier.get(ThrowingSupplier.java:58) ~[spring-core-7.0.2.jar:7.0.2]
	at org.springframework.util.function.ThrowingSupplier.get(ThrowingSupplier.java:46) ~[spring-core-7.0.2.jar:7.0.2]
	at org.springframework.boot.SpringApplication.withHook(SpringApplication.java:1465) ~[spring-boot-4.0.1.jar:4.0.1]
	at org.springframework.boot.test.context.SpringBootContextLoader$ContextLoaderHook.run(SpringBootContextLoader.java:605) ~[spring-boot-test-4.0.1.jar:4.0.1]
	at org.springframework.boot.test.context.SpringBootContextLoader.loadContext(SpringBootContextLoader.java:156) ~[spring-boot-test-4.0.1.jar:4.0.1]
	at org.springframework.boot.test.context.SpringBootContextLoader.loadContext(SpringBootContextLoader.java:115) ~[spring-boot-test-4.0.1.jar:4.0.1]
	at org.springframework.test.context.cache.DefaultCacheAwareContextLoaderDelegate.loadContextInternal(DefaultCacheAwareContextLoaderDelegate.java:247) ~[spring-test-7.0.2.jar:7.0.2]
	at org.springframework.test.context.cache.DefaultCacheAwareContextLoaderDelegate.lambda$loadContext$0(DefaultCacheAwareContextLoaderDelegate.java:167) ~[spring-test-7.0.2.jar:7.0.2]
	at org.springframework.test.context.cache.DefaultContextCache.put(DefaultContextCache.java:172) ~[spring-test-7.0.2.jar:7.0.2]
	at org.springframework.test.context.cache.DefaultCacheAwareContextLoaderDelegate.loadContext(DefaultCacheAwareContextLoaderDelegate.java:160) ~[spring-test-7.0.2.jar:7.0.2]
	at org.springframework.test.context.support.DefaultTestContext.getApplicationContext(DefaultTestContext.java:128) ~[spring-test-7.0.2.jar:7.0.2]
	at org.springframework.test.context.web.ServletTestExecutionListener.setUpRequestContextIfNecessary(ServletTestExecutionListener.java:200) ~[spring-test-7.0.2.jar:7.0.2]
	at org.springframework.test.context.web.ServletTestExecutionListener.prepareTestInstance(ServletTestExecutionListener.java:139) ~[spring-test-7.0.2.jar:7.0.2]
	at org.springframework.test.context.TestContextManager.prepareTestInstance(TestContextManager.java:260) ~[spring-test-7.0.2.jar:7.0.2]
	at org.springframework.test.context.junit.jupiter.SpringExtension.postProcessTestInstance(SpringExtension.java:205) ~[spring-test-7.0.2.jar:7.0.2]
	at org.junit.jupiter.engine.descriptor.ClassBasedTestDescriptor.lambda$invokeTestInstancePostProcessors$1(ClassBasedTestDescriptor.java:423) ~[junit-jupiter-engine-6.0.1.jar:6.0.1]
	at org.junit.jupiter.engine.descriptor.ClassBasedTestDescriptor.executeAndMaskThrowable(ClassBasedTestDescriptor.java:428) ~[junit-jupiter-engine-6.0.1.jar:6.0.1]
	at org.junit.jupiter.engine.descriptor.ClassBasedTestDescriptor.lambda$invokeTestInstancePostProcessors$0(ClassBasedTestDescriptor.java:422) ~[junit-jupiter-engine-6.0.1.jar:6.0.1]
	at java.base/java.util.stream.ForEachOps$ForEachOp$OfRef.accept(ForEachOps.java:184) ~[na:na]
	at java.base/java.util.stream.ReferencePipeline$3$1.accept(ReferencePipeline.java:197) ~[na:na]
	at java.base/java.util.stream.ReferencePipeline$2$1.accept(ReferencePipeline.java:179) ~[na:na]
	at java.base/java.util.stream.ReferencePipeline$3$1.accept(ReferencePipeline.java:197) ~[na:na]
	at java.base/java.util.ArrayList$ArrayListSpliterator.forEachRemaining(ArrayList.java:1708) ~[na:na]
	at java.base/java.util.stream.AbstractPipeline.copyInto(AbstractPipeline.java:509) ~[na:na]
	at java.base/java.util.stream.AbstractPipeline.wrapAndCopyInto(AbstractPipeline.java:499) ~[na:na]
	at java.base/java.util.stream.ForEachOps$ForEachOp.evaluateSequential(ForEachOps.java:151) ~[na:na]
	at java.base/java.util.stream.ForEachOps$ForEachOp$OfRef.evaluateSequential(ForEachOps.java:174) ~[na:na]
	at java.base/java.util.stream.AbstractPipeline.evaluate(AbstractPipeline.java:234) ~[na:na]
	at java.base/java.util.stream.ReferencePipeline.forEach(ReferencePipeline.java:596) ~[na:na]
	at org.junit.jupiter.engine.descriptor.ClassBasedTestDescriptor.invokeTestInstancePostProcessors(ClassBasedTestDescriptor.java:422) ~[junit-jupiter-engine-6.0.1.jar:6.0.1]
	at org.junit.jupiter.engine.descriptor.ClassBasedTestDescriptor.lambda$instantiateAndPostProcessTestInstance$0(ClassBasedTestDescriptor.java:334) ~[junit-jupiter-engine-6.0.1.jar:6.0.1]
	at org.junit.platform.engine.support.hierarchical.ThrowableCollector.execute(ThrowableCollector.java:74) ~[junit-platform-engine-6.0.1.jar:6.0.1]
	at org.junit.jupiter.engine.descriptor.ClassBasedTestDescriptor.instantiateAndPostProcessTestInstance(ClassBasedTestDescriptor.java:333) ~[junit-jupiter-engine-6.0.1.jar:6.0.1]
	at org.junit.jupiter.engine.descriptor.ClassBasedTestDescriptor.lambda$testInstancesProvider$1(ClassBasedTestDescriptor.java:322) ~[junit-jupiter-engine-6.0.1.jar:6.0.1]
	at java.base/java.util.Optional.orElseGet(Optional.java:364) ~[na:na]
	at org.junit.jupiter.engine.descriptor.ClassBasedTestDescriptor.lambda$testInstancesProvider$0(ClassBasedTestDescriptor.java:321) ~[junit-jupiter-engine-6.0.1.jar:6.0.1]
	at org.junit.jupiter.engine.execution.TestInstancesProvider.getTestInstances(TestInstancesProvider.java:27) ~[junit-jupiter-engine-6.0.1.jar:6.0.1]
	at org.junit.jupiter.engine.descriptor.TestMethodTestDescriptor.lambda$prepare$0(TestMethodTestDescriptor.java:127) ~[junit-jupiter-engine-6.0.1.jar:6.0.1]
	at org.junit.platform.engine.support.hierarchical.ThrowableCollector.execute(ThrowableCollector.java:74) ~[junit-platform-engine-6.0.1.jar:6.0.1]
	at org.junit.jupiter.engine.descriptor.TestMethodTestDescriptor.prepare(TestMethodTestDescriptor.java:126) ~[junit-jupiter-engine-6.0.1.jar:6.0.1]
	at org.junit.jupiter.engine.descriptor.TestMethodTestDescriptor.prepare(TestMethodTestDescriptor.java:70) ~[junit-jupiter-engine-6.0.1.jar:6.0.1]
	at org.junit.platform.engine.support.hierarchical.NodeTestTask.lambda$prepare$0(NodeTestTask.java:144) ~[junit-platform-engine-6.0.1.jar:6.0.1]
	at org.junit.platform.engine.support.hierarchical.ThrowableCollector.execute(ThrowableCollector.java:74) ~[junit-platform-engine-6.0.1.jar:6.0.1]
	at org.junit.platform.engine.support.hierarchical.NodeTestTask.prepare(NodeTestTask.java:144) ~[junit-platform-engine-6.0.1.jar:6.0.1]
	at org.junit.platform.engine.support.hierarchical.NodeTestTask.execute(NodeTestTask.java:110) ~[junit-platform-engine-6.0.1.jar:6.0.1]
	at java.base/java.util.ArrayList.forEach(ArrayList.java:1596) ~[na:na]
	at org.junit.platform.engine.support.hierarchical.SameThreadHierarchicalTestExecutorService.invokeAll(SameThreadHierarchicalTestExecutorService.java:42) ~[junit-platform-engine-6.0.1.jar:6.0.1]
	at org.junit.platform.engine.support.hierarchical.NodeTestTask.lambda$executeRecursively$2(NodeTestTask.java:180) ~[junit-platform-engine-6.0.1.jar:6.0.1]
	at org.junit.platform.engine.support.hierarchical.ThrowableCollector.execute(ThrowableCollector.java:74) ~[junit-platform-engine-6.0.1.jar:6.0.1]
	at org.junit.platform.engine.support.hierarchical.NodeTestTask.lambda$executeRecursively$1(NodeTestTask.java:166) ~[junit-platform-engine-6.0.1.jar:6.0.1]
	at org.junit.platform.engine.support.hierarchical.Node.around(Node.java:138) ~[junit-platform-engine-6.0.1.jar:6.0.1]
	at org.junit.platform.engine.support.hierarchical.NodeTestTask.lambda$executeRecursively$0(NodeTestTask.java:164) ~[junit-platform-engine-6.0.1.jar:6.0.1]
	at org.junit.platform.engine.support.hierarchical.ThrowableCollector.execute(ThrowableCollector.java:74) ~[junit-platform-engine-6.0.1.jar:6.0.1]
	at org.junit.platform.engine.support.hierarchical.NodeTestTask.executeRecursively(NodeTestTask.java:163) ~[junit-platform-engine-6.0.1.jar:6.0.1]
	at org.junit.platform.engine.support.hierarchical.NodeTestTask.execute(NodeTestTask.java:116) ~[junit-platform-engine-6.0.1.jar:6.0.1]
	at java.base/java.util.ArrayList.forEach(ArrayList.java:1596) ~[na:na]
	at org.junit.platform.engine.support.hierarchical.SameThreadHierarchicalTestExecutorService.invokeAll(SameThreadHierarchicalTestExecutorService.java:42) ~[junit-platform-engine-6.0.1.jar:6.0.1]
	at org.junit.platform.engine.support.hierarchical.NodeTestTask.lambda$executeRecursively$2(NodeTestTask.java:180) ~[junit-platform-engine-6.0.1.jar:6.0.1]
	at org.junit.platform.engine.support.hierarchical.ThrowableCollector.execute(ThrowableCollector.java:74) ~[junit-platform-engine-6.0.1.jar:6.0.1]
	at org.junit.platform.engine.support.hierarchical.NodeTestTask.lambda$executeRecursively$1(NodeTestTask.java:166) ~[junit-platform-engine-6.0.1.jar:6.0.1]
	at org.junit.platform.engine.support.hierarchical.Node.around(Node.java:138) ~[junit-platform-engine-6.0.1.jar:6.0.1]
	at org.junit.platform.engine.support.hierarchical.NodeTestTask.lambda$executeRecursively$0(NodeTestTask.java:164) ~[junit-platform-engine-6.0.1.jar:6.0.1]
	at org.junit.platform.engine.support.hierarchical.ThrowableCollector.execute(ThrowableCollector.java:74) ~[junit-platform-engine-6.0.1.jar:6.0.1]
	at org.junit.platform.engine.support.hierarchical.NodeTestTask.executeRecursively(NodeTestTask.java:163) ~[junit-platform-engine-6.0.1.jar:6.0.1]
	at org.junit.platform.engine.support.hierarchical.NodeTestTask.execute(NodeTestTask.java:116) ~[junit-platform-engine-6.0.1.jar:6.0.1]
	at org.junit.platform.engine.support.hierarchical.SameThreadHierarchicalTestExecutorService.submit(SameThreadHierarchicalTestExecutorService.java:36) ~[junit-platform-engine-6.0.1.jar:6.0.1]
	at org.junit.platform.engine.support.hierarchical.HierarchicalTestExecutor.execute(HierarchicalTestExecutor.java:52) ~[junit-platform-engine-6.0.1.jar:6.0.1]
	at org.junit.platform.engine.support.hierarchical.HierarchicalTestEngine.execute(HierarchicalTestEngine.java:58) ~[junit-platform-engine-6.0.1.jar:6.0.1]
	at org.junit.platform.launcher.core.EngineExecutionOrchestrator.executeEngine(EngineExecutionOrchestrator.java:246) ~[junit-platform-launcher-6.0.1.jar:6.0.1]
	at org.junit.platform.launcher.core.EngineExecutionOrchestrator.failOrExecuteEngine(EngineExecutionOrchestrator.java:218) ~[junit-platform-launcher-6.0.1.jar:6.0.1]
	at org.junit.platform.launcher.core.EngineExecutionOrchestrator.execute(EngineExecutionOrchestrator.java:179) ~[junit-platform-launcher-6.0.1.jar:6.0.1]
	at org.junit.platform.launcher.core.EngineExecutionOrchestrator.execute(EngineExecutionOrchestrator.java:108) ~[junit-platform-launcher-6.0.1.jar:6.0.1]
	at org.junit.platform.launcher.core.EngineExecutionOrchestrator.lambda$execute$0(EngineExecutionOrchestrator.java:66) ~[junit-platform-launcher-6.0.1.jar:6.0.1]
	at org.junit.platform.launcher.core.EngineExecutionOrchestrator.withInterceptedStreams(EngineExecutionOrchestrator.java:157) ~[junit-platform-launcher-6.0.1.jar:6.0.1]
	at org.junit.platform.launcher.core.EngineExecutionOrchestrator.execute(EngineExecutionOrchestrator.java:65) ~[junit-platform-launcher-6.0.1.jar:6.0.1]
	at org.junit.platform.launcher.core.DefaultLauncher.execute(DefaultLauncher.java:125) ~[junit-platform-launcher-6.0.1.jar:6.0.1]
	at org.junit.platform.launcher.core.DefaultLauncher.execute(DefaultLauncher.java:114) ~[junit-platform-launcher-6.0.1.jar:6.0.1]
	at org.junit.platform.launcher.core.DelegatingLauncher.execute(DelegatingLauncher.java:58) ~[junit-platform-launcher-6.0.1.jar:6.0.1]
	at org.junit.platform.launcher.core.InterceptingLauncher.lambda$execute$2(InterceptingLauncher.java:57) ~[junit-platform-launcher-6.0.1.jar:6.0.1]
	at org.junit.platform.launcher.core.ClasspathAlignmentCheckingLauncherInterceptor.intercept(ClasspathAlignmentCheckingLauncherInterceptor.java:25) ~[junit-platform-launcher-6.0.1.jar:6.0.1]
	at org.junit.platform.launcher.core.InterceptingLauncher.execute(InterceptingLauncher.java:56) ~[junit-platform-launcher-6.0.1.jar:6.0.1]
	at org.junit.platform.launcher.core.DelegatingLauncher.execute(DelegatingLauncher.java:58) ~[junit-platform-launcher-6.0.1.jar:6.0.1]
	at java.base/jdk.internal.reflect.DirectMethodHandleAccessor.invoke(DirectMethodHandleAccessor.java:103) ~[na:na]
	at java.base/java.lang.reflect.Method.invoke(Method.java:580) ~[na:na]
	at org.apache.maven.surefire.api.util.ReflectionUtils.invokeMethodWithArray(ReflectionUtils.java:125) ~[surefire-api-3.5.4.jar:3.5.4]
	at org.apache.maven.surefire.junitplatform.LauncherAdapter.executeWithCancellationToken(LauncherAdapter.java:68) ~[surefire-junit-platform-3.5.4.jar:3.5.4]
	at org.apache.maven.surefire.junitplatform.LauncherAdapter.execute(LauncherAdapter.java:54) ~[surefire-junit-platform-3.5.4.jar:3.5.4]
	at org.apache.maven.surefire.junitplatform.JUnitPlatformProvider.execute(JUnitPlatformProvider.java:203) ~[surefire-junit-platform-3.5.4.jar:3.5.4]
	at org.apache.maven.surefire.junitplatform.JUnitPlatformProvider.invokeAllTests(JUnitPlatformProvider.java:168) ~[surefire-junit-platform-3.5.4.jar:3.5.4]
	at org.apache.maven.surefire.junitplatform.JUnitPlatformProvider.invoke(JUnitPlatformProvider.java:136) ~[surefire-junit-platform-3.5.4.jar:3.5.4]
	at org.apache.maven.surefire.booter.ForkedBooter.runSuitesInProcess(ForkedBooter.java:385) ~[surefire-booter-3.5.4.jar:3.5.4]
	at org.apache.maven.surefire.booter.ForkedBooter.execute(ForkedBooter.java:162) ~[surefire-booter-3.5.4.jar:3.5.4]
	at org.apache.maven.surefire.booter.ForkedBooter.run(ForkedBooter.java:507) ~[surefire-booter-3.5.4.jar:3.5.4]
	at org.apache.maven.surefire.booter.ForkedBooter.main(ForkedBooter.java:495) ~[surefire-booter-3.5.4.jar:3.5.4]
Caused by: org.h2.jdbc.JdbcSQLNonTransientConnectionException: Unsupported connection setting "NOT_FIXED_11" [90113-240]
	at org.h2.message.DbException.getJdbcSQLException(DbException.java:690) ~[h2-2.4.240.jar:2.4.240]
	at org.h2.message.DbException.getJdbcSQLException(DbException.java:489) ~[h2-2.4.240.jar:2.4.240]
	at org.h2.message.DbException.get(DbException.java:223) ~[h2-2.4.240.jar:2.4.240]
	at org.h2.message.DbException.get(DbException.java:199) ~[h2-2.4.240.jar:2.4.240]
	at org.h2.engine.ConnectionInfo.readSettingsFromURL(ConnectionInfo.java:345) ~[h2-2.4.240.jar:2.4.240]
	at org.h2.engine.ConnectionInfo.<init>(ConnectionInfo.java:98) ~[h2-2.4.240.jar:2.4.240]
	at org.h2.jdbc.JdbcConnection.<init>(JdbcConnection.java:115) ~[h2-2.4.240.jar:2.4.240]
	at org.h2.Driver.connect(Driver.java:59) ~[h2-2.4.240.jar:2.4.240]
	at com.zaxxer.hikari.util.DriverDataSource.getConnection(DriverDataSource.java:144) ~[HikariCP-7.0.2.jar:na]
	at com.zaxxer.hikari.pool.PoolBase.newConnection(PoolBase.java:373) ~[HikariCP-7.0.2.jar:na]
	at com.zaxxer.hikari.pool.PoolBase.newPoolEntry(PoolBase.java:210) ~[HikariCP-7.0.2.jar:na]
	at com.zaxxer.hikari.pool.HikariPool.createPoolEntry(HikariPool.java:488) ~[HikariCP-7.0.2.jar:na]
	at com.zaxxer.hikari.pool.HikariPool.checkFailFast(HikariPool.java:576) ~[HikariCP-7.0.2.jar:na]
	at com.zaxxer.hikari.pool.HikariPool.<init>(HikariPool.java:97) ~[HikariCP-7.0.2.jar:na]
	at com.zaxxer.hikari.HikariDataSource.getConnection(HikariDataSource.java:111) ~[HikariCP-7.0.2.jar:na]
	at org.hibernate.engine.jdbc.connections.internal.DataSourceConnectionProvider.getConnection(DataSourceConnectionProvider.java:137) ~[hibernate-core-7.2.0.Final.jar:7.2.0.Final]
	at org.hibernate.engine.jdbc.env.internal.JdbcEnvironmentInitiator$ConnectionProviderJdbcConnectionAccess.obtainConnection(JdbcEnvironmentInitiator.java:508) ~[hibernate-core-7.2.0.Final.jar:7.2.0.Final]
	at org.hibernate.resource.transaction.backend.jdbc.internal.JdbcIsolationDelegate.delegateWork(JdbcIsolationDelegate.java:48) ~[hibernate-core-7.2.0.Final.jar:7.2.0.Final]
	... 128 common frames omitted

2026-03-25T21:23:18.689+07:00  WARN 11448 --- [ecommerce] [           main] org.hibernate.orm.deprecation            : HHH90000025: H2Dialect does not need to be specified explicitly using 'hibernate.dialect' (remove the property setting and it will be selected by default)
2026-03-25T21:23:18.704+07:00  INFO 11448 --- [ecommerce] [           main] org.hibernate.orm.connections.pooling    : HHH10001005: Database info:
	Database JDBC URL [undefined/unknown]
	Database driver: undefined/unknown
	Database dialect: H2Dialect
	Database version: 2.1.214
	Default catalog/schema: unknown/unknown
	Autocommit mode: undefined/unknown
	Isolation level: NONE [default NONE]
	JDBC fetch size: undefined/unknown
	Pool: DataSourceConnectionProvider
	Minimum pool size: undefined/unknown
	Maximum pool size: undefined/unknown
2026-03-25T21:23:20.747+07:00  INFO 11448 --- [ecommerce] [           main] org.hibernate.orm.core                   : HHH000489: No JTA platform available (set 'hibernate.transaction.jta.platform' to enable JTA platform integration)
Hibernate: drop table if exists addresses cascade 
2026-03-25T21:23:20.776+07:00  INFO 11448 --- [ecommerce] [           main] com.zaxxer.hikari.HikariDataSource       : HikariPool-1 - Starting...
2026-03-25T21:23:21.791+07:00  WARN 11448 --- [ecommerce] [           main] org.hibernate.orm.jdbc.error             : HHH000247: ErrorCode: 90113, SQLState: 90113
2026-03-25T21:23:21.791+07:00  WARN 11448 --- [ecommerce] [           main] org.hibernate.orm.jdbc.error             : Unsupported connection setting "NOT_FIXED_11" [90113-240]
2026-03-25T21:23:21.797+07:00 ERROR 11448 --- [ecommerce] [           main] j.LocalContainerEntityManagerFactoryBean : Failed to initialize JPA EntityManagerFactory: Unable to build Hibernate SessionFactory  [persistence unit: default] ; nested exception is org.hibernate.exception.JDBCConnectionException: Unable to open JDBC Connection for DDL execution [Unsupported connection setting "NOT_FIXED_11" [90113-240]] [n/a]
2026-03-25T21:23:21.798+07:00  WARN 11448 --- [ecommerce] [           main] o.s.w.c.s.GenericWebApplicationContext   : Exception encountered during context initialization - cancelling refresh attempt: org.springframework.beans.factory.BeanCreationException: Error creating bean with name 'entityManagerFactory' defined in class path resource [org/springframework/boot/hibernate/autoconfigure/HibernateJpaConfiguration.class]: Unable to build Hibernate SessionFactory  [persistence unit: default] ; nested exception is org.hibernate.exception.JDBCConnectionException: Unable to open JDBC Connection for DDL execution [Unsupported connection setting "NOT_FIXED_11" [90113-240]] [n/a]
mvn : 
At line:1 char:1
+ mvn test > 
test_output.txt 2>&1
+ ~~~~~~~~~~~~~~~~~~~~~
~~~~~~~~~~
    + CategoryInfo     
         : NotSpecifi  
  ed: (:String) [],    
 RemoteException
    + FullyQualifiedEr 
   rorId : NativeComm  
  andError
 


=======================
=====
CONDITIONS EVALUATION 
REPORT
=======================
=====


Positive matches:
-----------------

   
AopAutoConfiguration 
matched:
      - @ConditionalOnB
ooleanProperty 
(spring.aop.auto=true) 
matched 
(OnPropertyCondition)

   AopAutoConfiguration
.AspectJAutoProxyingCon
figuration matched:
      - 
@ConditionalOnClass 
found required class 'o
rg.aspectj.weaver.Advic
e' (OnClassCondition)

   AopAutoConfiguration
.AspectJAutoProxyingCon
figuration.CglibAutoPro
xyConfiguration 
matched:
      - @ConditionalOnB
ooleanProperty (spring.
aop.proxy-target-class=
true) matched 
(OnPropertyCondition)

   ApplicationAvailabil
ityAutoConfiguration#ap
plicationAvailability 
matched:
      - @ConditionalOnM
issingBean (types: org.
springframework.boot.av
ailability.ApplicationA
vailability; 
SearchStrategy: all) 
did not find any beans 
(OnBeanCondition)

   AvailabilityHealthCo
ntributorAutoConfigurat
ion matched:
      - 
@ConditionalOnClass 
found required class 'o
rg.springframework.boot
.health.contributor.Hea
lth' (OnClassCondition)

   AvailabilityProbesAu
toConfiguration 
matched:
      - 
@ConditionalOnClass 
found required class 'o
rg.springframework.boot
.actuate.endpoint.annot
ation.Endpoint' 
(OnClassCondition)
      - @ConditionalOnB
ooleanProperty (managem
ent.endpoint.health.pro
bes.enabled=true) 
matched 
(OnPropertyCondition)

   AvailabilityProbesAu
toConfiguration#livenes
sStateHealthIndicator 
matched:
      - @ConditionalOnM
issingBean (names: live
nessStateHealthIndicato
r; SearchStrategy: 
all) did not find any 
beans (OnBeanCondition)

   AvailabilityProbesAu
toConfiguration#readine
ssStateHealthIndicator 
matched:
      - @ConditionalOnM
issingBean (names: read
inessStateHealthIndicat
or; SearchStrategy: 
all) did not find any 
beans (OnBeanCondition)

   CompositeMeterRegist
ryAutoConfiguration 
matched:
      - 
@ConditionalOnClass 
found required class 'i
o.micrometer.core.instr
ument.composite.Composi
teMeterRegistry' 
(OnClassCondition)

   DataJpaRepositoriesA
utoConfiguration 
matched:
      - 
@ConditionalOnClass 
found required class 'o
rg.springframework.data
.jpa.repository.JpaRepo
sitory' 
(OnClassCondition)
      - @ConditionalOnB
ooleanProperty (spring.
data.jpa.repositories.e
nabled=true) matched 
(OnPropertyCondition)
      - 
@ConditionalOnBean 
(types: 
javax.sql.DataSource; 
SearchStrategy: all) 
found bean 
'dataSource'; @Conditio
nalOnMissingBean 
(types: org.springframe
work.data.jpa.repositor
y.support.JpaRepository
FactoryBean,org.springf
ramework.data.jpa.repos
itory.config.JpaReposit
oryConfigExtension; 
SearchStrategy: all) 
did not find any beans 
(OnBeanCondition)

   DataRepositoryMetric
sAutoConfiguration 
matched:
      - 
@ConditionalOnClass 
found required class 'o
rg.springframework.data
.repository.Repository'
 (OnClassCondition)
      - 
@ConditionalOnBean 
(types: io.micrometer.c
ore.instrument.MeterReg
istry; SearchStrategy: 
all) found bean 
'simpleMeterRegistry' 
(OnBeanCondition)

   DataRepositoryMetric
sAutoConfiguration#metr
icsRepositoryMethodInvo
cationListener matched:
      - @ConditionalOnM
issingBean (types: org.
springframework.boot.da
ta.metrics.MetricsRepos
itoryMethodInvocationLi
stener; 
SearchStrategy: all) 
did not find any beans 
(OnBeanCondition)

   DataRepositoryMetric
sAutoConfiguration#repo
sitoryTagsProvider 
matched:
      - @ConditionalOnM
issingBean (types: org.
springframework.boot.da
ta.metrics.RepositoryTa
gsProvider; 
SearchStrategy: all) 
did not find any beans 
(OnBeanCondition)

   DataSourceAutoConfig
uration matched:
      - 
@ConditionalOnClass 
found required classes 
'javax.sql.DataSource',
 'org.springframework.j
dbc.datasource.embedded
.EmbeddedDatabaseType' 
(OnClassCondition)
      - @ConditionalOnM
issingBean (types: ?; 
SearchStrategy: all) 
did not find any beans 
(OnBeanCondition)

   DataSourceAutoConfig
uration.PooledDataSourc
eConfiguration matched:
      - 
AnyNestedCondition 1 
matched 1 did not; 
NestedCondition on Data
SourceAutoConfiguration
.PooledDataSourceCondit
ion.PooledDataSourceAva
ilable 
PooledDataSource found 
supported DataSource; 
NestedCondition on Data
SourceAutoConfiguration
.PooledDataSourceCondit
ion.ExplicitType 
@ConditionalOnProperty 
(spring.datasource.type
) did not find 
property 'spring.dataso
urce.type' (DataSourceA
utoConfiguration.Pooled
DataSourceCondition)
      - @ConditionalOnM
issingBean (types: java
x.sql.DataSource,javax.
sql.XADataSource; 
SearchStrategy: all) 
did not find any beans 
(OnBeanCondition)

   DataSourceAutoConfig
uration.PooledDataSourc
eConfiguration#jdbcConn
ectionDetails matched:
      - @ConditionalOnM
issingBean (types: org.
springframework.boot.jd
bc.autoconfigure.JdbcCo
nnectionDetails; 
SearchStrategy: all) 
did not find any beans 
(OnBeanCondition)

   DataSourceConfigurat
ion.Hikari matched:
      - 
@ConditionalOnClass 
found required class 'c
om.zaxxer.hikari.Hikari
DataSource' 
(OnClassCondition)
      - 
@ConditionalOnProperty 
(spring.datasource.type
=com.zaxxer.hikari.Hika
riDataSource) matched 
(OnPropertyCondition)
      - @ConditionalOnM
issingBean (types: 
javax.sql.DataSource; 
SearchStrategy: all) 
did not find any beans 
(OnBeanCondition)

   DataSourceHealthCont
ributorAutoConfiguratio
n matched:
      - 
@ConditionalOnClass 
found required classes 
'org.springframework.jd
bc.core.JdbcTemplate', 
'org.springframework.jd
bc.datasource.lookup.Ab
stractRoutingDataSource
', 'org.springframework
.boot.health.autoconfig
ure.contributor.Conditi
onalOnEnabledHealthIndi
cator' 
(OnClassCondition)
      - @ConditionalOnE
nabledHealthIndicator m
anagement.health.defaul
ts.enabled is 
considered true (OnEnab
ledHealthIndicatorCondi
tion)
      - 
@ConditionalOnBean 
(types: 
javax.sql.DataSource; 
SearchStrategy: all) 
found bean 
'dataSource' 
(OnBeanCondition)

   DataSourceHealthCont
ributorAutoConfiguratio
n#dbHealthContributor 
matched:
      - @ConditionalOnM
issingBean (names: dbHe
althIndicator,dbHealthC
ontributor; 
SearchStrategy: all) 
did not find any beans 
(OnBeanCondition)

   DataSourceInitializa
tionAutoConfiguration 
matched:
      - 
@ConditionalOnClass 
found required class 'o
rg.springframework.jdbc
.datasource.init.Databa
sePopulator' 
(OnClassCondition)
      - SQL 
InitializationDatabase 
Initialization default 
value is EMBEDDED (OnSq
lInitializationConditio
n)
      - @ConditionalOnS
ingleCandidate (types: 
javax.sql.DataSource; 
SearchStrategy: all) 
found a single bean 
'dataSource'; @Conditio
nalOnMissingBean 
(types: org.springframe
work.boot.sql.autoconfi
gure.init.ApplicationSc
riptDatabaseInitializer
; SearchStrategy: all) 
did not find any beans 
(OnBeanCondition)

   DataSourcePoolMetada
taProvidersConfiguratio
n.HikariPoolDataSourceM
etadataProviderConfigur
ation matched:
      - 
@ConditionalOnClass 
found required class 'c
om.zaxxer.hikari.Hikari
DataSource' 
(OnClassCondition)

   DataSourcePoolMetric
sAutoConfiguration 
matched:
      - 
@ConditionalOnClass 
found required classes 
'javax.sql.DataSource',
 'io.micrometer.core.in
strument.MeterRegistry'
 (OnClassCondition)
      - 
@ConditionalOnBean 
(types: javax.sql.DataS
ource,io.micrometer.cor
e.instrument.MeterRegis
try; SearchStrategy: 
all) found beans 
'simpleMeterRegistry', 
'dataSource' 
(OnBeanCondition)

   DataSourcePoolMetric
sAutoConfiguration.Data
SourcePoolMetadataMetri
csConfiguration 
matched:
      - 
@ConditionalOnBean 
(types: org.springframe
work.boot.jdbc.metadata
.DataSourcePoolMetadata
Provider; 
SearchStrategy: all) 
found bean 'hikariPoolD
ataSourceMetadataProvid
er' (OnBeanCondition)

   DataSourcePoolMetric
sAutoConfiguration.Hika
riDataSourceMetricsConf
iguration matched:
      - 
@ConditionalOnClass 
found required class 'c
om.zaxxer.hikari.Hikari
DataSource' 
(OnClassCondition)

   DataSourceTransactio
nManagerAutoConfigurati
on matched:
      - 
@ConditionalOnClass 
found required classes 
'javax.sql.DataSource',
 'org.springframework.j
dbc.core.JdbcTemplate',
 'org.springframework.t
ransaction.TransactionM
anager' 
(OnClassCondition)

   DataSourceTransactio
nManagerAutoConfigurati
on.JdbcTransactionManag
erConfiguration 
matched:
      - @ConditionalOnS
ingleCandidate (types: 
javax.sql.DataSource; 
SearchStrategy: all) 
found a single bean 
'dataSource' 
(OnBeanCondition)

   DataWebAutoConfigura
tion matched:
      - 
@ConditionalOnClass 
found required classes 
'org.springframework.da
ta.web.PageableHandlerM
ethodArgumentResolver',
 'org.springframework.w
eb.servlet.config.annot
ation.WebMvcConfigurer'
 (OnClassCondition)
      - found 
'session' scope (OnWebA
pplicationCondition)
      - @ConditionalOnM
issingBean (types: org.
springframework.data.we
b.PageableHandlerMethod
ArgumentResolver; 
SearchStrategy: all) 
did not find any beans 
(OnBeanCondition)

   DataWebAutoConfigura
tion#pageableCustomizer
 matched:
      - @ConditionalOnM
issingBean (types: org.
springframework.data.we
b.config.PageableHandle
rMethodArgumentResolver
Customizer; 
SearchStrategy: all) 
did not find any beans 
(OnBeanCondition)

   DataWebAutoConfigura
tion#sortCustomizer 
matched:
      - @ConditionalOnM
issingBean (types: org.
springframework.data.we
b.config.SortHandlerMet
hodArgumentResolverCust
omizer; 
SearchStrategy: all) 
did not find any beans 
(OnBeanCondition)

   DataWebAutoConfigura
tion#springDataWebSetti
ngs matched:
      - @ConditionalOnM
issingBean (types: org.
springframework.data.we
b.config.SpringDataWebS
ettings; 
SearchStrategy: all) 
did not find any beans 
(OnBeanCondition)

   DiskSpaceHealthContr
ibutorAutoConfiguration
 matched:
      - 
@ConditionalOnClass 
found required class 'o
rg.springframework.boot
.health.contributor.Hea
lth' (OnClassCondition)
      - @ConditionalOnE
nabledHealthIndicator m
anagement.health.defaul
ts.enabled is 
considered true (OnEnab
ledHealthIndicatorCondi
tion)

   DiskSpaceHealthContr
ibutorAutoConfiguration
#diskSpaceHealthIndicat
or matched:
      - @ConditionalOnM
issingBean (names: disk
SpaceHealthIndicator; 
SearchStrategy: all) 
did not find any beans 
(OnBeanCondition)

   DispatcherServletAut
oConfiguration matched:
      - 
@ConditionalOnClass 
found required class 'o
rg.springframework.web.
servlet.DispatcherServl
et' (OnClassCondition)
      - found 
'session' scope (OnWebA
pplicationCondition)

   DispatcherServletAut
oConfiguration.Dispatch
erServletConfiguration 
matched:
      - 
@ConditionalOnClass 
found required class 'j
akarta.servlet.ServletR
egistration' 
(OnClassCondition)
      - Default 
DispatcherServlet did 
not find dispatcher 
servlet beans (Dispatch
erServletAutoConfigurat
ion.DefaultDispatcherSe
rvletCondition)

   DispatcherServletAut
oConfiguration.Dispatch
erServletRegistrationCo
nfiguration matched:
      - 
@ConditionalOnClass 
found required class 'j
akarta.servlet.ServletR
egistration' 
(OnClassCondition)
      - 
DispatcherServlet 
Registration did not 
find servlet 
registration bean (Disp
atcherServletAutoConfig
uration.DispatcherServl
etRegistrationCondition
)

   DispatcherServletAut
oConfiguration.Dispatch
erServletRegistrationCo
nfiguration#dispatcherS
ervletRegistration 
matched:
      - 
@ConditionalOnBean 
(names: 
dispatcherServlet 
types: org.springframew
ork.web.servlet.Dispatc
herServlet; 
SearchStrategy: all) 
found bean 
'dispatcherServlet' 
(OnBeanCondition)

   EndpointAutoConfigur
ation#endpointCachingOp
erationInvokerAdvisor 
matched:
      - @ConditionalOnM
issingBean (types: org.
springframework.boot.ac
tuate.endpoint.invoker.
cache.CachingOperationI
nvokerAdvisor; 
SearchStrategy: all) 
did not find any beans 
(OnBeanCondition)

   EndpointAutoConfigur
ation#endpointOperation
ParameterMapper 
matched:
      - @ConditionalOnM
issingBean (types: org.
springframework.boot.ac
tuate.endpoint.invoke.P
arameterValueMapper; 
SearchStrategy: all) 
did not find any beans 
(OnBeanCondition)

   EndpointAutoConfigur
ation#propertiesEndpoin
tAccessResolver 
matched:
      - @ConditionalOnM
issingBean (types: org.
springframework.boot.ac
tuate.endpoint.Endpoint
AccessResolver; 
SearchStrategy: all) 
did not find any beans 
(OnBeanCondition)

   ErrorMvcAutoConfigur
ation matched:
      - 
@ConditionalOnClass 
found required classes 
'jakarta.servlet.Servle
t', 'org.springframewor
k.web.servlet.Dispatche
rServlet' 
(OnClassCondition)
      - found 
'session' scope (OnWebA
pplicationCondition)

   ErrorMvcAutoConfigur
ation#basicErrorControl
ler matched:
      - @ConditionalOnM
issingBean (types: org.
springframework.boot.we
bmvc.error.ErrorControl
ler; SearchStrategy: 
current) did not find 
any beans 
(OnBeanCondition)

   ErrorMvcAutoConfigur
ation#errorAttributes 
matched:
      - @ConditionalOnM
issingBean (types: org.
springframework.boot.we
bmvc.error.ErrorAttribu
tes; SearchStrategy: 
current) did not find 
any beans 
(OnBeanCondition)

   ErrorMvcAutoConfigur
ation.DefaultErrorViewR
esolverConfiguration#co
nventionErrorViewResolv
er matched:
      - 
@ConditionalOnBean 
(types: org.springframe
work.web.servlet.Dispat
cherServlet; 
SearchStrategy: all) 
found bean 
'dispatcherServlet'; @C
onditionalOnMissingBean
 (types: org.springfram
ework.boot.webmvc.autoc
onfigure.error.ErrorVie
wResolver; 
SearchStrategy: all) 
did not find any beans 
(OnBeanCondition)

   ErrorMvcAutoConfigur
ation.WhitelabelErrorVi
ewConfiguration 
matched:
      - @ConditionalOnB
ooleanProperty (spring.
web.error.whitelabel.en
abled=true) matched 
(OnPropertyCondition)
      - ErrorTemplate 
Missing did not find 
error template view (Er
rorMvcAutoConfiguration
.ErrorTemplateMissingCo
ndition)

   ErrorMvcAutoConfigur
ation.WhitelabelErrorVi
ewConfiguration#beanNam
eViewResolver matched:
      - @ConditionalOnM
issingBean (types: org.
springframework.web.ser
vlet.view.BeanNameViewR
esolver; 
SearchStrategy: all) 
did not find any beans 
(OnBeanCondition)

   ErrorMvcAutoConfigur
ation.WhitelabelErrorVi
ewConfiguration#default
ErrorView matched:
      - @ConditionalOnM
issingBean (names: 
error; SearchStrategy: 
all) did not find any 
beans (OnBeanCondition)

   HealthContributorAut
oConfiguration#pingHeal
thContributor matched:
      - @ConditionalOnE
nabledHealthIndicator m
anagement.health.defaul
ts.enabled is 
considered true (OnEnab
ledHealthIndicatorCondi
tion)

   HealthContributorReg
istryAutoConfiguration#
healthContributorRegist
ry matched:
      - @ConditionalOnM
issingBean (types: org.
springframework.boot.he
alth.registry.HealthCon
tributorRegistry; 
SearchStrategy: all) 
did not find any beans 
(OnBeanCondition)

   HealthEndpointAutoCo
nfiguration matched:
      - 
@ConditionalOnClass 
found required class 'o
rg.springframework.boot
.actuate.endpoint.annot
ation.Endpoint' 
(OnClassCondition)
      - @ConditionalOnA
vailableEndpoint 
marked as exposed by a 
'management.endpoints.w
eb.exposure' property (
OnAvailableEndpointCond
ition)
      - 
@ConditionalOnBean 
(types: org.springframe
work.boot.health.regist
ry.HealthContributorReg
istry; SearchStrategy: 
all) found bean 'health
ContributorRegistry' 
(OnBeanCondition)

   HealthEndpointConfig
uration#healthEndpoint 
matched:
      - @ConditionalOnM
issingBean (types: org.
springframework.boot.he
alth.actuate.endpoint.H
ealthEndpoint; 
SearchStrategy: all) 
did not find any beans 
(OnBeanCondition)

   HealthEndpointConfig
uration#healthEndpointG
roupMembershipValidator
 matched:
      - @ConditionalOnB
ooleanProperty (managem
ent.endpoint.health.val
idate-group-membership=
true) matched 
(OnPropertyCondition)

   HealthEndpointConfig
uration#healthEndpointG
roups matched:
      - @ConditionalOnM
issingBean (types: org.
springframework.boot.he
alth.actuate.endpoint.H
ealthEndpointGroups; 
SearchStrategy: all) 
did not find any beans 
(OnBeanCondition)

   HealthEndpointConfig
uration#healthHttpCodeS
tatusMapper matched:
      - @ConditionalOnM
issingBean (types: org.
springframework.boot.he
alth.actuate.endpoint.H
ttpCodeStatusMapper; 
SearchStrategy: all) 
did not find any beans 
(OnBeanCondition)

   HealthEndpointConfig
uration#healthStatusAgg
regator matched:
      - @ConditionalOnM
issingBean (types: org.
springframework.boot.he
alth.actuate.endpoint.S
tatusAggregator; 
SearchStrategy: all) 
did not find any beans 
(OnBeanCondition)

   HealthEndpointWebExt
ensionConfiguration 
matched:
      - found 
'session' scope (OnWebA
pplicationCondition)
      - @ConditionalOnA
vailableEndpoint 
marked as exposed by a 
'management.endpoints.w
eb.exposure' property (
OnAvailableEndpointCond
ition)
      - 
@ConditionalOnBean 
(types: org.springframe
work.boot.health.actuat
e.endpoint.HealthEndpoi
nt; SearchStrategy: 
all) found bean 
'healthEndpoint' 
(OnBeanCondition)

   HealthEndpointWebExt
ensionConfiguration#hea
lthEndpointWebExtension
 matched:
      - @ConditionalOnM
issingBean (types: org.
springframework.boot.he
alth.actuate.endpoint.H
ealthEndpointWebExtensi
on; SearchStrategy: 
all) did not find any 
beans (OnBeanCondition)

   HibernateJpaAutoConf
iguration matched:
      - 
@ConditionalOnClass 
found required classes 
'org.springframework.or
m.jpa.LocalContainerEnt
ityManagerFactoryBean',
 'jakarta.persistence.E
ntityManager', 'org.hib
ernate.engine.spi.Sessi
onImplementor' 
(OnClassCondition)

   HibernateJpaConfigur
ation matched:
      - @ConditionalOnS
ingleCandidate (types: 
javax.sql.DataSource; 
SearchStrategy: all) 
found a single bean 
'dataSource' 
(OnBeanCondition)

   HttpEncodingAutoConf
iguration matched:
      - 
@ConditionalOnClass 
found required class 'o
rg.springframework.web.
filter.CharacterEncodin
gFilter' 
(OnClassCondition)
      - found 
'session' scope (OnWebA
pplicationCondition)
      - @ConditionalOnB
ooleanProperty (spring.
servlet.encoding.enable
d=true) matched 
(OnPropertyCondition)

   HttpEncodingAutoConf
iguration#characterEnco
dingFilter matched:
      - @ConditionalOnM
issingBean (types: org.
springframework.web.fil
ter.CharacterEncodingFi
lter; SearchStrategy: 
all) did not find any 
beans (OnBeanCondition)

   HttpMessageConverter
sAutoConfiguration 
matched:
      - 
@ConditionalOnClass 
found required class 'o
rg.springframework.http
.converter.HttpMessageC
onverter' 
(OnClassCondition)
      - 
NoneNestedConditions 0 
matched 1 did not; 
NestedCondition on Http
MessageConvertersAutoCo
nfiguration.NotReactive
WebApplicationCondition
.ReactiveWebApplication
 did not find reactive 
web application 
classes (HttpMessageCon
vertersAutoConfiguratio
n.NotReactiveWebApplica
tionCondition)

   HttpMessageConverter
sAutoConfiguration.Stri
ngHttpMessageConverterC
onfiguration#stringHttp
MessageConvertersCustom
izer matched:
      - @ConditionalOnM
issingBean (types: org.
springframework.http.co
nverter.StringHttpMessa
geConverter; 
SearchStrategy: all) 
did not find any beans 
(OnBeanCondition)

   JacksonAutoConfigura
tion matched:
      - 
@ConditionalOnClass 
found required class 't
ools.jackson.databind.j
son.JsonMapper' 
(OnClassCondition)

   JacksonAutoConfigura
tion#jacksonJsonMapper 
matched:
      - @ConditionalOnM
issingBean (types: tool
s.jackson.databind.json
.JsonMapper; 
SearchStrategy: all) 
did not find any beans 
(OnBeanCondition)

   JacksonAutoConfigura
tion#jsonMapperBuilder 
matched:
      - @ConditionalOnM
issingBean (types: tool
s.jackson.databind.json
.JsonMapper$Builder; 
SearchStrategy: all) 
did not find any beans 
(OnBeanCondition)

   JacksonAutoConfigura
tion.JsonProblemDetails
Configuration matched:
      - 
@ConditionalOnClass 
found required class 'o
rg.springframework.http
.ProblemDetail' 
(OnClassCondition)

   JacksonEndpointAutoC
onfiguration matched:
      - 
@ConditionalOnClass 
found required class 't
ools.jackson.databind.j
son.JsonMapper' 
(OnClassCondition)

   JacksonEndpointAutoC
onfiguration#endpointJs
onMapper matched:
      - @ConditionalOnB
ooleanProperty (managem
ent.endpoints.jackson.i
solated-json-mapper=tru
e) matched 
(OnPropertyCondition)

   JacksonHttpMessageCo
nvertersConfiguration.J
acksonJsonHttpMessageCo
nverterConfiguration 
matched:
      - 
@ConditionalOnClass 
found required class 't
ools.jackson.databind.j
son.JsonMapper' 
(OnClassCondition)
      - 
@ConditionalOnProperty 
(spring.http.converters
.preferred-json-mapper=
jackson) matched 
(OnPropertyCondition)
      - 
@ConditionalOnBean 
(types: tools.jackson.d
atabind.json.JsonMapper
; SearchStrategy: all) 
found bean 
'jacksonJsonMapper' 
(OnBeanCondition)

   JacksonHttpMessageCo
nvertersConfiguration.J
acksonJsonHttpMessageCo
nverterConfiguration#ja
cksonJsonHttpMessageCon
vertersCustomizer 
matched:
      - @ConditionalOnM
issingBean (types: org.
springframework.http.co
nverter.json.JacksonJso
nHttpMessageConverter 
ignored: ?; 
SearchStrategy: all) 
did not find any beans 
(OnBeanCondition)

   JdbcClientAutoConfig
uration matched:
      - @ConditionalOnS
ingleCandidate (types: 
org.springframework.jdb
c.core.namedparam.Named
ParameterJdbcTemplate; 
SearchStrategy: all) 
found a single bean 'na
medParameterJdbcTemplat
e'; @ConditionalOnMissi
ngBean (types: org.spri
ngframework.jdbc.core.s
imple.JdbcClient; 
SearchStrategy: all) 
did not find any beans 
(OnBeanCondition)

   JdbcTemplateAutoConf
iguration matched:
      - 
@ConditionalOnClass 
found required classes 
'javax.sql.DataSource',
 'org.springframework.j
dbc.core.JdbcTemplate' 
(OnClassCondition)
      - @ConditionalOnS
ingleCandidate (types: 
javax.sql.DataSource; 
SearchStrategy: all) 
found a single bean 
'dataSource' 
(OnBeanCondition)

   JdbcTemplateConfigur
ation matched:
      - @ConditionalOnM
issingBean (types: org.
springframework.jdbc.co
re.JdbcOperations; 
SearchStrategy: all) 
did not find any beans 
(OnBeanCondition)

   JpaBaseConfiguration
#entityManagerFactory 
matched:
      - @ConditionalOnM
issingBean (types: org.
springframework.orm.jpa
.LocalContainerEntityMa
nagerFactoryBean,jakart
a.persistence.EntityMan
agerFactory; 
SearchStrategy: all) 
did not find any beans 
(OnBeanCondition)

   JpaBaseConfiguration
#entityManagerFactoryBu
ilder matched:
      - @ConditionalOnM
issingBean (types: org.
springframework.boot.jp
a.EntityManagerFactoryB
uilder; 
SearchStrategy: all) 
did not find any beans 
(OnBeanCondition)

   JpaBaseConfiguration
#jpaVendorAdapter 
matched:
      - @ConditionalOnM
issingBean (types: org.
springframework.orm.jpa
.JpaVendorAdapter; 
SearchStrategy: all) 
did not find any beans 
(OnBeanCondition)

   JpaBaseConfiguration
#transactionManager 
matched:
      - @ConditionalOnM
issingBean (types: org.
springframework.transac
tion.TransactionManager
; SearchStrategy: all) 
did not find any beans 
(OnBeanCondition)

   JpaBaseConfiguration
.JpaWebConfiguration 
matched:
      - 
@ConditionalOnClass 
found required class 'o
rg.springframework.web.
servlet.config.annotati
on.WebMvcConfigurer' 
(OnClassCondition)
      - found 
'session' scope (OnWebA
pplicationCondition)
      - @ConditionalOnB
ooleanProperty (spring.
jpa.open-in-view=true) 
matched 
(OnPropertyCondition)
      - @ConditionalOnM
issingBean (types: org.
springframework.orm.jpa
.support.OpenEntityMana
gerInViewInterceptor,or
g.springframework.orm.j
pa.support.OpenEntityMa
nagerInViewFilter; 
SearchStrategy: all) 
did not find any beans 
(OnBeanCondition)

   JpaBaseConfiguration
.PersistenceManagedType
sConfiguration matched:
      - @ConditionalOnM
issingBean (types: org.
springframework.orm.jpa
.LocalContainerEntityMa
nagerFactoryBean,jakart
a.persistence.EntityMan
agerFactory; 
SearchStrategy: all) 
did not find any beans 
(OnBeanCondition)

   JpaBaseConfiguration
.PersistenceManagedType
sConfiguration#persiste
nceManagedTypes 
matched:
      - @ConditionalOnM
issingBean (types: org.
springframework.orm.jpa
.persistenceunit.Persis
tenceManagedTypes; 
SearchStrategy: all) 
did not find any beans 
(OnBeanCondition)

   
JtaAutoConfiguration 
matched:
      - 
@ConditionalOnClass 
found required class 'j
akarta.transaction.Tran
saction' 
(OnClassCondition)
      - @ConditionalOnB
ooleanProperty (spring.
jta.enabled=true) 
matched 
(OnPropertyCondition)

   JvmMetricsAutoConfig
uration matched:
      - 
@ConditionalOnClass 
found required class 'i
o.micrometer.core.instr
ument.MeterRegistry' 
(OnClassCondition)
      - 
@ConditionalOnBean 
(types: io.micrometer.c
ore.instrument.MeterReg
istry; SearchStrategy: 
all) found bean 
'simpleMeterRegistry' 
(OnBeanCondition)

   JvmMetricsAutoConfig
uration#classLoaderMetr
ics matched:
      - @ConditionalOnM
issingBean (types: io.m
icrometer.core.instrume
nt.binder.jvm.ClassLoad
erMetrics; 
SearchStrategy: all) 
did not find any beans 
(OnBeanCondition)

   JvmMetricsAutoConfig
uration#jvmCompilationM
etrics matched:
      - @ConditionalOnM
issingBean (types: io.m
icrometer.core.instrume
nt.binder.jvm.JvmCompil
ationMetrics; 
SearchStrategy: all) 
did not find any beans 
(OnBeanCondition)

   JvmMetricsAutoConfig
uration#jvmGcMetrics 
matched:
      - @ConditionalOnM
issingBean (types: io.m
icrometer.core.instrume
nt.binder.jvm.JvmGcMetr
ics; SearchStrategy: 
all) did not find any 
beans (OnBeanCondition)

   JvmMetricsAutoConfig
uration#jvmHeapPressure
Metrics matched:
      - @ConditionalOnM
issingBean (types: io.m
icrometer.core.instrume
nt.binder.jvm.JvmHeapPr
essureMetrics; 
SearchStrategy: all) 
did not find any beans 
(OnBeanCondition)

   JvmMetricsAutoConfig
uration#jvmInfoMetrics 
matched:
      - @ConditionalOnM
issingBean (types: io.m
icrometer.core.instrume
nt.binder.jvm.JvmInfoMe
trics; SearchStrategy: 
all) did not find any 
beans (OnBeanCondition)

   JvmMetricsAutoConfig
uration#jvmMemoryMetric
s matched:
      - @ConditionalOnM
issingBean (types: io.m
icrometer.core.instrume
nt.binder.jvm.JvmMemory
Metrics; 
SearchStrategy: all) 
did not find any beans 
(OnBeanCondition)

   JvmMetricsAutoConfig
uration#jvmThreadMetric
s matched:
      - @ConditionalOnM
issingBean (types: io.m
icrometer.core.instrume
nt.binder.jvm.JvmThread
Metrics; 
SearchStrategy: all) 
did not find any beans 
(OnBeanCondition)

   LifecycleAutoConfigu
ration#defaultLifecycle
Processor matched:
      - @ConditionalOnM
issingBean (names: 
lifecycleProcessor; 
SearchStrategy: 
current) did not find 
any beans 
(OnBeanCondition)

   LogbackMetricsAutoCo
nfiguration matched:
      - 
@ConditionalOnClass 
found required classes 
'io.micrometer.core.ins
trument.MeterRegistry',
 'ch.qos.logback.classi
c.LoggerContext', 'org.
slf4j.LoggerFactory' 
(OnClassCondition)
      - LogbackLoggingC
ondition 
ILoggerFactory is a 
Logback LoggerContext (
LogbackMetricsAutoConfi
guration.LogbackLogging
Condition)
      - 
@ConditionalOnBean 
(types: io.micrometer.c
ore.instrument.MeterReg
istry; SearchStrategy: 
all) found bean 
'simpleMeterRegistry' 
(OnBeanCondition)

   LogbackMetricsAutoCo
nfiguration#logbackMetr
ics matched:
      - @ConditionalOnM
issingBean (types: io.m
icrometer.core.instrume
nt.binder.logging.Logba
ckMetrics; 
SearchStrategy: all) 
did not find any beans 
(OnBeanCondition)

   ManagementContextAut
oConfiguration.SameMana
gementContextConfigurat
ion matched:
      - Management 
Port actual port type 
(SAME) matched 
required type (OnManage
mentPortCondition)

   MetricsAutoConfigura
tion matched:
      - 
@ConditionalOnClass 
found required class 'i
o.micrometer.core.annot
ation.Timed' 
(OnClassCondition)

   MetricsAutoConfigura
tion#micrometerClock 
matched:
      - @ConditionalOnM
issingBean (types: io.m
icrometer.core.instrume
nt.Clock; 
SearchStrategy: all) 
did not find any beans 
(OnBeanCondition)

   MultipartAutoConfigu
ration matched:
      - 
@ConditionalOnClass 
found required classes 
'jakarta.servlet.Servle
t', 'org.springframewor
k.web.multipart.support
.StandardServletMultipa
rtResolver', 'jakarta.s
ervlet.MultipartConfigE
lement' 
(OnClassCondition)
      - found 
'session' scope (OnWebA
pplicationCondition)
      - @ConditionalOnB
ooleanProperty (spring.
servlet.multipart.enabl
ed=true) matched 
(OnPropertyCondition)

   MultipartAutoConfigu
ration#multipartConfigE
lement matched:
      - @ConditionalOnM
issingBean (types: jaka
rta.servlet.MultipartCo
nfigElement; 
SearchStrategy: all) 
did not find any beans 
(OnBeanCondition)

   MultipartAutoConfigu
ration#multipartResolve
r matched:
      - @ConditionalOnM
issingBean (types: org.
springframework.web.mul
tipart.MultipartResolve
r; SearchStrategy: 
all) did not find any 
beans (OnBeanCondition)

   NamedParameterJdbcTe
mplateConfiguration 
matched:
      - @ConditionalOnS
ingleCandidate (types: 
org.springframework.jdb
c.core.JdbcTemplate; 
SearchStrategy: all) 
found a single bean 
'jdbcTemplate'; @Condit
ionalOnMissingBean 
(types: org.springframe
work.jdbc.core.namedpar
am.NamedParameterJdbcOp
erations; 
SearchStrategy: all) 
did not find any beans 
(OnBeanCondition)

   OAuth2ResourceServer
AutoConfiguration 
matched:
      - 
@ConditionalOnClass 
found required class 'o
rg.springframework.secu
rity.oauth2.server.reso
urce.authentication.Bea
rerTokenAuthenticationT
oken' 
(OnClassCondition)
      - found 
'session' scope (OnWebA
pplicationCondition)

   OAuth2ResourceServer
OpaqueTokenConfiguratio
n.OpaqueTokenIntrospect
ionClientConfiguration 
matched:
      - @ConditionalOnM
issingBean (types: org.
springframework.securit
y.oauth2.server.resourc
e.introspection.OpaqueT
okenIntrospector; 
SearchStrategy: all) 
did not find any beans 
(OnBeanCondition)

   Oauth2ResourceServer
Configuration.JwtConfig
uration matched:
      - 
@ConditionalOnClass 
found required class 'o
rg.springframework.secu
rity.oauth2.jwt.JwtDeco
der' (OnClassCondition)

   ObservationAutoConfi
guration matched:
      - 
@ConditionalOnClass 
found required class 'i
o.micrometer.observatio
n.ObservationRegistry' 
(OnClassCondition)

   ObservationAutoConfi
guration#observationReg
istry matched:
      - @ConditionalOnM
issingBean (types: io.m
icrometer.observation.O
bservationRegistry; 
SearchStrategy: all) 
did not find any beans 
(OnBeanCondition)

   ObservationAutoConfi
guration#spelValueExpre
ssionResolver matched:
      - @ConditionalOnM
issingBean (types: io.m
icrometer.common.annota
tion.ValueExpressionRes
olver; SearchStrategy: 
all) did not find any 
beans (OnBeanCondition)

   PersistenceException
TranslationAutoConfigur
ation matched:
      - 
@ConditionalOnClass 
found required class 'o
rg.springframework.dao.
annotation.PersistenceE
xceptionTranslationPost
Processor' 
(OnClassCondition)

   PersistenceException
TranslationAutoConfigur
ation#persistenceExcept
ionTranslationPostProce
ssor matched:
      - @ConditionalOnB
ooleanProperty (spring.
persistence.exceptiontr
anslation.enabled=true)
 matched 
(OnPropertyCondition)
      - @ConditionalOnM
issingBean (types: org.
springframework.dao.ann
otation.PersistenceExce
ptionTranslationPostPro
cessor; 
SearchStrategy: all) 
did not find any beans 
(OnBeanCondition)

   PropertyPlaceholderA
utoConfiguration#proper
tySourcesPlaceholderCon
figurer matched:
      - @ConditionalOnM
issingBean (types: org.
springframework.context
.support.PropertySource
sPlaceholderConfigurer;
 SearchStrategy: 
current) did not find 
any beans 
(OnBeanCondition)

   ScheduledTasksObserv
ationAutoConfiguration 
matched:
      - 
@ConditionalOnClass 
found required class 'o
rg.springframework.sche
duling.concurrent.Threa
dPoolTaskScheduler' 
(OnClassCondition)
      - 
@ConditionalOnBean 
(types: io.micrometer.o
bservation.ObservationR
egistry; 
SearchStrategy: all) 
found bean 
'observationRegistry' 
(OnBeanCondition)

   SecurityAutoConfigur
ation matched:
      - 
@ConditionalOnClass 
found required class 'o
rg.springframework.secu
rity.authentication.Def
aultAuthenticationEvent
Publisher' 
(OnClassCondition)

   SecurityAutoConfigur
ation#authenticationEve
ntPublisher matched:
      - @ConditionalOnM
issingBean (types: org.
springframework.securit
y.authentication.Authen
ticationEventPublisher;
 SearchStrategy: all) 
did not find any beans 
(OnBeanCondition)

   SecurityFilterAutoCo
nfiguration matched:
      - 
@ConditionalOnClass 
found required classes 
'org.springframework.se
curity.web.context.Abst
ractSecurityWebApplicat
ionInitializer', 'org.s
pringframework.security
.config.http.SessionCre
ationPolicy' 
(OnClassCondition)
      - found 
'session' scope (OnWebA
pplicationCondition)

   SecurityFilterAutoCo
nfiguration#securityFil
terChainRegistration 
matched:
      - 
@ConditionalOnBean 
(names: springSecurityF
ilterChain; 
SearchStrategy: all) 
found bean 'springSecur
ityFilterChain' 
(OnBeanCondition)

   SecurityRequestMatch
ersManagementContextCon
figuration matched:
      - 
@ConditionalOnClass 
found required class 'o
rg.springframework.secu
rity.web.util.matcher.R
equestMatcher' 
(OnClassCondition)
      - found 
'session' scope (OnWebA
pplicationCondition)

   SecurityRequestMatch
ersManagementContextCon
figuration.MvcRequestMa
tcherConfiguration 
matched:
      - 
@ConditionalOnClass 
found required class 'o
rg.springframework.web.
servlet.DispatcherServl
et' (OnClassCondition)
      - 
@ConditionalOnBean 
(types: org.springframe
work.boot.webmvc.autoco
nfigure.DispatcherServl
etPath; 
SearchStrategy: all) 
found bean 'dispatcherS
ervletRegistration' 
(OnBeanCondition)

   SecurityRequestMatch
ersManagementContextCon
figuration.MvcRequestMa
tcherConfiguration#requ
estMatcherProvider 
matched:
      - @ConditionalOnM
issingBean (types: org.
springframework.boot.se
curity.autoconfigure.ac
tuate.web.servlet.Reque
stMatcherProvider; 
SearchStrategy: all) 
did not find any beans 
(OnBeanCondition)

   ServletEndpointManag
ementContextConfigurati
on matched:
      - found 
'session' scope (OnWebA
pplicationCondition)

   ServletManagementCon
textAutoConfiguration 
matched:
      - 
@ConditionalOnClass 
found required classes 
'jakarta.servlet.Servle
t', 'org.springframewor
k.boot.actuate.autoconf
igure.endpoint.web.WebE
ndpointProperties' 
(OnClassCondition)
      - found 
'session' scope (OnWebA
pplicationCondition)

   ServletWebSecurityAu
toConfiguration 
matched:
      - 
@ConditionalOnClass 
found required class 'o
rg.springframework.secu
rity.config.annotation.
web.configuration.Enabl
eWebSecurity' 
(OnClassCondition)
      - found 
'session' scope (OnWebA
pplicationCondition)

   ServletWebSecurityAu
toConfiguration.EnableW
ebSecurityConfiguration
 matched:
      - 
@ConditionalOnClass 
found required class 'o
rg.springframework.secu
rity.config.annotation.
web.configuration.Enabl
eWebSecurity' 
(OnClassCondition)
      - @ConditionalOnM
issingBean (names: spri
ngSecurityFilterChain; 
SearchStrategy: all) 
did not find any beans 
(OnBeanCondition)

   ServletWebSecurityAu
toConfiguration.PathPat
ternRequestMatcherBuild
erConfiguration 
matched:
      - 
@ConditionalOnClass 
found required class 'o
rg.springframework.boot
.webmvc.autoconfigure.D
ispatcherServletPath' 
(OnClassCondition)
      - 
@ConditionalOnBean 
(types: org.springframe
work.boot.webmvc.autoco
nfigure.DispatcherServl
etPath; 
SearchStrategy: all) 
found bean 'dispatcherS
ervletRegistration' 
(OnBeanCondition)

   ServletWebSecurityAu
toConfiguration.PathPat
ternRequestMatcherBuild
erConfiguration#pathPat
ternRequestMatcherBuild
er matched:
      - @ConditionalOnM
issingBean (types: org.
springframework.securit
y.web.servlet.util.matc
her.PathPatternRequestM
atcher$Builder; 
SearchStrategy: all) 
did not find any beans 
(OnBeanCondition)

   SimpleMetricsExportA
utoConfiguration 
matched:
      - @ConditionalOnE
nabledMetricsExport man
agement.defaults.metric
s.export.enabled is 
considered true (OnMetr
icsExportEnabledConditi
on)
      - 
@ConditionalOnBean 
(types: io.micrometer.c
ore.instrument.Clock; 
SearchStrategy: all) 
found bean 
'micrometerClock'; @Con
ditionalOnMissingBean 
(types: io.micrometer.c
ore.instrument.MeterReg
istry; SearchStrategy: 
all) did not find any 
beans (OnBeanCondition)

   SimpleMetricsExportA
utoConfiguration#simple
Config matched:
      - @ConditionalOnM
issingBean (types: io.m
icrometer.core.instrume
nt.simple.SimpleConfig;
 SearchStrategy: all) 
did not find any beans 
(OnBeanCondition)

   SslAutoConfiguration
#sslBundleRegistry 
matched:
      - @ConditionalOnM
issingBean (types: org.
springframework.boot.ss
l.SslBundleRegistry,org
.springframework.boot.s
sl.SslBundles; 
SearchStrategy: all) 
did not find any beans 
(OnBeanCondition)

   SslHealthContributor
AutoConfiguration 
matched:
      - 
@ConditionalOnClass 
found required class 'o
rg.springframework.boot
.health.contributor.Hea
lth' (OnClassCondition)
      - @ConditionalOnE
nabledHealthIndicator m
anagement.health.defaul
ts.enabled is 
considered true (OnEnab
ledHealthIndicatorCondi
tion)

   SslHealthContributor
AutoConfiguration#sslHe
althIndicator matched:
      - @ConditionalOnM
issingBean (names: 
sslHealthIndicator; 
SearchStrategy: all) 
did not find any beans 
(OnBeanCondition)

   SslHealthContributor
AutoConfiguration#sslIn
fo matched:
      - @ConditionalOnM
issingBean (types: org.
springframework.boot.in
fo.SslInfo; 
SearchStrategy: all) 
did not find any beans 
(OnBeanCondition)

   StartupTimeMetricsLi
stenerAutoConfiguration
 matched:
      - 
@ConditionalOnClass 
found required class 'i
o.micrometer.core.instr
ument.MeterRegistry' 
(OnClassCondition)
      - 
@ConditionalOnBean 
(types: io.micrometer.c
ore.instrument.MeterReg
istry; SearchStrategy: 
all) found bean 
'simpleMeterRegistry' 
(OnBeanCondition)

   StartupTimeMetricsLi
stenerAutoConfiguration
#startupTimeMetrics 
matched:
      - @ConditionalOnM
issingBean (types: org.
springframework.boot.mi
crometer.metrics.startu
p.StartupTimeMetricsLis
tener; SearchStrategy: 
all) did not find any 
beans (OnBeanCondition)

   SystemMetricsAutoCon
figuration matched:
      - 
@ConditionalOnClass 
found required class 'i
o.micrometer.core.instr
ument.MeterRegistry' 
(OnClassCondition)
      - 
@ConditionalOnBean 
(types: io.micrometer.c
ore.instrument.MeterReg
istry; SearchStrategy: 
all) found bean 
'simpleMeterRegistry' 
(OnBeanCondition)

   SystemMetricsAutoCon
figuration#diskSpaceMet
rics matched:
      - @ConditionalOnM
issingBean (types: org.
springframework.boot.mi
crometer.metrics.system
.DiskSpaceMetricsBinder
; SearchStrategy: all) 
did not find any beans 
(OnBeanCondition)

   SystemMetricsAutoCon
figuration#fileDescript
orMetrics matched:
      - @ConditionalOnM
issingBean (types: io.m
icrometer.core.instrume
nt.binder.system.FileDe
scriptorMetrics; 
SearchStrategy: all) 
did not find any beans 
(OnBeanCondition)

   SystemMetricsAutoCon
figuration#processorMet
rics matched:
      - @ConditionalOnM
issingBean (types: io.m
icrometer.core.instrume
nt.binder.system.Proces
sorMetrics; 
SearchStrategy: all) 
did not find any beans 
(OnBeanCondition)

   SystemMetricsAutoCon
figuration#uptimeMetric
s matched:
      - @ConditionalOnM
issingBean (types: io.m
icrometer.core.instrume
nt.binder.system.Uptime
Metrics; 
SearchStrategy: all) 
did not find any beans 
(OnBeanCondition)

   TaskExecutionAutoCon
figuration matched:
      - 
@ConditionalOnClass 
found required class 'o
rg.springframework.sche
duling.concurrent.Threa
dPoolTaskExecutor' 
(OnClassCondition)

   TaskExecutorConfigur
ations.SimpleAsyncTaskE
xecutorBuilderConfigura
tion#simpleAsyncTaskExe
cutorBuilder matched:
      - @ConditionalOnM
issingBean (types: org.
springframework.boot.ta
sk.SimpleAsyncTaskExecu
torBuilder; 
SearchStrategy: all) 
did not find any beans 
(OnBeanCondition)
      - @ConditionalOnT
hreading found 
PLATFORM 
(OnThreadingCondition)

   TaskExecutorConfigur
ations.ThreadPoolTaskEx
ecutorBuilderConfigurat
ion#threadPoolTaskExecu
torBuilder matched:
      - @ConditionalOnM
issingBean (types: org.
springframework.boot.ta
sk.ThreadPoolTaskExecut
orBuilder; 
SearchStrategy: all) 
did not find any beans 
(OnBeanCondition)

   TaskExecutorMetricsA
utoConfiguration 
matched:
      - 
@ConditionalOnClass 
found required class 'i
o.micrometer.core.instr
ument.binder.jvm.Execut
orServiceMetrics' 
(OnClassCondition)
      - 
@ConditionalOnBean 
(types: java.util.concu
rrent.Executor,io.micro
meter.core.instrument.M
eterRegistry; 
SearchStrategy: all) 
found beans 'clientOutb
oundChannelExecutor', '
clientInboundChannelExe
cutor', 
'simpleMeterRegistry', 
'brokerChannelExecutor'
 (OnBeanCondition)

   TaskSchedulingAutoCo
nfiguration matched:
      - 
@ConditionalOnClass 
found required class 'o
rg.springframework.sche
duling.concurrent.Threa
dPoolTaskScheduler' 
(OnClassCondition)

   TaskSchedulingConfig
urations.SimpleAsyncTas
kSchedulerBuilderConfig
uration#simpleAsyncTask
SchedulerBuilder 
matched:
      - @ConditionalOnM
issingBean (types: org.
springframework.boot.ta
sk.SimpleAsyncTaskSched
ulerBuilder; 
SearchStrategy: all) 
did not find any beans 
(OnBeanCondition)
      - @ConditionalOnT
hreading found 
PLATFORM 
(OnThreadingCondition)

   TaskSchedulingConfig
urations.ThreadPoolTask
SchedulerBuilderConfigu
ration#threadPoolTaskSc
hedulerBuilder matched:
      - @ConditionalOnM
issingBean (types: org.
springframework.boot.ta
sk.ThreadPoolTaskSchedu
lerBuilder; 
SearchStrategy: all) 
did not find any beans 
(OnBeanCondition)

   TemplateEngineConfig
urations.DefaultTemplat
eEngineConfiguration#te
mplateEngine matched:
      - @ConditionalOnM
issingBean (types: org.
thymeleaf.spring6.ISpri
ngTemplateEngine; 
SearchStrategy: all) 
did not find any beans 
(OnBeanCondition)

   ThymeleafAutoConfigu
ration matched:
      - 
@ConditionalOnClass 
found required classes 
'org.thymeleaf.template
mode.TemplateMode', 'or
g.thymeleaf.spring6.Spr
ingTemplateEngine' 
(OnClassCondition)

   ThymeleafAutoConfigu
ration.DefaultTemplateR
esolverConfiguration 
matched:
      - @ConditionalOnM
issingBean (names: defa
ultTemplateResolver; 
SearchStrategy: all) 
did not find any beans 
(OnBeanCondition)

   ThymeleafAutoConfigu
ration.ThymeleafSecurit
yDialectConfiguration 
matched:
      - 
@ConditionalOnClass 
found required classes 
'org.thymeleaf.extras.s
pringsecurity6.dialect.
SpringSecurityDialect',
 'org.springframework.s
ecurity.web.server.csrf
.CsrfToken' 
(OnClassCondition)

   ThymeleafAutoConfigu
ration.ThymeleafSecurit
yDialectConfiguration#s
ecurityDialect matched:
      - @ConditionalOnM
issingBean (types: org.
thymeleaf.extras.spring
security6.dialect.Sprin
gSecurityDialect; 
SearchStrategy: all) 
did not find any beans 
(OnBeanCondition)

   ThymeleafAutoConfigu
ration.ThymeleafWebMvcC
onfiguration matched:
      - found 
'session' scope (OnWebA
pplicationCondition)

   ThymeleafAutoConfigu
ration.ThymeleafWebMvcC
onfiguration.ThymeleafV
iewResolverConfiguratio
n matched:
      - 
@ConditionalOnClass 
found required class 'o
rg.springframework.web.
servlet.view.AbstractCa
chingViewResolver' 
(OnClassCondition)

   ThymeleafAutoConfigu
ration.ThymeleafWebMvcC
onfiguration.ThymeleafV
iewResolverConfiguratio
n#thymeleafViewResolver
 matched:
      - @ConditionalOnM
issingBean (names: 
thymeleafViewResolver; 
SearchStrategy: all) 
did not find any beans 
(OnBeanCondition)

   TomcatMetricsAutoCon
figuration matched:
      - 
@ConditionalOnClass 
found required classes 
'io.micrometer.core.ins
trument.binder.tomcat.T
omcatMetrics', 'org.apa
che.catalina.Manager', 
'io.micrometer.core.ins
trument.MeterRegistry' 
(OnClassCondition)
      - @ConditionalOnW
ebApplication 
(required) found 
'session' scope (OnWebA
pplicationCondition)

   TomcatMetricsAutoCon
figuration#tomcatMetric
sBinder matched:
      - 
@ConditionalOnBean 
(types: io.micrometer.c
ore.instrument.MeterReg
istry; SearchStrategy: 
all) found bean 
'simpleMeterRegistry'; 
@ConditionalOnMissingBe
an (types: io.micromete
r.core.instrument.binde
r.tomcat.TomcatMetrics,
org.springframework.boo
t.tomcat.metrics.Tomcat
MetricsBinder; 
SearchStrategy: all) 
did not find any beans 
(OnBeanCondition)

   TomcatServletWebServ
erAutoConfiguration 
matched:
      - 
@ConditionalOnClass 
found required classes 
'jakarta.servlet.Servle
tRequest', 'org.apache.
catalina.startup.Tomcat
', 'org.apache.coyote.U
pgradeProtocol', 'org.s
pringframework.boot.tom
cat.servlet.TomcatServl
etWebServerFactory' 
(OnClassCondition)
      - found 
'session' scope (OnWebA
pplicationCondition)

   TomcatServletWebServ
erAutoConfiguration#tom
catServletWebServerFact
ory matched:
      - @ConditionalOnM
issingBean (types: org.
springframework.boot.we
b.server.servlet.Servle
tWebServerFactory; 
SearchStrategy: 
current) did not find 
any beans 
(OnBeanCondition)

   TransactionAutoConfi
guration matched:
      - 
@ConditionalOnClass 
found required class 'o
rg.springframework.tran
saction.PlatformTransac
tionManager' 
(OnClassCondition)

   TransactionAutoConfi
guration.EnableTransact
ionManagementConfigurat
ion matched:
      - 
@ConditionalOnBean 
(types: org.springframe
work.transaction.Transa
ctionManager; 
SearchStrategy: all) 
found bean 
'transactionManager'; @
ConditionalOnMissingBea
n (types: org.springfra
mework.transaction.anno
tation.AbstractTransact
ionManagementConfigurat
ion; SearchStrategy: 
all) did not find any 
beans (OnBeanCondition)

   TransactionAutoConfi
guration.EnableTransact
ionManagementConfigurat
ion.CglibAutoProxyConfi
guration matched:
      - @ConditionalOnB
ooleanProperty (spring.
aop.proxy-target-class=
true) matched 
(OnPropertyCondition)

   TransactionAutoConfi
guration.TransactionTem
plateConfiguration 
matched:
      - @ConditionalOnS
ingleCandidate (types: 
org.springframework.tra
nsaction.PlatformTransa
ctionManager; 
SearchStrategy: all) 
found a single bean 
'transactionManager' 
(OnBeanCondition)

   TransactionAutoConfi
guration.TransactionTem
plateConfiguration#tran
sactionTemplate 
matched:
      - @ConditionalOnM
issingBean (types: org.
springframework.transac
tion.support.Transactio
nOperations; 
SearchStrategy: all) 
did not find any beans 
(OnBeanCondition)

   TransactionManagerCu
stomizationAutoConfigur
ation matched:
      - 
@ConditionalOnClass 
found required class 'o
rg.springframework.tran
saction.PlatformTransac
tionManager' 
(OnClassCondition)

   TransactionManagerCu
stomizationAutoConfigur
ation#platformTransacti
onManagerCustomizers 
matched:
      - @ConditionalOnM
issingBean (types: org.
springframework.boot.tr
ansaction.autoconfigure
.TransactionManagerCust
omizers; 
SearchStrategy: all) 
did not find any beans 
(OnBeanCondition)

   ValidationAutoConfig
uration matched:
      - 
@ConditionalOnClass 
found required class 'j
akarta.validation.execu
table.ExecutableValidat
or' (OnClassCondition)
      - 
@ConditionalOnResource 
found location classpat
h:META-INF/services/jak
arta.validation.spi.Val
idationProvider 
(OnResourceCondition)

   ValidationAutoConfig
uration#defaultValidato
r matched:
      - @ConditionalOnM
issingBean (types: jaka
rta.validation.Validato
r; SearchStrategy: 
all) did not find any 
beans (OnBeanCondition)

   ValidationAutoConfig
uration#methodValidatio
nPostProcessor matched:
      - @ConditionalOnM
issingBean (types: org.
springframework.validat
ion.beanvalidation.Meth
odValidationPostProcess
or; SearchStrategy: 
current) did not find 
any beans 
(OnBeanCondition)

   WebEndpointAutoConfi
guration matched:
      - @ConditionalOnW
ebApplication 
(required) found 
'session' scope (OnWebA
pplicationCondition)

   WebEndpointAutoConfi
guration#controllerEndp
ointDiscoverer matched:
      - @ConditionalOnM
issingBean (types: org.
springframework.boot.ac
tuate.endpoint.web.anno
tation.ControllerEndpoi
ntsSupplier; 
SearchStrategy: all) 
did not find any beans 
(OnBeanCondition)

   WebEndpointAutoConfi
guration#endpointMediaT
ypes matched:
      - @ConditionalOnM
issingBean (types: org.
springframework.boot.ac
tuate.endpoint.web.Endp
ointMediaTypes; 
SearchStrategy: all) 
did not find any beans 
(OnBeanCondition)

   WebEndpointAutoConfi
guration#pathMappedEndp
oints matched:
      - @ConditionalOnM
issingBean (types: org.
springframework.boot.ac
tuate.endpoint.web.Path
MappedEndpoints; 
SearchStrategy: all) 
did not find any beans 
(OnBeanCondition)

   WebEndpointAutoConfi
guration#webEndpointDis
coverer matched:
      - @ConditionalOnM
issingBean (types: org.
springframework.boot.ac
tuate.endpoint.web.WebE
ndpointsSupplier; 
SearchStrategy: all) 
did not find any beans 
(OnBeanCondition)

   WebEndpointAutoConfi
guration.WebEndpointSer
vletConfiguration 
matched:
      - found 
'session' scope (OnWebA
pplicationCondition)

   WebEndpointAutoConfi
guration.WebEndpointSer
vletConfiguration#servl
etEndpointDiscoverer 
matched:
      - @ConditionalOnM
issingBean (types: org.
springframework.boot.ac
tuate.endpoint.web.anno
tation.ServletEndpoints
Supplier; 
SearchStrategy: all) 
did not find any beans 
(OnBeanCondition)

   WebMvcAutoConfigurat
ion matched:
      - 
@ConditionalOnClass 
found required classes 
'jakarta.servlet.Servle
t', 'org.springframewor
k.web.servlet.Dispatche
rServlet', 'org.springf
ramework.web.servlet.co
nfig.annotation.WebMvcC
onfigurer' 
(OnClassCondition)
      - found 
'session' scope (OnWebA
pplicationCondition)
      - @ConditionalOnM
issingBean (types: org.
springframework.web.ser
vlet.config.annotation.
WebMvcConfigurationSupp
ort; SearchStrategy: 
all) did not find any 
beans (OnBeanCondition)

   WebMvcAutoConfigurat
ion#formContentFilter 
matched:
      - @ConditionalOnB
ooleanProperty (spring.
mvc.formcontent.filter.
enabled=true) matched 
(OnPropertyCondition)
      - @ConditionalOnM
issingBean (types: org.
springframework.web.fil
ter.FormContentFilter; 
SearchStrategy: all) 
did not find any beans 
(OnBeanCondition)

   WebMvcAutoConfigurat
ion.EnableWebMvcConfigu
ration#flashMapManager 
matched:
      - @ConditionalOnM
issingBean (names: 
flashMapManager; 
SearchStrategy: all) 
did not find any beans 
(OnBeanCondition)

   WebMvcAutoConfigurat
ion.EnableWebMvcConfigu
ration#localeResolver 
matched:
      - @ConditionalOnM
issingBean (names: 
localeResolver; 
SearchStrategy: all) 
did not find any beans 
(OnBeanCondition)

   WebMvcAutoConfigurat
ion.EnableWebMvcConfigu
ration#viewNameTranslat
or matched:
      - @ConditionalOnM
issingBean (names: 
viewNameTranslator; 
SearchStrategy: all) 
did not find any beans 
(OnBeanCondition)

   WebMvcAutoConfigurat
ion.WebMvcAutoConfigura
tionAdapter#defaultView
Resolver matched:
      - @ConditionalOnM
issingBean (types: org.
springframework.web.ser
vlet.view.InternalResou
rceViewResolver; 
SearchStrategy: all) 
did not find any beans 
(OnBeanCondition)

   WebMvcAutoConfigurat
ion.WebMvcAutoConfigura
tionAdapter#requestCont
extFilter matched:
      - @ConditionalOnM
issingBean (types: org.
springframework.web.con
text.request.RequestCon
textListener,org.spring
framework.web.filter.Re
questContextFilter; 
SearchStrategy: all) 
did not find any beans 
(OnBeanCondition)

   WebMvcAutoConfigurat
ion.WebMvcAutoConfigura
tionAdapter#viewResolve
r matched:
      - 
@ConditionalOnBean 
(types: org.springframe
work.web.servlet.ViewRe
solver; 
SearchStrategy: all) 
found beans 
'defaultViewResolver', 
'beanNameViewResolver',
 'mvcViewResolver'; @Co
nditionalOnMissingBean 
(names: viewResolver 
types: org.springframew
ork.web.servlet.view.Co
ntentNegotiatingViewRes
olver; SearchStrategy: 
all) did not find any 
beans (OnBeanCondition)

   WebMvcEndpointManage
mentContextConfiguratio
n matched:
      - found 
'session' scope (OnWebA
pplicationCondition)
      - 
@ConditionalOnBean 
(types: org.springframe
work.web.servlet.Dispat
cherServlet,org.springf
ramework.boot.actuate.e
ndpoint.web.WebEndpoint
sSupplier; 
SearchStrategy: all) 
found beans 'webEndpoin
tDiscoverer', 
'dispatcherServlet' 
(OnBeanCondition)

   WebMvcEndpointManage
mentContextConfiguratio
n#controllerEndpointHan
dlerMapping matched:
      - @ConditionalOnM
issingBean (types: org.
springframework.boot.we
bmvc.actuate.endpoint.w
eb.ControllerEndpointHa
ndlerMapping; 
SearchStrategy: all) 
did not find any beans 
(OnBeanCondition)

   WebMvcEndpointManage
mentContextConfiguratio
n#endpointJsonMapperWeb
MvcConfigurer matched:
      - 
@ConditionalOnBean 
(types: org.springframe
work.boot.actuate.endpo
int.jackson.EndpointJso
nMapper; 
SearchStrategy: all) 
found bean 
'endpointJsonMapper' 
(OnBeanCondition)

   WebMvcEndpointManage
mentContextConfiguratio
n#webEndpointServletHan
dlerMapping matched:
      - @ConditionalOnM
issingBean (types: org.
springframework.boot.we
bmvc.actuate.endpoint.w
eb.WebMvcEndpointHandle
rMapping; 
SearchStrategy: all) 
did not find any beans 
(OnBeanCondition)

   WebMvcHealthEndpoint
ExtensionAutoConfigurat
ion matched:
      - 
@ConditionalOnClass 
found required class 'o
rg.springframework.boot
.health.actuate.endpoin
t.HealthEndpoint' 
(OnClassCondition)
      - found 
'session' scope (OnWebA
pplicationCondition)
      - @ConditionalOnA
vailableEndpoint 
marked as exposed by a 
'management.endpoints.w
eb.exposure' property (
OnAvailableEndpointCond
ition)
      - 
@ConditionalOnBean 
(types: org.springframe
work.boot.health.actuat
e.endpoint.HealthEndpoi
nt,org.springframework.
boot.actuate.endpoint.w
eb.WebEndpointsSupplier
,org.springframework.bo
ot.health.actuate.endpo
int.HealthEndpointGroup
s; SearchStrategy: 
all) found beans 'webEn
dpointDiscoverer', 
'healthEndpoint', 
'healthEndpointGroups' 
(OnBeanCondition)

   WebMvcObservationAut
oConfiguration matched:
      - 
@ConditionalOnClass 
found required classes 
'org.springframework.we
b.servlet.DispatcherSer
vlet', 'io.micrometer.o
bservation.Observation'
 (OnClassCondition)
      - found 
'session' scope (OnWebA
pplicationCondition)
      - 
@ConditionalOnBean 
(types: io.micrometer.o
bservation.ObservationR
egistry; 
SearchStrategy: all) 
found bean 
'observationRegistry' 
(OnBeanCondition)

   WebMvcObservationAut
oConfiguration#webMvcOb
servationFilter 
matched:
      - @ConditionalOnM
issingBean (types: org.
springframework.web.fil
ter.ServerHttpObservati
onFilter; 
SearchStrategy: all) 
did not find any beans 
(OnBeanCondition)

   WebMvcObservationAut
oConfiguration.MeterFil
terConfiguration 
matched:
      - 
@ConditionalOnClass 
found required class 'i
o.micrometer.core.instr
ument.MeterRegistry' 
(OnClassCondition)
      - 
@ConditionalOnBean 
(types: io.micrometer.c
ore.instrument.MeterReg
istry; SearchStrategy: 
all) found bean 
'simpleMeterRegistry' 
(OnBeanCondition)

   WebSocketMessagingAu
toConfiguration 
matched:
      - 
@ConditionalOnClass 
found required class 'o
rg.springframework.web.
socket.config.annotatio
n.WebSocketMessageBroke
rConfigurer' 
(OnClassCondition)
      - found 
'session' scope (OnWebA
pplicationCondition)

   WebSocketMessagingAu
toConfiguration.Jackson
WebSocketMessageConvert
erConfiguration 
matched:
      - 
@ConditionalOnClass 
found required class 't
ools.jackson.databind.j
son.JsonMapper' 
(OnClassCondition)
      - 
@ConditionalOnProperty 
(spring.websocket.messa
ging.preferred-json-map
per=jackson) matched 
(OnPropertyCondition)

   WebSocketMessagingAu
toConfiguration.SpringB
ootWebSocketMessageBrok
erConfiguration 
matched:
      - 
@ConditionalOnClass 
found required classes 
'tools.jackson.databind
.json.JsonMapper', 'org
.springframework.messag
ing.simp.config.Abstrac
tMessageBrokerConfigura
tion' 
(OnClassCondition)
      - 
@ConditionalOnBean 
(types: org.springframe
work.web.socket.config.
annotation.DelegatingWe
bSocketMessageBrokerCon
figuration,tools.jackso
n.databind.json.JsonMap
per; SearchStrategy: 
all) found beans 
'jacksonJsonMapper', 'o
rg.springframework.web.
socket.config.annotatio
n.DelegatingWebSocketMe
ssageBrokerConfiguratio
n' (OnBeanCondition)


Negative matches:
-----------------

   AopAutoConfiguration
.AspectJAutoProxyingCon
figuration.JdkDynamicAu
toProxyConfiguration:
      Did not match:
         - @Conditional
OnBooleanProperty (spri
ng.aop.proxy-target-cla
ss=false) did not find 
property 'spring.aop.pr
oxy-target-class' 
(OnPropertyCondition)

   AopAutoConfiguration
.ClassProxyingConfigura
tion:
      Did not match:
         - @Conditional
OnMissingClass found 
unwanted class 'org.asp
ectj.weaver.Advice' 
(OnClassCondition)

   AppOpticsMetricsExpo
rtAutoConfiguration:
      Did not match:
         - 
@ConditionalOnClass 
did not find required 
class 'io.micrometer.ap
poptics.AppOpticsMeterR
egistry' 
(OnClassCondition)

   AtlasMetricsExportAu
toConfiguration:
      Did not match:
         - 
@ConditionalOnClass 
did not find required 
class 'io.micrometer.at
las.AtlasMeterRegistry'
 (OnClassCondition)

   
AuditAutoConfiguration:
      Did not match:
         - 
@ConditionalOnBean 
(types: org.springframe
work.boot.actuate.audit
.AuditEventRepository; 
SearchStrategy: all) 
did not find any beans 
of type org.springframe
work.boot.actuate.audit
.AuditEventRepository 
(OnBeanCondition)
      Matched:
         - @Conditional
OnBooleanProperty (mana
gement.auditevents.enab
led=true) matched 
(OnPropertyCondition)

   AuditEventsEndpointA
utoConfiguration:
      Did not match:
         - @Conditional
OnAvailableEndpoint 
not exposed (OnAvailabl
eEndpointCondition)

   AvailabilityHealthCo
ntributorAutoConfigurat
ion#livenessStateHealth
Indicator:
      Did not match:
         - @Conditional
OnBooleanProperty (mana
gement.health.livenesss
tate.enabled=true) did 
not find property 'mana
gement.health.livenesss
tate.enabled' 
(OnPropertyCondition)

   AvailabilityHealthCo
ntributorAutoConfigurat
ion#readinessStateHealt
hIndicator:
      Did not match:
         - @Conditional
OnBooleanProperty (mana
gement.health.readiness
state.enabled=true) 
did not find property '
management.health.readi
nessstate.enabled' 
(OnPropertyCondition)

   BeansEndpointAutoCon
figuration:
      Did not match:
         - @Conditional
OnAvailableEndpoint 
not exposed (OnAvailabl
eEndpointCondition)

   CompositeMeterRegist
ryConfiguration:
      Did not match:
         - 
NoneNestedConditions 1 
matched 1 did not; 
NestedCondition on Comp
ositeMeterRegistryConfi
guration.MultipleNonPri
maryMeterRegistriesCond
ition.SingleInjectableM
eterRegistry @Condition
alOnSingleCandidate 
(types: io.micrometer.c
ore.instrument.MeterReg
istry; SearchStrategy: 
all) found a single 
bean 
'simpleMeterRegistry'; 
NestedCondition on Comp
ositeMeterRegistryConfi
guration.MultipleNonPri
maryMeterRegistriesCond
ition.NoMeterRegistryCo
ndition @ConditionalOnM
issingBean (types: io.m
icrometer.core.instrume
nt.MeterRegistry; 
SearchStrategy: all) 
found beans of type 'io
.micrometer.core.instru
ment.MeterRegistry' 
simpleMeterRegistry (Co
mpositeMeterRegistryCon
figuration.MultipleNonP
rimaryMeterRegistriesCo
ndition)

   ConditionsReportEndp
ointAutoConfiguration:
      Did not match:
         - @Conditional
OnAvailableEndpoint 
not exposed (OnAvailabl
eEndpointCondition)

   ConfigurationPropert
iesReportEndpointAutoCo
nfiguration:
      Did not match:
         - @Conditional
OnAvailableEndpoint 
not exposed (OnAvailabl
eEndpointCondition)

   DataJpaRepositoriesA
utoConfiguration#entity
ManagerFactoryBootstrap
ExecutorCustomizer:
      Did not match:
         - 
AnyNestedCondition 0 
matched 2 did not; 
NestedCondition on Data
JpaRepositoriesAutoConf
iguration.BootstrapExec
utorCondition.LazyBoots
trapMode 
@ConditionalOnProperty 
(spring.data.jpa.reposi
tories.bootstrap-mode=l
azy) did not find 
property 'spring.data.j
pa.repositories.bootstr
ap-mode'; 
NestedCondition on Data
JpaRepositoriesAutoConf
iguration.BootstrapExec
utorCondition.DeferredB
ootstrapMode 
@ConditionalOnProperty 
(spring.data.jpa.reposi
tories.bootstrap-mode=d
eferred) did not find 
property 'spring.data.j
pa.repositories.bootstr
ap-mode' (DataJpaReposi
toriesAutoConfiguration
.BootstrapExecutorCondi
tion)

   DataSourceAutoConfig
uration.EmbeddedDatabas
eConfiguration:
      Did not match:
         - 
EmbeddedDataSource 
spring.datasource.url 
is set (DataSourceAutoC
onfiguration.EmbeddedDa
tabaseCondition)

   DataSourceCheckpoint
RestoreConfiguration:
      Did not match:
         - 
@ConditionalOnClass 
did not find required 
class 
'org.crac.Resource' 
(OnClassCondition)

   DataSourceConfigurat
ion.Dbcp2:
      Did not match:
         - 
@ConditionalOnClass 
did not find required 
class 'org.apache.commo
ns.dbcp2.BasicDataSourc
e' (OnClassCondition)

   DataSourceConfigurat
ion.Generic:
      Did not match:
         - 
@ConditionalOnProperty 
(spring.datasource.type
) did not find 
property 'spring.dataso
urce.type' 
(OnPropertyCondition)

   DataSourceConfigurat
ion.OracleUcp:
      Did not match:
         - 
@ConditionalOnClass 
did not find required 
classes 'oracle.ucp.jdb
c.PoolDataSourceImpl', 
'oracle.jdbc.OracleConn
ection' 
(OnClassCondition)

   DataSourceConfigurat
ion.Tomcat:
      Did not match:
         - 
@ConditionalOnClass 
did not find required 
class 'org.apache.tomca
t.jdbc.pool.DataSource'
 (OnClassCondition)

   DataSourceJmxConfigu
ration:
      Did not match:
         - @Conditional
OnBooleanProperty (spri
ng.jmx.enabled=true) 
found different value 
in property 
'spring.jmx.enabled' 
(OnPropertyCondition)

   DataSourcePoolMetada
taProvidersConfiguratio
n.CommonsDbcp2PoolDataS
ourceMetadataProviderCo
nfiguration:
      Did not match:
         - 
@ConditionalOnClass 
did not find required 
class 'org.apache.commo
ns.dbcp2.BasicDataSourc
e' (OnClassCondition)

   DataSourcePoolMetada
taProvidersConfiguratio
n.OracleUcpPoolDataSour
ceMetadataProviderConfi
guration:
      Did not match:
         - 
@ConditionalOnClass 
did not find required 
classes 'oracle.ucp.jdb
c.PoolDataSource', 'ora
cle.jdbc.OracleConnecti
on' (OnClassCondition)

   DataSourcePoolMetada
taProvidersConfiguratio
n.TomcatDataSourcePoolM
etadataProviderConfigur
ation:
      Did not match:
         - 
@ConditionalOnClass 
did not find required 
class 'org.apache.tomca
t.jdbc.pool.DataSource'
 (OnClassCondition)

   DataSourceTransactio
nManagerAutoConfigurati
on.JdbcTransactionManag
erConfiguration#transac
tionManager:
      Did not match:
         - @Conditional
OnMissingBean (types: o
rg.springframework.tran
saction.TransactionMana
ger; SearchStrategy: 
all) found beans of 
type 'org.springframewo
rk.transaction.Transact
ionManager' 
transactionManager 
(OnBeanCondition)

   DatadogMetricsExport
AutoConfiguration:
      Did not match:
         - 
@ConditionalOnClass 
did not find required 
class 'io.micrometer.da
tadog.DatadogMeterRegis
try' (OnClassCondition)

   DevToolsDataSourceAu
toConfiguration:
      Did not match:
         - Devtools 
devtools is disabled 
for current context. (O
nEnabledDevToolsConditi
on)
      Matched:
         - 
@ConditionalOnClass 
found required class 
'javax.sql.DataSource' 
(OnClassCondition)

   DevToolsR2dbcAutoCon
figuration:
      Did not match:
         - 
@ConditionalOnClass 
did not find required 
class 'io.r2dbc.spi.Con
nectionFactory' 
(OnClassCondition)

   DispatcherServletAut
oConfiguration.Dispatch
erServletConfiguration#
multipartResolver:
      Did not match:
         - 
@ConditionalOnBean 
(types: org.springframe
work.web.multipart.Mult
ipartResolver; 
SearchStrategy: all) 
did not find any beans 
of type org.springframe
work.web.multipart.Mult
ipartResolver 
(OnBeanCondition)

   DynatraceMetricsExpo
rtAutoConfiguration:
      Did not match:
         - 
@ConditionalOnClass 
did not find required 
class 'io.micrometer.dy
natrace.DynatraceMeterR
egistry' 
(OnClassCondition)

   ElasticMetricsExport
AutoConfiguration:
      Did not match:
         - 
@ConditionalOnClass 
did not find required 
class 'io.micrometer.el
astic.ElasticMeterRegis
try' (OnClassCondition)

   EnvironmentEndpointA
utoConfiguration:
      Did not match:
         - @Conditional
OnAvailableEndpoint 
not exposed (OnAvailabl
eEndpointCondition)

   GangliaMetricsExport
AutoConfiguration:
      Did not match:
         - 
@ConditionalOnClass 
did not find required 
class 'io.micrometer.ga
nglia.GangliaMeterRegis
try' (OnClassCondition)

   GraphiteMetricsExpor
tAutoConfiguration:
      Did not match:
         - 
@ConditionalOnClass 
did not find required 
class 'io.micrometer.gr
aphite.GraphiteMeterReg
istry' 
(OnClassCondition)

   GsonHttpMessageConve
rtersConfiguration:
      Did not match:
         - 
@ConditionalOnClass 
did not find required 
class 
'com.google.gson.Gson' 
(OnClassCondition)

   HealthContributorReg
istryAutoConfiguration.
ReactiveHealthContribut
orRegistryConfiguration
:
      Did not match:
         - 
@ConditionalOnClass 
did not find required 
class 'reactor.core.pub
lisher.Flux' 
(OnClassCondition)

   HealthEndpointReacti
veWebExtensionConfigura
tion:
      Did not match:
         - did not 
find reactive web 
application classes (On
WebApplicationCondition
)

   HeapDumpWebEndpointA
utoConfiguration:
      Did not match:
         - @Conditional
OnAvailableEndpoint 
the configured access 
for endpoint 
'heapdump' is NONE (OnA
vailableEndpointConditi
on)

   HibernateMetricsAuto
Configuration:
      Did not match:
         - 
@ConditionalOnClass 
did not find required 
class 'org.hibernate.st
at.HibernateMetrics' 
(OnClassCondition)

   HttpExchangesEndpoin
tAutoConfiguration:
      Did not match:
         - @Conditional
OnAvailableEndpoint 
not exposed (OnAvailabl
eEndpointCondition)

   HumioMetricsExportAu
toConfiguration:
      Did not match:
         - 
@ConditionalOnClass 
did not find required 
class 'io.micrometer.hu
mio.HumioMeterRegistry'
 (OnClassCondition)

   InfluxMetricsExportA
utoConfiguration:
      Did not match:
         - 
@ConditionalOnClass 
did not find required 
class 'io.micrometer.in
flux.InfluxMeterRegistr
y' (OnClassCondition)

   InfoContributorAutoC
onfiguration#buildInfoC
ontributor:
      Did not match:
         - @Conditional
OnSingleCandidate 
(types: org.springframe
work.boot.info.BuildPro
perties; 
SearchStrategy: all) 
did not find any beans 
(OnBeanCondition)
      Matched:
         - @Conditional
OnEnabledInfoContributo
r management.info.defau
lts.enabled is 
considered true (OnEnab
ledInfoContributorCondi
tion)

   InfoContributorAutoC
onfiguration#envInfoCon
tributor:
      Did not match:
         - @Conditional
OnEnabledInfoContributo
r management.info.env.e
nabled is not true (OnE
nabledInfoContributorCo
ndition)

   InfoContributorAutoC
onfiguration#gitInfoCon
tributor:
      Did not match:
         - @Conditional
OnSingleCandidate 
(types: org.springframe
work.boot.info.GitPrope
rties; SearchStrategy: 
all) did not find any 
beans (OnBeanCondition)
      Matched:
         - @Conditional
OnEnabledInfoContributo
r management.info.defau
lts.enabled is 
considered true (OnEnab
ledInfoContributorCondi
tion)

   InfoContributorAutoC
onfiguration#javaInfoCo
ntributor:
      Did not match:
         - @Conditional
OnEnabledInfoContributo
r management.info.java.
enabled is not true (On
EnabledInfoContributorC
ondition)

   InfoContributorAutoC
onfiguration#osInfoCont
ributor:
      Did not match:
         - @Conditional
OnEnabledInfoContributo
r management.info.os.en
abled is not true (OnEn
abledInfoContributorCon
dition)

   InfoContributorAutoC
onfiguration#processInf
oContributor:
      Did not match:
         - @Conditional
OnEnabledInfoContributo
r management.info.proce
ss.enabled is not true 
(OnEnabledInfoContribut
orCondition)

   InfoContributorAutoC
onfiguration#sslInfo:
      Did not match:
         - @Conditional
OnEnabledInfoContributo
r management.info.ssl.e
nabled is not true (OnE
nabledInfoContributorCo
ndition)
      Matched:
         - @Conditional
OnMissingBean (types: o
rg.springframework.boot
.info.SslInfo; 
SearchStrategy: all) 
did not find any beans 
(OnBeanCondition)

   InfoContributorAutoC
onfiguration#sslInfoCon
tributor:
      Did not match:
         - @Conditional
OnEnabledInfoContributo
r management.info.ssl.e
nabled is not true (OnE
nabledInfoContributorCo
ndition)

   InfoEndpointAutoConf
iguration:
      Did not match:
         - @Conditional
OnAvailableEndpoint 
not exposed (OnAvailabl
eEndpointCondition)

   Jackson2EndpointAuto
Configuration:
      Did not match:
         - 
@ConditionalOnClass 
did not find required 
class 'com.fasterxml.ja
ckson.databind.ObjectMa
pper' 
(OnClassCondition)

   Jackson2HttpMessageC
onvertersConfiguration.
MappingJackson2HttpMess
ageConverterConfigurati
on:
      Did not match:
         - 
@ConditionalOnClass 
did not find required 
class 'com.fasterxml.ja
ckson.databind.ObjectMa
pper' 
(OnClassCondition)

   Jackson2HttpMessageC
onvertersConfiguration.
MappingJackson2XmlHttpM
essageConverterConfigur
ation:
      Did not match:
         - 
@ConditionalOnClass 
did not find required 
class 'tools.jackson.da
taformat.xml.XmlMapper'
 (OnClassCondition)

   JacksonAutoConfigura
tion.CborConfiguration:
      Did not match:
         - 
@ConditionalOnClass 
did not find required 
class 'tools.jackson.da
taformat.cbor.CBORMappe
r' (OnClassCondition)

   JacksonAutoConfigura
tion.XmlConfiguration:
      Did not match:
         - 
@ConditionalOnClass 
did not find required 
class 'tools.jackson.da
taformat.xml.XmlMapper'
 (OnClassCondition)

   JacksonHttpMessageCo
nvertersConfiguration.J
acksonXmlHttpMessageCon
verterConfiguration:
      Did not match:
         - 
@ConditionalOnClass 
did not find required 
class 'tools.jackson.da
taformat.xml.XmlMapper'
 (OnClassCondition)

   
JmxAutoConfiguration:
      Did not match:
         - @Conditional
OnBooleanProperty (spri
ng.jmx.enabled=true) 
found different value 
in property 
'spring.jmx.enabled' 
(OnPropertyCondition)
      Matched:
         - 
@ConditionalOnClass 
found required class 'o
rg.springframework.jmx.
export.MBeanExporter' 
(OnClassCondition)

   JmxEndpointAutoConfi
guration:
      Did not match:
         - @Conditional
OnBooleanProperty (spri
ng.jmx.enabled=true) 
found different value 
in property 
'spring.jmx.enabled' 
(OnPropertyCondition)

   JmxMetricsExportAuto
Configuration:
      Did not match:
         - 
@ConditionalOnClass 
did not find required 
class 'io.micrometer.jm
x.JmxMeterRegistry' 
(OnClassCondition)

   JndiDataSourceAutoCo
nfiguration:
      Did not match:
         - 
@ConditionalOnProperty 
(spring.datasource.jndi
-name) did not find 
property 'spring.dataso
urce.jndi-name' 
(OnPropertyCondition)
      Matched:
         - 
@ConditionalOnClass 
found required classes 
'javax.sql.DataSource',
 'org.springframework.j
dbc.datasource.embedded
.EmbeddedDatabaseType' 
(OnClassCondition)

   
JndiJtaConfiguration:
      Did not match:
         - 
@ConditionalOnJndi 
JNDI environment is 
not available 
(OnJndiCondition)
      Matched:
         - 
@ConditionalOnClass 
found required class 'o
rg.springframework.tran
saction.jta.JtaTransact
ionManager' 
(OnClassCondition)

   JsonbHttpMessageConv
ertersConfiguration:
      Did not match:
         - 
@ConditionalOnClass 
did not find required 
class 'jakarta.json.bin
d.Jsonb' 
(OnClassCondition)

   JvmMetricsAutoConfig
uration.VirtualThreadMe
tricsConfiguration:
      Did not match:
         - 
@ConditionalOnClass 
did not find required 
class 'io.micrometer.ja
va21.instrument.binder.
jdk.VirtualThreadMetric
s' (OnClassCondition)

   KairosMetricsExportA
utoConfiguration:
      Did not match:
         - 
@ConditionalOnClass 
did not find required 
class 'io.micrometer.ka
iros.KairosMeterRegistr
y' (OnClassCondition)

   KotlinSerializationH
ttpMessageConvertersCon
figuration:
      Did not match:
         - 
@ConditionalOnClass 
did not find required 
classes 'kotlinx.serial
ization.Serializable', 
'kotlinx.serialization.
json.Json' 
(OnClassCondition)

   LocalDevToolsAutoCon
figuration:
      Did not match:
         - Initialized 
Restarter Condition 
initialized without 
URLs (OnInitializedRest
arterCondition)

   Log4J2MetricsAutoCon
figuration:
      Did not match:
         - 
@ConditionalOnClass 
did not find required 
class 'org.apache.loggi
ng.log4j.core.LoggerCon
text' 
(OnClassCondition)

   LogFileWebEndpointAu
toConfiguration:
      Did not match:
         - @Conditional
OnAvailableEndpoint 
not exposed (OnAvailabl
eEndpointCondition)

   LoggersEndpointAutoC
onfiguration:
      Did not match:
         - @Conditional
OnAvailableEndpoint 
not exposed (OnAvailabl
eEndpointCondition)

   MailHealthContributo
rAutoConfiguration:
      Did not match:
         - 
@ConditionalOnBean 
(types: org.springframe
work.mail.javamail.Java
MailSenderImpl; 
SearchStrategy: all) 
did not find any beans 
of type org.springframe
work.mail.javamail.Java
MailSenderImpl 
(OnBeanCondition)
      Matched:
         - 
@ConditionalOnClass 
found required classes 
'org.springframework.ma
il.javamail.JavaMailSen
derImpl', 'org.springfr
amework.boot.mail.healt
h.MailHealthIndicator',
 'org.springframework.b
oot.health.autoconfigur
e.contributor.Condition
alOnEnabledHealthIndica
tor' (OnClassCondition)
         - @Conditional
OnEnabledHealthIndicato
r management.health.def
aults.enabled is 
considered true (OnEnab
ledHealthIndicatorCondi
tion)

   MailSenderAutoConfig
uration:
      Did not match:
         - 
AnyNestedCondition 0 
matched 2 did not; 
NestedCondition on Mail
SenderAutoConfiguration
.MailSenderCondition.Jn
diNameProperty 
@ConditionalOnProperty 
(spring.mail.jndi-name)
 did not find property 
'spring.mail.jndi-name'
; NestedCondition on Ma
ilSenderAutoConfigurati
on.MailSenderCondition.
HostProperty 
@ConditionalOnProperty 
(spring.mail.host) did 
not find property 
'spring.mail.host' (Mai
lSenderAutoConfiguratio
n.MailSenderCondition)
      Matched:
         - 
@ConditionalOnClass 
found required classes 
'jakarta.mail.internet.
MimeMessage', 'jakarta.
activation.MimeType', '
org.springframework.mai
l.MailSender' 
(OnClassCondition)

   MailSenderValidatorA
utoConfiguration:
      Did not match:
         - @Conditional
OnBooleanProperty (spri
ng.mail.test-connection
=true) did not find 
property 'spring.mail.t
est-connection' 
(OnPropertyCondition)

   ManagementContextAut
oConfiguration.Differen
tManagementContextConfi
guration:
      Did not match:
         - Management 
Port actual port type 
(SAME) did not match 
required type 
(DIFFERENT) (OnManageme
ntPortCondition)

   ManagementWebSecurit
yAutoConfiguration:
      Did not match:
         - 
AllNestedConditions 1 
matched 1 did not; 
NestedCondition on Defa
ultWebSecurityCondition
.Beans @ConditionalOnMi
ssingBean (types: org.s
pringframework.security
.web.SecurityFilterChai
n; SearchStrategy: 
all) found beans of 
type 'org.springframewo
rk.security.web.Securit
yFilterChain' 
filterChain; 
NestedCondition on Defa
ultWebSecurityCondition
.Classes 
@ConditionalOnClass 
found required classes 
'org.springframework.se
curity.web.SecurityFilt
erChain', 'org.springfr
amework.security.config
.annotation.web.builder
s.HttpSecurity' (Defaul
tWebSecurityCondition)
      Matched:
         - 
@ConditionalOnClass 
found required classes 
'org.springframework.se
curity.web.util.matcher
.RequestMatcher', 'org.
springframework.boot.ac
tuate.autoconfigure.end
point.web.WebEndpointAu
toConfiguration' 
(OnClassCondition)
         - found 
'session' scope (OnWebA
pplicationCondition)

   MappingsEndpointAuto
Configuration:
      Did not match:
         - @Conditional
OnAvailableEndpoint 
not exposed (OnAvailabl
eEndpointCondition)

   MessageSourceAutoCon
figuration:
      Did not match:
         - 
ResourceBundle did not 
find bundle with 
basename messages (Mess
ageSourceAutoConfigurat
ion.ResourceBundleCondi
tion)

   MetricsAspectsAutoCo
nfiguration:
      Did not match:
         - @Conditional
OnBooleanProperty (mana
gement.observations.ann
otations.enabled=true) 
did not find property '
management.observations
.annotations.enabled' 
(OnPropertyCondition)
      Matched:
         - 
@ConditionalOnClass 
found required classes 
'io.micrometer.core.ins
trument.MeterRegistry',
 'org.aspectj.weaver.Ad
vice' 
(OnClassCondition)

   MetricsEndpointAutoC
onfiguration:
      Did not match:
         - @Conditional
OnAvailableEndpoint 
not exposed (OnAvailabl
eEndpointCondition)
      Matched:
         - 
@ConditionalOnClass 
found required classes 
'org.springframework.bo
ot.actuate.autoconfigur
e.endpoint.condition.Co
nditionalOnAvailableEnd
point', 'io.micrometer.
core.annotation.Timed' 
(OnClassCondition)

   NewRelicMetricsExpor
tAutoConfiguration:
      Did not match:
         - 
@ConditionalOnClass 
did not find required 
class 'io.micrometer.ne
wrelic.NewRelicMeterReg
istry' 
(OnClassCondition)

   NoOpMeterRegistryCon
figuration:
      Did not match:
         - @Conditional
OnMissingBean (types: i
o.micrometer.core.instr
ument.MeterRegistry; 
SearchStrategy: all) 
found beans of type 'io
.micrometer.core.instru
ment.MeterRegistry' 
simpleMeterRegistry 
(OnBeanCondition)

   OAuth2ResourceServer
JwtConfiguration.JwtCon
verterConfiguration:
      Did not match:
         - 
AnyNestedCondition 0 
matched 3 did not; 
NestedCondition on OAut
h2ResourceServerJwtConf
iguration.JwtConverterP
ropertiesCondition.OnAu
thoritiesClaimName 
@ConditionalOnProperty 
(spring.security.oauth2
.resourceserver.jwt.aut
horities-claim-name) 
did not find property '
spring.security.oauth2.
resourceserver.jwt.auth
orities-claim-name'; 
NestedCondition on OAut
h2ResourceServerJwtConf
iguration.JwtConverterP
ropertiesCondition.OnPr
incipalClaimName 
@ConditionalOnProperty 
(spring.security.oauth2
.resourceserver.jwt.pri
ncipal-claim-name) did 
not find property 'spri
ng.security.oauth2.reso
urceserver.jwt.principa
l-claim-name'; 
NestedCondition on OAut
h2ResourceServerJwtConf
iguration.JwtConverterP
ropertiesCondition.OnAu
thorityPrefix 
@ConditionalOnProperty 
(spring.security.oauth2
.resourceserver.jwt.aut
hority-prefix) did not 
find property 'spring.s
ecurity.oauth2.resource
server.jwt.authority-pr
efix' (OAuth2ResourceSe
rverJwtConfiguration.Jw
tConverterPropertiesCon
dition)

   OAuth2ResourceServer
JwtConfiguration.JwtDec
oderConfiguration:
      Did not match:
         - @Conditional
OnMissingBean (types: o
rg.springframework.secu
rity.oauth2.jwt.JwtDeco
der; SearchStrategy: 
all) found beans of 
type 'org.springframewo
rk.security.oauth2.jwt.
JwtDecoder' jwtDecoder 
(OnBeanCondition)

   OAuth2ResourceServer
JwtConfiguration.OAuth2
SecurityFilterChainConf
iguration:
      Did not match:
         - 
AllNestedConditions 1 
matched 1 did not; 
NestedCondition on Defa
ultWebSecurityCondition
.Beans @ConditionalOnMi
ssingBean (types: org.s
pringframework.security
.web.SecurityFilterChai
n; SearchStrategy: 
all) found beans of 
type 'org.springframewo
rk.security.web.Securit
yFilterChain' 
filterChain; 
NestedCondition on Defa
ultWebSecurityCondition
.Classes 
@ConditionalOnClass 
found required classes 
'org.springframework.se
curity.web.SecurityFilt
erChain', 'org.springfr
amework.security.config
.annotation.web.builder
s.HttpSecurity' (Defaul
tWebSecurityCondition)

   OAuth2ResourceServer
OpaqueTokenConfiguratio
n.OAuth2SecurityFilterC
hainConfiguration:
      Did not match:
         - 
AllNestedConditions 1 
matched 1 did not; 
NestedCondition on Defa
ultWebSecurityCondition
.Beans @ConditionalOnMi
ssingBean (types: org.s
pringframework.security
.web.SecurityFilterChai
n; SearchStrategy: 
all) found beans of 
type 'org.springframewo
rk.security.web.Securit
yFilterChain' 
filterChain; 
NestedCondition on Defa
ultWebSecurityCondition
.Classes 
@ConditionalOnClass 
found required classes 
'org.springframework.se
curity.web.SecurityFilt
erChain', 'org.springfr
amework.security.config
.annotation.web.builder
s.HttpSecurity' (Defaul
tWebSecurityCondition)

   OAuth2ResourceServer
OpaqueTokenConfiguratio
n.OpaqueTokenIntrospect
ionClientConfiguration#
opaqueTokenIntrospector
:
      Did not match:
         - 
@ConditionalOnProperty 
(spring.security.oauth2
.resourceserver.opaquet
oken.introspection-uri)
 did not find property 
'spring.security.oauth2
.resourceserver.opaquet
oken.introspection-uri'
 (OnPropertyCondition)

   ObservationAutoConfi
guration.ObservedAspect
Configuration:
      Did not match:
         - @Conditional
OnBooleanProperty (mana
gement.observations.ann
otations.enabled=true) 
did not find property '
management.observations
.annotations.enabled' 
(OnPropertyCondition)
      Matched:
         - 
@ConditionalOnClass 
found required class 'o
rg.aspectj.weaver.Advic
e' (OnClassCondition)

   OtlpMetricsExportAut
oConfiguration:
      Did not match:
         - 
@ConditionalOnClass 
did not find required 
class 'io.micrometer.re
gistry.otlp.OtlpMeterRe
gistry' 
(OnClassCondition)

   ProjectInfoAutoConfi
guration#buildPropertie
s:
      Did not match:
         - 
@ConditionalOnResource 
did not find resource '
${spring.info.build.loc
ation:classpath:META-IN
F/build-info.properties
}' 
(OnResourceCondition)

   ProjectInfoAutoConfi
guration#gitProperties:
      Did not match:
         - GitResource 
did not find git info 
at classpath:git.proper
ties (ProjectInfoAutoCo
nfiguration.GitResource
AvailableCondition)

   PrometheusMetricsExp
ortAutoConfiguration:
      Did not match:
         - 
@ConditionalOnClass 
did not find required 
class 'io.micrometer.pr
ometheusmetrics.Prometh
eusMeterRegistry' 
(OnClassCondition)

   RSocketSecurityAutoC
onfiguration:
      Did not match:
         - 
@ConditionalOnClass 
did not find required 
class 'org.springframew
ork.boot.rsocket.server
.RSocketServerCustomize
r' (OnClassCondition)

   ReactiveManagementWe
bSecurityAutoConfigurat
ion:
      Did not match:
         - @Conditional
OnWebApplication did 
not find reactive web 
application classes (On
WebApplicationCondition
)

   ReactiveOAuth2Resour
ceServerAutoConfigurati
on:
      Did not match:
         - @Conditional
OnWebApplication did 
not find reactive web 
application classes (On
WebApplicationCondition
)

   ReactiveUserDetailsS
erviceAutoConfiguration
:
      Did not match:
         - 
AnyNestedCondition 0 
matched 3 did not; 
NestedCondition on Miss
ingAlternativeUserDetai
lsManagerOrUserProperti
esConfigured.PasswordCo
nfigured 
@ConditionalOnProperty 
(spring.security.user.p
assword) did not find 
property 'spring.securi
ty.user.password'; 
NestedCondition on Miss
ingAlternativeUserDetai
lsManagerOrUserProperti
esConfigured.NameConfig
ured 
@ConditionalOnProperty 
(spring.security.user.n
ame) did not find 
property 'spring.securi
ty.user.name'; 
NestedCondition on Miss
ingAlternativeUserDetai
lsManagerOrUserProperti
esConfigured.MissingAlt
ernative @ConditionalOn
MissingClass found 
unwanted class 'org.spr
ingframework.security.o
auth2.server.resource.i
ntrospection.OpaqueToke
nIntrospector' (Missing
AlternativeUserDetailsM
anagerOrUserPropertiesC
onfigured)
      Matched:
         - 
@ConditionalOnClass 
found required class 'o
rg.springframework.secu
rity.authentication.Rea
ctiveAuthenticationMana
ger' (OnClassCondition)

   ReactiveWebSecurityA
utoConfiguration:
      Did not match:
         - 
@ConditionalOnClass 
did not find required 
class 'reactor.core.pub
lisher.Flux' 
(OnClassCondition)

   RemoteDevToolsAutoCo
nfiguration:
      Did not match:
         - 
@ConditionalOnProperty 
(spring.devtools.remote
.secret) did not find 
property 'spring.devtoo
ls.remote.secret' 
(OnPropertyCondition)
      Matched:
         - 
@ConditionalOnClass 
found required classes 
'jakarta.servlet.Filter
', 'org.springframework
.http.server.ServerHttp
Request', 'org.springfr
amework.boot.web.server
.autoconfigure.ServerPr
operties' 
(OnClassCondition)

   SbomEndpointAutoConf
iguration:
      Did not match:
         - @Conditional
OnAvailableEndpoint 
not exposed (OnAvailabl
eEndpointCondition)

   ScheduledTasksEndpoi
ntAutoConfiguration:
      Did not match:
         - @Conditional
OnAvailableEndpoint 
not exposed (OnAvailabl
eEndpointCondition)

   SecurityAutoConfigur
ation.SecurityDataConfi
guration:
      Did not match:
         - 
@ConditionalOnClass 
did not find required 
class 'org.springframew
ork.security.data.repos
itory.query.SecurityEva
luationContextExtension
' (OnClassCondition)

   SecurityRequestMatch
ersManagementContextCon
figuration.JerseyReques
tMatcherConfiguration:
      Did not match:
         - 
@ConditionalOnClass 
did not find required 
class 'org.glassfish.je
rsey.server.ResourceCon
fig' (OnClassCondition)

   ServletHttpExchanges
AutoConfiguration:
      Did not match:
         - 
@ConditionalOnBean 
(types: org.springframe
work.boot.actuate.web.e
xchanges.HttpExchangeRe
pository; 
SearchStrategy: all) 
did not find any beans 
of type org.springframe
work.boot.actuate.web.e
xchanges.HttpExchangeRe
pository 
(OnBeanCondition)
      Matched:
         - found 
'session' scope (OnWebA
pplicationCondition)
         - @Conditional
OnBooleanProperty (mana
gement.httpexchanges.re
cording.enabled=true) 
matched 
(OnPropertyCondition)

   ServletManagementCon
textAutoConfiguration.A
pplicationContextFilter
Configuration:
      Did not match:
         - @Conditional
OnBooleanProperty (mana
gement.server.add-appli
cation-context-header=t
rue) did not find 
property 'management.se
rver.add-application-co
ntext-header' 
(OnPropertyCondition)

   ServletMappingsAutoC
onfiguration:
      Did not match:
         - @Conditional
OnAvailableEndpoint 
not exposed (OnAvailabl
eEndpointCondition)
      Matched:
         - 
@ConditionalOnClass 
found required classes 
'org.springframework.bo
ot.actuate.autoconfigur
e.endpoint.condition.Co
nditionalOnAvailableEnd
point', 'org.springfram
ework.boot.actuate.web.
mappings.MappingsEndpoi
nt' (OnClassCondition)
         - found 
'session' scope (OnWebA
pplicationCondition)

   ServletWebSecurityAu
toConfiguration.Securit
yFilterChainConfigurati
on:
      Did not match:
         - 
AllNestedConditions 1 
matched 1 did not; 
NestedCondition on Defa
ultWebSecurityCondition
.Beans @ConditionalOnMi
ssingBean (types: org.s
pringframework.security
.web.SecurityFilterChai
n; SearchStrategy: 
all) found beans of 
type 'org.springframewo
rk.security.web.Securit
yFilterChain' 
filterChain; 
NestedCondition on Defa
ultWebSecurityCondition
.Classes 
@ConditionalOnClass 
found required classes 
'org.springframework.se
curity.web.SecurityFilt
erChain', 'org.springfr
amework.security.config
.annotation.web.builder
s.HttpSecurity' (Defaul
tWebSecurityCondition)

   ServletWebServerConf
iguration#forwardedHead
erFilter:
      Did not match:
         - 
@ConditionalOnProperty 
(server.forward-headers
-strategy=framework) 
did not find property '
server.forward-headers-
strategy' 
(OnPropertyCondition)

   ShutdownEndpointAuto
Configuration:
      Did not match:
         - @Conditional
OnAvailableEndpoint 
the configured access 
for endpoint 
'shutdown' is NONE (OnA
vailableEndpointConditi
on)

   SpringApplicationAdm
inJmxAutoConfiguration:
      Did not match:
         - @Conditional
OnBooleanProperty (spri
ng.application.admin.en
abled=true) did not 
find property 'spring.a
pplication.admin.enable
d' 
(OnPropertyCondition)

   StackdriverMetricsEx
portAutoConfiguration:
      Did not match:
         - 
@ConditionalOnClass 
did not find required 
class 'io.micrometer.st
ackdriver.StackdriverMe
terRegistry' 
(OnClassCondition)

   StartupEndpointAutoC
onfiguration:
      Did not match:
         - 
ApplicationStartup 
configured 
applicationStartup is 
of type class org.sprin
gframework.core.metrics
.DefaultApplicationStar
tup, expected Buffering
ApplicationStartup. (St
artupEndpointAutoConfig
uration.ApplicationStar
tupCondition)

   StatsdMetricsExportA
utoConfiguration:
      Did not match:
         - 
@ConditionalOnClass 
did not find required 
class 'io.micrometer.st
atsd.StatsdMeterRegistr
y' (OnClassCondition)

   TaskExecutorConfigur
ations.SimpleAsyncTaskE
xecutorBuilderConfigura
tion#simpleAsyncTaskExe
cutorBuilderVirtualThre
ads:
      Did not match:
         - @Conditional
OnMissingBean (types: o
rg.springframework.boot
.task.SimpleAsyncTaskEx
ecutorBuilder; 
SearchStrategy: all) 
found beans of type 'or
g.springframework.boot.
task.SimpleAsyncTaskExe
cutorBuilder' simpleAsy
ncTaskExecutorBuilder 
(OnBeanCondition)

   TaskExecutorConfigur
ations.TaskExecutorConf
iguration:
      Did not match:
         - 
AnyNestedCondition 0 
matched 2 did not; 
NestedCondition on Task
ExecutorConfigurations.
OnExecutorCondition.Mod
elCondition 
@ConditionalOnProperty 
(spring.task.execution.
mode=force) did not 
find property 'spring.t
ask.execution.mode'; 
NestedCondition on Task
ExecutorConfigurations.
OnExecutorCondition.Exe
cutorBeanCondition @Con
ditionalOnMissingBean 
(types: java.util.concu
rrent.Executor; 
SearchStrategy: all) 
found beans of type 'ja
va.util.concurrent.Exec
utor' clientInboundChan
nelExecutor, clientOutb
oundChannelExecutor, 
brokerChannelExecutor (
TaskExecutorConfigurati
ons.OnExecutorCondition
)

   TaskSchedulingAutoCo
nfiguration#scheduledBe
anLazyInitializationExc
ludeFilter:
      Did not match:
         - 
@ConditionalOnBean 
(names: org.springframe
work.scheduling.config.
internalScheduledAnnota
tionProcessor; 
SearchStrategy: all) 
did not find any beans 
named org.springframewo
rk.scheduling.config.in
ternalScheduledAnnotati
onProcessor 
(OnBeanCondition)

   TaskSchedulingConfig
urations.SimpleAsyncTas
kSchedulerBuilderConfig
uration#simpleAsyncTask
SchedulerBuilderVirtual
Threads:
      Did not match:
         - @Conditional
OnMissingBean (types: o
rg.springframework.boot
.task.SimpleAsyncTaskSc
hedulerBuilder; 
SearchStrategy: all) 
found beans of type 'or
g.springframework.boot.
task.SimpleAsyncTaskSch
edulerBuilder' simpleAs
yncTaskSchedulerBuilder
 (OnBeanCondition)

   TaskSchedulingConfig
urations.TaskSchedulerC
onfiguration:
      Did not match:
         - 
@ConditionalOnBean 
(names: org.springframe
work.scheduling.config.
internalScheduledAnnota
tionProcessor; 
SearchStrategy: all) 
did not find any beans 
named org.springframewo
rk.scheduling.config.in
ternalScheduledAnnotati
onProcessor 
(OnBeanCondition)

   TemplateEngineConfig
urations.ReactiveTempla
teEngineConfiguration:
      Did not match:
         - did not 
find reactive web 
application classes (On
WebApplicationCondition
)

   ThreadDumpEndpointAu
toConfiguration:
      Did not match:
         - @Conditional
OnAvailableEndpoint 
not exposed (OnAvailabl
eEndpointCondition)

   ThymeleafAutoConfigu
ration.DataAttributeDia
lectConfiguration:
      Did not match:
         - 
@ConditionalOnClass 
did not find required 
class 'com.github.mxab.
thymeleaf.extras.dataat
tribute.dialect.DataAtt
ributeDialect' 
(OnClassCondition)

   ThymeleafAutoConfigu
ration.ThymeleafWebFlux
Configuration:
      Did not match:
         - did not 
find reactive web 
application classes (On
WebApplicationCondition
)

   ThymeleafAutoConfigu
ration.ThymeleafWebLayo
utConfiguration:
      Did not match:
         - 
@ConditionalOnClass 
did not find required 
class 'nz.net.ultraq.th
ymeleaf.layoutdialect.L
ayoutDialect' 
(OnClassCondition)

   ThymeleafAutoConfigu
ration.ThymeleafWebMvcC
onfiguration#resourceUr
lEncodingFilter:
      Did not match:
         - @Conditional
OnEnabledResourceChain 
did not find class org.
webjars.WebJarVersionLo
cator (OnEnabledResourc
eChainCondition)

   TomcatReactiveManage
mentContextAutoConfigur
ation:
      Did not match:
         - @Conditional
OnWebApplication did 
not find reactive web 
application classes (On
WebApplicationCondition
)

   TomcatReactiveWebSer
verAutoConfiguration:
      Did not match:
         - @Conditional
OnWebApplication did 
not find reactive web 
application classes (On
WebApplicationCondition
)

   TomcatServletManagem
entContextAutoConfigura
tion:
      Did not match:
         - Management 
Port actual port type 
(SAME) did not match 
required type 
(DIFFERENT) (OnManageme
ntPortCondition)
      Matched:
         - 
@ConditionalOnClass 
found required class 'o
rg.springframework.boot
.actuate.autoconfigure.
web.server.ManagementCo
ntextFactory' 
(OnClassCondition)
         - found 
'session' scope (OnWebA
pplicationCondition)

   TomcatServletWebServ
erAutoConfiguration#tom
catForwardedHeaderFilte
rCustomizer:
      Did not match:
         - 
@ConditionalOnProperty 
(server.forward-headers
-strategy=framework) 
did not find property '
server.forward-headers-
strategy' 
(OnPropertyCondition)

   TomcatWebServerConfi
guration:
      Did not match:
         - Application 
is deployed as a WAR 
file. (OnWarDeploymentC
ondition)

   TransactionAutoConfi
guration#transactionalO
perator:
      Did not match:
         - @Conditional
OnSingleCandidate 
(types: org.springframe
work.transaction.Reacti
veTransactionManager; 
SearchStrategy: all) 
did not find any beans 
(OnBeanCondition)

   TransactionAutoConfi
guration.AspectJTransac
tionManagementConfigura
tion:
      Did not match:
         - 
@ConditionalOnBean 
(types: org.springframe
work.transaction.aspect
j.AbstractTransactionAs
pect; SearchStrategy: 
all) did not find any 
beans of type org.sprin
gframework.transaction.
aspectj.AbstractTransac
tionAspect 
(OnBeanCondition)

   TransactionAutoConfi
guration.EnableTransact
ionManagementConfigurat
ion.JdkDynamicAutoProxy
Configuration:
      Did not match:
         - @Conditional
OnBooleanProperty (spri
ng.aop.proxy-target-cla
ss=false) did not find 
property 'spring.aop.pr
oxy-target-class' 
(OnPropertyCondition)

   UserDetailsServiceAu
toConfiguration:
      Did not match:
         - 
AnyNestedCondition 0 
matched 3 did not; 
NestedCondition on Miss
ingAlternativeUserDetai
lsManagerOrUserProperti
esConfigured.PasswordCo
nfigured 
@ConditionalOnProperty 
(spring.security.user.p
assword) did not find 
property 'spring.securi
ty.user.password'; 
NestedCondition on Miss
ingAlternativeUserDetai
lsManagerOrUserProperti
esConfigured.NameConfig
ured 
@ConditionalOnProperty 
(spring.security.user.n
ame) did not find 
property 'spring.securi
ty.user.name'; 
NestedCondition on Miss
ingAlternativeUserDetai
lsManagerOrUserProperti
esConfigured.MissingAlt
ernative @ConditionalOn
MissingClass found 
unwanted class 'org.spr
ingframework.security.o
auth2.server.resource.i
ntrospection.OpaqueToke
nIntrospector' (Missing
AlternativeUserDetailsM
anagerOrUserPropertiesC
onfigured)
      Matched:
         - 
@ConditionalOnClass 
found required class 'o
rg.springframework.secu
rity.authentication.Aut
henticationManager' 
(OnClassCondition)
         - found 
'session' scope (OnWebA
pplicationCondition)

   WebMvcAutoConfigurat
ion#hiddenHttpMethodFil
ter:
      Did not match:
         - @Conditional
OnBooleanProperty (spri
ng.mvc.hiddenmethod.fil
ter.enabled=true) did 
not find property 'spri
ng.mvc.hiddenmethod.fil
ter.enabled' 
(OnPropertyCondition)

   WebMvcAutoConfigurat
ion.ProblemDetailsError
HandlingConfiguration:
      Did not match:
         - @Conditional
OnBooleanProperty (spri
ng.mvc.problemdetails.e
nabled=true) did not 
find property 'spring.m
vc.problemdetails.enabl
ed' 
(OnPropertyCondition)

   WebMvcAutoConfigurat
ion.ResourceChainCustom
izerConfiguration:
      Did not match:
         - @Conditional
OnEnabledResourceChain 
did not find class org.
webjars.WebJarVersionLo
cator (OnEnabledResourc
eChainCondition)

   WebMvcAutoConfigurat
ion.WebMvcAutoConfigura
tionAdapter#beanNameVie
wResolver:
      Did not match:
         - @Conditional
OnMissingBean (types: o
rg.springframework.web.
servlet.view.BeanNameVi
ewResolver; 
SearchStrategy: all) 
found beans of type 'or
g.springframework.web.s
ervlet.view.BeanNameVie
wResolver' 
beanNameViewResolver 
(OnBeanCondition)

   WebMvcEndpointManage
mentContextConfiguratio
n#endpointJackson2Objec
tMapperWebMvcConfigurer
:
      Did not match:
         - 
@ConditionalOnBean 
(types: org.springframe
work.boot.actuate.endpo
int.jackson.EndpointJac
kson2ObjectMapper; 
SearchStrategy: all) 
did not find any beans 
of type org.springframe
work.boot.actuate.endpo
int.jackson.EndpointJac
kson2ObjectMapper 
(OnBeanCondition)

   WebMvcEndpointManage
mentContextConfiguratio
n#managementHealthEndpo
intWebMvcHandlerMapping
:
      Did not match:
         - Management 
Port actual port type 
(SAME) did not match 
required type 
(DIFFERENT) (OnManageme
ntPortCondition)

   WebMvcMappingsAutoCo
nfiguration:
      Did not match:
         - @Conditional
OnAvailableEndpoint 
not exposed (OnAvailabl
eEndpointCondition)
      Matched:
         - 
@ConditionalOnClass 
found required classes 
'org.springframework.bo
ot.actuate.autoconfigur
e.endpoint.condition.Co
nditionalOnAvailableEnd
point', 'org.springfram
ework.web.servlet.Dispa
tcherServlet', 'org.spr
ingframework.boot.actua
te.web.mappings.Mapping
sEndpoint' 
(OnClassCondition)
         - found 
'session' scope (OnWebA
pplicationCondition)

   WebSocketMessagingAu
toConfiguration.Jackson
2WebSocketMessageConver
terConfiguration:
      Did not match:
         - 
@ConditionalOnClass 
did not find required 
class 'com.fasterxml.ja
ckson.databind.ObjectMa
pper' 
(OnClassCondition)

   XADataSourceAutoConf
iguration:
      Did not match:
         - 
@ConditionalOnBean 
(types: org.springframe
work.boot.jdbc.XADataSo
urceWrapper; 
SearchStrategy: all) 
did not find any beans 
of type org.springframe
work.boot.jdbc.XADataSo
urceWrapper 
(OnBeanCondition)
      Matched:
         - 
@ConditionalOnClass 
found required classes 
'javax.sql.DataSource',
 'jakarta.transaction.T
ransactionManager', 'or
g.springframework.jdbc.
datasource.embedded.Emb
eddedDatabaseType' 
(OnClassCondition)


Exclusions:
-----------

    None


Unconditional classes:
----------------------

    com.turkraft.spring
filter.transformer.proc
essor.IsNotEmptyOperati
onExpressionProcessor

    com.turkraft.spring
filter.transformer.proc
essor.LocalDateTimeFunc
tionExpressionProcessor

    com.turkraft.spring
filter.transformer.proc
essor.LengthFunctionExp
ressionProcessor

    com.turkraft.spring
filter.language.Current
DateFunction

    com.turkraft.spring
filter.boot.FilterSpeci
ficationArgumentResolve
rConfigurer

    com.turkraft.spring
filter.language.Greater
ThanOperator

    com.turkraft.spring
filter.language.AndOper
ator

    com.turkraft.spring
filter.transformer.proc
essor.LikeOperationExpr
essionProcessor

    com.turkraft.spring
filter.transformer.proc
essor.SubstringFunction
ExpressionProcessor

    com.turkraft.spring
filter.transformer.proc
essor.IsNotNullOperatio
nExpressionProcessor

    com.turkraft.spring
filter.transformer.proc
essor.factory.FilterOpe
rationProcessorFactoryI
mpl

    com.turkraft.spring
filter.language.LessTha
nOrEqualOperator

    com.turkraft.spring
filter.language.LeastFu
nction

    com.turkraft.spring
filter.language.SumFunc
tion

    com.turkraft.spring
filter.language.FloorFu
nction

    com.turkraft.spring
filter.language.TrimFun
ction

    com.turkraft.spring
filter.definition.Filte
rOperatorsImpl

    com.turkraft.spring
filter.language.AbsFunc
tion

    com.turkraft.spring
filter.transformer.proc
essor.LnFunctionExpress
ionProcessor

    com.turkraft.spring
filter.boot.FilterConve
rsionServiceConfigurati
on

    com.turkraft.spring
filter.transformer.proc
essor.CountFunctionExpr
essionProcessor

    com.turkraft.spring
filter.transformer.proc
essor.NotOperationExpre
ssionProcessor

    com.turkraft.spring
filter.transformer.proc
essor.LeastFunctionExpr
essionProcessor

    com.turkraft.spring
filter.language.Current
TimeFunction

    com.turkraft.spring
filter.language.Insensi
tiveLikeOperator

    com.turkraft.spring
filter.transformer.proc
essor.ModFunctionExpres
sionProcessor

    com.turkraft.spring
filter.transformer.proc
essor.PowerFunctionExpr
essionProcessor

    com.turkraft.spring
filter.transformer.proc
essor.InOperationExpres
sionProcessor

    com.turkraft.spring
filter.transformer.proc
essor.CurrentTimestampF
unctionExpressionProces
sor

    com.turkraft.spring
filter.transformer.proc
essor.CurrentDateFuncti
onExpressionProcessor

    com.turkraft.spring
filter.parser.FilterPar
serImpl

    com.turkraft.spring
filter.language.NotOper
ator

    com.turkraft.spring
filter.language.IsNotNu
llOperator

    com.turkraft.spring
filter.definition.Filte
rPlaceholdersImpl

    com.turkraft.spring
filter.definition.Filte
rFunctionsImpl

    com.turkraft.spring
filter.language.InOpera
tor

    com.turkraft.spring
filter.transformer.proc
essor.GreaterThanOrEqua
lOperationExpressionPro
cessor

    com.turkraft.spring
filter.transformer.proc
essor.DiffFunctionExpre
ssionProcessor

    com.turkraft.spring
filter.language.ToInteg
erFunction

    com.turkraft.spring
filter.transformer.proc
essor.InsensitiveLikeOp
erationExpressionProces
sor

    com.turkraft.spring
filter.language.QuotFun
ction

    com.turkraft.spring
filter.language.CountFu
nction

    com.turkraft.spring
filter.language.DiffFun
ction

    com.turkraft.spring
filter.language.ProdFun
ction

    com.turkraft.spring
filter.transformer.proc
essor.TrimFunctionExpre
ssionProcessor

    com.turkraft.spring
filter.language.MaxFunc
tion

    com.turkraft.spring
filter.language.ToBigDe
cimalFunction

    com.turkraft.spring
filter.transformer.proc
essor.NotEqualOperation
ExpressionProcessor

    com.turkraft.spring
filter.language.ModFunc
tion

    com.turkraft.spring
filter.helper.Expressio
nHelperImpl

    com.turkraft.spring
filter.transformer.proc
essor.LessThanOperation
ExpressionProcessor

    com.turkraft.spring
filter.language.IsNullO
perator

    com.turkraft.spring
filter.transformer.proc
essor.IsEmptyOperationE
xpressionProcessor

2026-03-25T21:23:21.826+07:00  INFO 11448 --- [ecommerce] [           main] .s.b.a.l.ConditionEvaluationReportLogger : 

Error starting ApplicationContext. To display the condition evaluation report re-run your application with 'debug' enabled.
2026-03-25T21:23:21.848+07:00 ERROR 11448 --- [ecommerce] [           main] o.s.boot.SpringApplication               : Application run failed

org.springframework.beans.factory.BeanCreationException: Error creating bean with name 'entityManagerFactory' defined in class path resource [org/springframework/boot/hibernate/autoconfigure/HibernateJpaConfiguration.class]: Unable to build Hibernate SessionFactory  [persistence unit: default] ; nested exception is org.hibernate.exception.JDBCConnectionException: Unable to open JDBC Connection for DDL execution [Unsupported connection setting "NOT_FIXED_11" [90113-240]] [n/a]
	at org.springframework.beans.factory.support.AbstractAutowireCapableBeanFactory.initializeBean(AbstractAutowireCapableBeanFactory.java:1817) ~[spring-beans-7.0.2.jar:7.0.2]
	at org.springframework.beans.factory.support.AbstractAutowireCapableBeanFactory.doCreateBean(AbstractAutowireCapableBeanFactory.java:603) ~[spring-beans-7.0.2.jar:7.0.2]
	at org.springframework.beans.factory.support.AbstractAutowireCapableBeanFactory.createBean(AbstractAutowireCapableBeanFactory.java:525) ~[spring-beans-7.0.2.jar:7.0.2]
	at org.springframework.beans.factory.support.AbstractBeanFactory.lambda$doGetBean$0(AbstractBeanFactory.java:333) ~[spring-beans-7.0.2.jar:7.0.2]
	at org.springframework.beans.factory.support.DefaultSingletonBeanRegistry.getSingleton(DefaultSingletonBeanRegistry.java:371) ~[spring-beans-7.0.2.jar:7.0.2]
	at org.springframework.beans.factory.support.AbstractBeanFactory.doGetBean(AbstractBeanFactory.java:331) ~[spring-beans-7.0.2.jar:7.0.2]
	at org.springframework.beans.factory.support.AbstractBeanFactory.getBean(AbstractBeanFactory.java:201) ~[spring-beans-7.0.2.jar:7.0.2]
	at org.springframework.context.support.AbstractApplicationContext.finishBeanFactoryInitialization(AbstractApplicationContext.java:976) ~[spring-context-7.0.2.jar:7.0.2]
	at org.springframework.context.support.AbstractApplicationContext.refresh(AbstractApplicationContext.java:620) ~[spring-context-7.0.2.jar:7.0.2]
	at org.springframework.boot.SpringApplication.refresh(SpringApplication.java:756) ~[spring-boot-4.0.1.jar:4.0.1]
	at org.springframework.boot.SpringApplication.refreshContext(SpringApplication.java:445) ~[spring-boot-4.0.1.jar:4.0.1]
	at org.springframework.boot.SpringApplication.run(SpringApplication.java:321) ~[spring-boot-4.0.1.jar:4.0.1]
	at org.springframework.boot.test.context.SpringBootContextLoader.lambda$loadContext$2(SpringBootContextLoader.java:156) ~[spring-boot-test-4.0.1.jar:4.0.1]
	at org.springframework.util.function.ThrowingSupplier.get(ThrowingSupplier.java:58) ~[spring-core-7.0.2.jar:7.0.2]
	at org.springframework.util.function.ThrowingSupplier.get(ThrowingSupplier.java:46) ~[spring-core-7.0.2.jar:7.0.2]
	at org.springframework.boot.SpringApplication.withHook(SpringApplication.java:1465) ~[spring-boot-4.0.1.jar:4.0.1]
	at org.springframework.boot.test.context.SpringBootContextLoader$ContextLoaderHook.run(SpringBootContextLoader.java:605) ~[spring-boot-test-4.0.1.jar:4.0.1]
	at org.springframework.boot.test.context.SpringBootContextLoader.loadContext(SpringBootContextLoader.java:156) ~[spring-boot-test-4.0.1.jar:4.0.1]
	at org.springframework.boot.test.context.SpringBootContextLoader.loadContext(SpringBootContextLoader.java:115) ~[spring-boot-test-4.0.1.jar:4.0.1]
	at org.springframework.test.context.cache.DefaultCacheAwareContextLoaderDelegate.loadContextInternal(DefaultCacheAwareContextLoaderDelegate.java:247) ~[spring-test-7.0.2.jar:7.0.2]
	at org.springframework.test.context.cache.DefaultCacheAwareContextLoaderDelegate.lambda$loadContext$0(DefaultCacheAwareContextLoaderDelegate.java:167) ~[spring-test-7.0.2.jar:7.0.2]
	at org.springframework.test.context.cache.DefaultContextCache.put(DefaultContextCache.java:172) ~[spring-test-7.0.2.jar:7.0.2]
	at org.springframework.test.context.cache.DefaultCacheAwareContextLoaderDelegate.loadContext(DefaultCacheAwareContextLoaderDelegate.java:160) ~[spring-test-7.0.2.jar:7.0.2]
	at org.springframework.test.context.support.DefaultTestContext.getApplicationContext(DefaultTestContext.java:128) ~[spring-test-7.0.2.jar:7.0.2]
	at org.springframework.test.context.web.ServletTestExecutionListener.setUpRequestContextIfNecessary(ServletTestExecutionListener.java:200) ~[spring-test-7.0.2.jar:7.0.2]
	at org.springframework.test.context.web.ServletTestExecutionListener.prepareTestInstance(ServletTestExecutionListener.java:139) ~[spring-test-7.0.2.jar:7.0.2]
	at org.springframework.test.context.TestContextManager.prepareTestInstance(TestContextManager.java:260) ~[spring-test-7.0.2.jar:7.0.2]
	at org.springframework.test.context.junit.jupiter.SpringExtension.postProcessTestInstance(SpringExtension.java:205) ~[spring-test-7.0.2.jar:7.0.2]
	at org.junit.jupiter.engine.descriptor.ClassBasedTestDescriptor.lambda$invokeTestInstancePostProcessors$1(ClassBasedTestDescriptor.java:423) ~[junit-jupiter-engine-6.0.1.jar:6.0.1]
	at org.junit.jupiter.engine.descriptor.ClassBasedTestDescriptor.executeAndMaskThrowable(ClassBasedTestDescriptor.java:428) ~[junit-jupiter-engine-6.0.1.jar:6.0.1]
	at org.junit.jupiter.engine.descriptor.ClassBasedTestDescriptor.lambda$invokeTestInstancePostProcessors$0(ClassBasedTestDescriptor.java:422) ~[junit-jupiter-engine-6.0.1.jar:6.0.1]
	at java.base/java.util.stream.ForEachOps$ForEachOp$OfRef.accept(ForEachOps.java:184) ~[na:na]
	at java.base/java.util.stream.ReferencePipeline$3$1.accept(ReferencePipeline.java:197) ~[na:na]
	at java.base/java.util.stream.ReferencePipeline$2$1.accept(ReferencePipeline.java:179) ~[na:na]
	at java.base/java.util.stream.ReferencePipeline$3$1.accept(ReferencePipeline.java:197) ~[na:na]
	at java.base/java.util.ArrayList$ArrayListSpliterator.forEachRemaining(ArrayList.java:1708) ~[na:na]
	at java.base/java.util.stream.AbstractPipeline.copyInto(AbstractPipeline.java:509) ~[na:na]
	at java.base/java.util.stream.AbstractPipeline.wrapAndCopyInto(AbstractPipeline.java:499) ~[na:na]
	at java.base/java.util.stream.ForEachOps$ForEachOp.evaluateSequential(ForEachOps.java:151) ~[na:na]
	at java.base/java.util.stream.ForEachOps$ForEachOp$OfRef.evaluateSequential(ForEachOps.java:174) ~[na:na]
	at java.base/java.util.stream.AbstractPipeline.evaluate(AbstractPipeline.java:234) ~[na:na]
	at java.base/java.util.stream.ReferencePipeline.forEach(ReferencePipeline.java:596) ~[na:na]
	at org.junit.jupiter.engine.descriptor.ClassBasedTestDescriptor.invokeTestInstancePostProcessors(ClassBasedTestDescriptor.java:422) ~[junit-jupiter-engine-6.0.1.jar:6.0.1]
	at org.junit.jupiter.engine.descriptor.ClassBasedTestDescriptor.lambda$instantiateAndPostProcessTestInstance$0(ClassBasedTestDescriptor.java:334) ~[junit-jupiter-engine-6.0.1.jar:6.0.1]
	at org.junit.platform.engine.support.hierarchical.ThrowableCollector.execute(ThrowableCollector.java:74) ~[junit-platform-engine-6.0.1.jar:6.0.1]
	at org.junit.jupiter.engine.descriptor.ClassBasedTestDescriptor.instantiateAndPostProcessTestInstance(ClassBasedTestDescriptor.java:333) ~[junit-jupiter-engine-6.0.1.jar:6.0.1]
	at org.junit.jupiter.engine.descriptor.ClassBasedTestDescriptor.lambda$testInstancesProvider$1(ClassBasedTestDescriptor.java:322) ~[junit-jupiter-engine-6.0.1.jar:6.0.1]
	at java.base/java.util.Optional.orElseGet(Optional.java:364) ~[na:na]
	at org.junit.jupiter.engine.descriptor.ClassBasedTestDescriptor.lambda$testInstancesProvider$0(ClassBasedTestDescriptor.java:321) ~[junit-jupiter-engine-6.0.1.jar:6.0.1]
	at org.junit.jupiter.engine.execution.TestInstancesProvider.getTestInstances(TestInstancesProvider.java:27) ~[junit-jupiter-engine-6.0.1.jar:6.0.1]
	at org.junit.jupiter.engine.descriptor.TestMethodTestDescriptor.lambda$prepare$0(TestMethodTestDescriptor.java:127) ~[junit-jupiter-engine-6.0.1.jar:6.0.1]
	at org.junit.platform.engine.support.hierarchical.ThrowableCollector.execute(ThrowableCollector.java:74) ~[junit-platform-engine-6.0.1.jar:6.0.1]
	at org.junit.jupiter.engine.descriptor.TestMethodTestDescriptor.prepare(TestMethodTestDescriptor.java:126) ~[junit-jupiter-engine-6.0.1.jar:6.0.1]
	at org.junit.jupiter.engine.descriptor.TestMethodTestDescriptor.prepare(TestMethodTestDescriptor.java:70) ~[junit-jupiter-engine-6.0.1.jar:6.0.1]
	at org.junit.platform.engine.support.hierarchical.NodeTestTask.lambda$prepare$0(NodeTestTask.java:144) ~[junit-platform-engine-6.0.1.jar:6.0.1]
	at org.junit.platform.engine.support.hierarchical.ThrowableCollector.execute(ThrowableCollector.java:74) ~[junit-platform-engine-6.0.1.jar:6.0.1]
	at org.junit.platform.engine.support.hierarchical.NodeTestTask.prepare(NodeTestTask.java:144) ~[junit-platform-engine-6.0.1.jar:6.0.1]
	at org.junit.platform.engine.support.hierarchical.NodeTestTask.execute(NodeTestTask.java:110) ~[junit-platform-engine-6.0.1.jar:6.0.1]
	at java.base/java.util.ArrayList.forEach(ArrayList.java:1596) ~[na:na]
	at org.junit.platform.engine.support.hierarchical.SameThreadHierarchicalTestExecutorService.invokeAll(SameThreadHierarchicalTestExecutorService.java:42) ~[junit-platform-engine-6.0.1.jar:6.0.1]
	at org.junit.platform.engine.support.hierarchical.NodeTestTask.lambda$executeRecursively$2(NodeTestTask.java:180) ~[junit-platform-engine-6.0.1.jar:6.0.1]
	at org.junit.platform.engine.support.hierarchical.ThrowableCollector.execute(ThrowableCollector.java:74) ~[junit-platform-engine-6.0.1.jar:6.0.1]
	at org.junit.platform.engine.support.hierarchical.NodeTestTask.lambda$executeRecursively$1(NodeTestTask.java:166) ~[junit-platform-engine-6.0.1.jar:6.0.1]
	at org.junit.platform.engine.support.hierarchical.Node.around(Node.java:138) ~[junit-platform-engine-6.0.1.jar:6.0.1]
	at org.junit.platform.engine.support.hierarchical.NodeTestTask.lambda$executeRecursively$0(NodeTestTask.java:164) ~[junit-platform-engine-6.0.1.jar:6.0.1]
	at org.junit.platform.engine.support.hierarchical.ThrowableCollector.execute(ThrowableCollector.java:74) ~[junit-platform-engine-6.0.1.jar:6.0.1]
	at org.junit.platform.engine.support.hierarchical.NodeTestTask.executeRecursively(NodeTestTask.java:163) ~[junit-platform-engine-6.0.1.jar:6.0.1]
	at org.junit.platform.engine.support.hierarchical.NodeTestTask.execute(NodeTestTask.java:116) ~[junit-platform-engine-6.0.1.jar:6.0.1]
	at java.base/java.util.ArrayList.forEach(ArrayList.java:1596) ~[na:na]
	at org.junit.platform.engine.support.hierarchical.SameThreadHierarchicalTestExecutorService.invokeAll(SameThreadHierarchicalTestExecutorService.java:42) ~[junit-platform-engine-6.0.1.jar:6.0.1]
	at org.junit.platform.engine.support.hierarchical.NodeTestTask.lambda$executeRecursively$2(NodeTestTask.java:180) ~[junit-platform-engine-6.0.1.jar:6.0.1]
	at org.junit.platform.engine.support.hierarchical.ThrowableCollector.execute(ThrowableCollector.java:74) ~[junit-platform-engine-6.0.1.jar:6.0.1]
	at org.junit.platform.engine.support.hierarchical.NodeTestTask.lambda$executeRecursively$1(NodeTestTask.java:166) ~[junit-platform-engine-6.0.1.jar:6.0.1]
	at org.junit.platform.engine.support.hierarchical.Node.around(Node.java:138) ~[junit-platform-engine-6.0.1.jar:6.0.1]
	at org.junit.platform.engine.support.hierarchical.NodeTestTask.lambda$executeRecursively$0(NodeTestTask.java:164) ~[junit-platform-engine-6.0.1.jar:6.0.1]
	at org.junit.platform.engine.support.hierarchical.ThrowableCollector.execute(ThrowableCollector.java:74) ~[junit-platform-engine-6.0.1.jar:6.0.1]
    com.turkraft.spring
filter.boot.FilterSpeci
ficationConverterRegist
rar

    com.turkraft.spring
filter.transformer.proc
essor.SqrtFunctionExpre
ssionProcessor

    com.turkraft.spring
filter.language.CountDi
stinctFunction

    com.turkraft.spring
filter.language.ToDoubl
eFunction

    com.turkraft.spring
filter.language.ExistsF
unction

    com.turkraft.spring
filter.language.AvgFunc
tion

    com.turkraft.spring
filter.transformer.proc
essor.NegFunctionExpres
sionProcessor

    com.turkraft.spring
filter.transformer.proc
essor.LocalDateFunction
ExpressionProcessor

    com.turkraft.spring
filter.transformer.proc
essor.ExistsFunctionExp
ressionProcessor

    com.turkraft.spring
filter.language.LikeOpe
rator

    com.turkraft.spring
filter.language.SqrtFun
ction

    com.turkraft.spring
filter.transformer.proc
essor.LowerFunctionExpr
essionProcessor

    com.turkraft.spring
filter.language.Ceiling
Function

    com.turkraft.spring
filter.language.Substri
ngFunction

    com.turkraft.spring
filter.transformer.proc
essor.AvgFunctionExpres
sionProcessor

    com.turkraft.spring
filter.transformer.proc
essor.IsNullOperationEx
pressionProcessor

    com.turkraft.spring
filter.language.LocalTi
meFunction

    com.turkraft.spring
filter.transformer.proc
essor.TodayFunctionExpr
essionProcessor

    com.turkraft.spring
filter.transformer.proc
essor.ToStringFunctionE
xpressionProcessor

    com.turkraft.spring
filter.language.SizeFun
ction

    com.turkraft.spring
filter.language.UpperFu
nction

    org.springframework
.boot.autoconfigure.ava
ilability.ApplicationAv
ailabilityAutoConfigura
tion

    com.turkraft.spring
filter.transformer.proc
essor.FloorFunctionExpr
essionProcessor

    com.turkraft.spring
filter.language.MinFunc
tion

    com.turkraft.spring
filter.language.LengthF
unction

    com.turkraft.spring
filter.language.LocalDa
teFunction

    com.turkraft.spring
filter.language.NotInOp
erator

    org.springframework
.boot.actuate.autoconfi
gure.info.InfoContribut
orAutoConfiguration

    org.springframework
.boot.autoconfigure.con
text.PropertyPlaceholde
rAutoConfiguration

    com.turkraft.spring
filter.language.Greater
ThanOrEqualOperator

    com.turkraft.spring
filter.language.LowerFu
nction

    org.springframework
.boot.health.autoconfig
ure.contributor.HealthC
ontributorAutoConfigura
tion

    com.turkraft.spring
filter.transformer.proc
essor.LessThanOrEqualOp
erationExpressionProces
sor

    com.turkraft.spring
filter.language.ToStrin
gFunction

    com.turkraft.spring
filter.transformer.proc
essor.factory.FilterFun
ctionProcessorFactoryIm
pl

    com.turkraft.spring
filter.transformer.proc
essor.ProdFunctionExpre
ssionProcessor

    com.turkraft.spring
filter.language.PowerFu
nction

    com.turkraft.spring
filter.language.AnyFunc
tion

    com.turkraft.spring
filter.converter.Filter
SpecificationConverterI
mpl

    com.turkraft.spring
filter.transformer.proc
essor.LocalTimeFunction
ExpressionProcessor

    com.turkraft.spring
filter.transformer.proc
essor.AbsFunctionExpres
sionProcessor

    com.turkraft.spring
filter.language.ExpFunc
tion

    com.turkraft.spring
filter.transformer.proc
essor.ConcatFunctionExp
ressionProcessor

    com.turkraft.spring
filter.transformer.proc
essor.NotInOperationExp
ressionProcessor

    com.turkraft.spring
filter.language.LessTha
nOperator

    org.springframework
.boot.actuate.autoconfi
gure.endpoint.EndpointA
utoConfiguration

    com.turkraft.spring
filter.transformer.proc
essor.ToFloatFunctionEx
pressionProcessor

    com.turkraft.spring
filter.transformer.proc
essor.AndOperationExpre
ssionProcessor

    com.turkraft.spring
filter.transformer.proc
essor.MinFunctionExpres
sionProcessor

    com.turkraft.spring
filter.language.NotEqua
lOperator

    com.turkraft.spring
filter.language.IsNotEm
ptyOperator

    com.turkraft.spring
filter.transformer.proc
essor.HelloWorldPlaceho
lderExpressionProcessor

    com.turkraft.spring
filter.language.Current
TimestampFunction

    com.turkraft.spring
filter.language.HelloWo
rldPlaceholder

    com.turkraft.spring
filter.language.LocalDa
teTimeFunction

    com.turkraft.spring
filter.transformer.proc
essor.OrOperationExpres
sionProcessor

    com.turkraft.spring
filter.transformer.proc
essor.SizeFunctionExpre
ssionProcessor

    com.turkraft.spring
filter.transformer.proc
essor.CeilingFunctionEx
pressionProcessor

    com.turkraft.spring
filter.boot.FilterNodeA
rgumentResolverHelper

    org.springframework
.boot.autoconfigure.con
text.LifecycleAutoConfi
guration

    com.turkraft.spring
filter.transformer.proc
essor.GreatestFunctionE
xpressionProcessor

    com.turkraft.spring
filter.transformer.proc
essor.LocateFunctionExp
ressionProcessor

    com.turkraft.spring
filter.language.SomeFun
ction

    com.turkraft.spring
filter.builder.FilterBu
ilder

    com.turkraft.spring
filter.transformer.proc
essor.ToBigIntegerFunct
ionExpressionProcessor

    com.turkraft.spring
filter.transformer.proc
essor.UpperFunctionExpr
essionProcessor

    com.turkraft.spring
filter.language.AllFunc
tion

    com.turkraft.spring
filter.transformer.proc
essor.ExpFunctionExpres
sionProcessor

    com.turkraft.spring
filter.transformer.proc
essor.SumFunctionExpres
sionProcessor

    com.turkraft.spring
filter.language.IsEmpty
Operator

    com.turkraft.spring
filter.language.SignFun
ction

    com.turkraft.spring
filter.parser.AntlrPars
er

    com.turkraft.spring
filter.transformer.proc
essor.ToBigDecimalFunct
ionExpressionProcessor

    com.turkraft.spring
filter.transformer.proc
essor.factory.FilterPla
ceholderProcessorFactor
yImpl

    com.turkraft.spring
filter.language.ConcatF
unction

    com.turkraft.spring
filter.transformer.proc
essor.GreaterThanOperat
ionExpressionProcessor

    com.turkraft.spring
filter.language.LnFunct
ion

    com.turkraft.spring
filter.transformer.proc
essor.ToDoubleFunctionE
xpressionProcessor

    com.turkraft.spring
filter.language.ToFloat
Function

    com.turkraft.spring
filter.language.Greates
tFunction

    com.turkraft.spring
filter.boot.FilterNodeA
rgumentResolverConfigur
er

    com.turkraft.spring
filter.transformer.proc
essor.QuotFunctionExpre
ssionProcessor

    org.springframework
.boot.health.autoconfig
ure.registry.HealthCont
ributorRegistryAutoConf
iguration

    com.turkraft.spring
filter.language.TodayFu
nction

    org.springframework
.boot.autoconfigure.con
text.ConfigurationPrope
rtiesAutoConfiguration

    com.turkraft.spring
filter.language.NegFunc
tion

    org.springframework
.boot.autoconfigure.ssl
.SslAutoConfiguration

    com.turkraft.spring
filter.language.EqualOp
erator

    com.turkraft.spring
filter.language.LocateF
unction

	at org.junit.platform.engine.support.hierarchical.NodeTestTask.executeRecursively(NodeTestTask.java:163) ~[junit-platform-engine-6.0.1.jar:6.0.1]
	at org.junit.platform.engine.support.hierarchical.NodeTestTask.execute(NodeTestTask.java:116) ~[junit-platform-engine-6.0.1.jar:6.0.1]
	at org.junit.platform.engine.support.hierarchical.SameThreadHierarchicalTestExecutorService.submit(SameThreadHierarchicalTestExecutorService.java:36) ~[junit-platform-engine-6.0.1.jar:6.0.1]
	at org.junit.platform.engine.support.hierarchical.HierarchicalTestExecutor.execute(HierarchicalTestExecutor.java:52) ~[junit-platform-engine-6.0.1.jar:6.0.1]
	at org.junit.platform.engine.support.hierarchical.HierarchicalTestEngine.execute(HierarchicalTestEngine.java:58) ~[junit-platform-engine-6.0.1.jar:6.0.1]
    com.turkraft.spring
filter.transformer.proc
essor.SignFunctionExpre
ssionProcessor

    com.turkraft.spring
filter.language.OrOpera
tor

    com.turkraft.spring
filter.converter.Filter
StringConverterImpl

    com.turkraft.spring
filter.transformer.proc
essor.factory.FilterNod
eProcessorFactoriesImpl

    org.springframework
.boot.actuate.autoconfi
gure.web.server.Managem
entContextAutoConfigura
tion

    com.turkraft.spring
filter.transformer.proc
essor.EqualOperationExp
ressionProcessor

    com.turkraft.spring
filter.transformer.proc
essor.CurrentTimeFuncti
onExpressionProcessor

    com.turkraft.spring
filter.transformer.proc
essor.MaxFunctionExpres
sionProcessor

    com.turkraft.spring
filter.language.ToBigIn
tegerFunction

    com.turkraft.spring
filter.boot.FilterStrin
gConverterRegistrar

    org.springframework
.boot.autoconfigure.inf
o.ProjectInfoAutoConfig
uration

    com.turkraft.spring
filter.transformer.proc
essor.ToIntegerFunction
ExpressionProcessor



	at org.junit.platform.launcher.core.EngineExecutionOrchestrator.executeEngine(EngineExecutionOrchestrator.java:246) ~[junit-platform-launcher-6.0.1.jar:6.0.1]
	at org.junit.platform.launcher.core.EngineExecutionOrchestrator.failOrExecuteEngine(EngineExecutionOrchestrator.java:218) ~[junit-platform-launcher-6.0.1.jar:6.0.1]
	at org.junit.platform.launcher.core.EngineExecutionOrchestrator.execute(EngineExecutionOrchestrator.java:179) ~[junit-platform-launcher-6.0.1.jar:6.0.1]
	at org.junit.platform.launcher.core.EngineExecutionOrchestrator.execute(EngineExecutionOrchestrator.java:108) ~[junit-platform-launcher-6.0.1.jar:6.0.1]
	at org.junit.platform.launcher.core.EngineExecutionOrchestrator.lambda$execute$0(EngineExecutionOrchestrator.java:66) ~[junit-platform-launcher-6.0.1.jar:6.0.1]
	at org.junit.platform.launcher.core.EngineExecutionOrchestrator.withInterceptedStreams(EngineExecutionOrchestrator.java:157) ~[junit-platform-launcher-6.0.1.jar:6.0.1]
	at org.junit.platform.launcher.core.EngineExecutionOrchestrator.execute(EngineExecutionOrchestrator.java:65) ~[junit-platform-launcher-6.0.1.jar:6.0.1]
	at org.junit.platform.launcher.core.DefaultLauncher.execute(DefaultLauncher.java:125) ~[junit-platform-launcher-6.0.1.jar:6.0.1]
	at org.junit.platform.launcher.core.DefaultLauncher.execute(DefaultLauncher.java:114) ~[junit-platform-launcher-6.0.1.jar:6.0.1]
	at org.junit.platform.launcher.core.DelegatingLauncher.execute(DelegatingLauncher.java:58) ~[junit-platform-launcher-6.0.1.jar:6.0.1]
	at org.junit.platform.launcher.core.InterceptingLauncher.lambda$execute$2(InterceptingLauncher.java:57) ~[junit-platform-launcher-6.0.1.jar:6.0.1]
	at org.junit.platform.launcher.core.ClasspathAlignmentCheckingLauncherInterceptor.intercept(ClasspathAlignmentCheckingLauncherInterceptor.java:25) ~[junit-platform-launcher-6.0.1.jar:6.0.1]
	at org.junit.platform.launcher.core.InterceptingLauncher.execute(InterceptingLauncher.java:56) ~[junit-platform-launcher-6.0.1.jar:6.0.1]
	at org.junit.platform.launcher.core.DelegatingLauncher.execute(DelegatingLauncher.java:58) ~[junit-platform-launcher-6.0.1.jar:6.0.1]
	at java.base/jdk.internal.reflect.DirectMethodHandleAccessor.invoke(DirectMethodHandleAccessor.java:103) ~[na:na]
	at java.base/java.lang.reflect.Method.invoke(Method.java:580) ~[na:na]
	at org.apache.maven.surefire.api.util.ReflectionUtils.invokeMethodWithArray(ReflectionUtils.java:125) ~[surefire-api-3.5.4.jar:3.5.4]
	at org.apache.maven.surefire.junitplatform.LauncherAdapter.executeWithCancellationToken(LauncherAdapter.java:68) ~[surefire-junit-platform-3.5.4.jar:3.5.4]
	at org.apache.maven.surefire.junitplatform.LauncherAdapter.execute(LauncherAdapter.java:54) ~[surefire-junit-platform-3.5.4.jar:3.5.4]
	at org.apache.maven.surefire.junitplatform.JUnitPlatformProvider.execute(JUnitPlatformProvider.java:203) ~[surefire-junit-platform-3.5.4.jar:3.5.4]
	at org.apache.maven.surefire.junitplatform.JUnitPlatformProvider.invokeAllTests(JUnitPlatformProvider.java:168) ~[surefire-junit-platform-3.5.4.jar:3.5.4]
	at org.apache.maven.surefire.junitplatform.JUnitPlatformProvider.invoke(JUnitPlatformProvider.java:136) ~[surefire-junit-platform-3.5.4.jar:3.5.4]
	at org.apache.maven.surefire.booter.ForkedBooter.runSuitesInProcess(ForkedBooter.java:385) ~[surefire-booter-3.5.4.jar:3.5.4]
	at org.apache.maven.surefire.booter.ForkedBooter.execute(ForkedBooter.java:162) ~[surefire-booter-3.5.4.jar:3.5.4]
	at org.apache.maven.surefire.booter.ForkedBooter.run(ForkedBooter.java:507) ~[surefire-booter-3.5.4.jar:3.5.4]
	at org.apache.maven.surefire.booter.ForkedBooter.main(ForkedBooter.java:495) ~[surefire-booter-3.5.4.jar:3.5.4]
Caused by: jakarta.persistence.PersistenceException: Unable to build Hibernate SessionFactory  [persistence unit: default] ; nested exception is org.hibernate.exception.JDBCConnectionException: Unable to open JDBC Connection for DDL execution [Unsupported connection setting "NOT_FIXED_11" [90113-240]] [n/a]
	at org.springframework.orm.jpa.AbstractEntityManagerFactoryBean.buildNativeEntityManagerFactory(AbstractEntityManagerFactoryBean.java:428) ~[spring-orm-7.0.2.jar:7.0.2]
	at org.springframework.orm.jpa.AbstractEntityManagerFactoryBean.afterPropertiesSet(AbstractEntityManagerFactoryBean.java:396) ~[spring-orm-7.0.2.jar:7.0.2]
	at org.springframework.orm.jpa.LocalContainerEntityManagerFactoryBean.afterPropertiesSet(LocalContainerEntityManagerFactoryBean.java:409) ~[spring-orm-7.0.2.jar:7.0.2]
	at org.springframework.beans.factory.support.AbstractAutowireCapableBeanFactory.invokeInitMethods(AbstractAutowireCapableBeanFactory.java:1864) ~[spring-beans-7.0.2.jar:7.0.2]
	at org.springframework.beans.factory.support.AbstractAutowireCapableBeanFactory.initializeBean(AbstractAutowireCapableBeanFactory.java:1813) ~[spring-beans-7.0.2.jar:7.0.2]
	... 106 common frames omitted
Caused by: org.hibernate.exception.JDBCConnectionException: Unable to open JDBC Connection for DDL execution [Unsupported connection setting "NOT_FIXED_11" [90113-240]] [n/a]
	at org.hibernate.exception.internal.SQLExceptionTypeDelegate.convert(SQLExceptionTypeDelegate.java:49) ~[hibernate-core-7.2.0.Final.jar:7.2.0.Final]
	at org.hibernate.exception.internal.StandardSQLExceptionConverter.convert(StandardSQLExceptionConverter.java:34) ~[hibernate-core-7.2.0.Final.jar:7.2.0.Final]
	at org.hibernate.engine.jdbc.spi.SqlExceptionHelper.convert(SqlExceptionHelper.java:115) ~[hibernate-core-7.2.0.Final.jar:7.2.0.Final]
	at org.hibernate.engine.jdbc.spi.SqlExceptionHelper.convert(SqlExceptionHelper.java:101) ~[hibernate-core-7.2.0.Final.jar:7.2.0.Final]
	at org.hibernate.resource.transaction.backend.jdbc.internal.DdlTransactionIsolatorNonJtaImpl.getIsolatedConnection(DdlTransactionIsolatorNonJtaImpl.java:71) ~[hibernate-core-7.2.0.Final.jar:7.2.0.Final]
	at org.hibernate.tool.schema.internal.exec.GenerationTargetToDatabase.getIsolatedConnection(GenerationTargetToDatabase.java:57) ~[hibernate-core-7.2.0.Final.jar:7.2.0.Final]
	at org.hibernate.tool.schema.internal.exec.GenerationTargetToDatabase.jdbcStatement(GenerationTargetToDatabase.java:111) ~[hibernate-core-7.2.0.Final.jar:7.2.0.Final]
	at org.hibernate.tool.schema.internal.exec.GenerationTargetToDatabase.accept(GenerationTargetToDatabase.java:75) ~[hibernate-core-7.2.0.Final.jar:7.2.0.Final]
	at org.hibernate.tool.schema.internal.Helper.applySqlString(Helper.java:218) ~[hibernate-core-7.2.0.Final.jar:7.2.0.Final]
	at org.hibernate.tool.schema.internal.Helper.applySqlStrings(Helper.java:204) ~[hibernate-core-7.2.0.Final.jar:7.2.0.Final]
	at org.hibernate.tool.schema.internal.SchemaDropperImpl.dropTables(SchemaDropperImpl.java:376) ~[hibernate-core-7.2.0.Final.jar:7.2.0.Final]
	at org.hibernate.tool.schema.internal.SchemaDropperImpl.dropConstraintsTablesSequences(SchemaDropperImpl.java:248) ~[hibernate-core-7.2.0.Final.jar:7.2.0.Final]
	at org.hibernate.tool.schema.internal.SchemaDropperImpl.dropFromMetadata(SchemaDropperImpl.java:210) ~[hibernate-core-7.2.0.Final.jar:7.2.0.Final]
	at org.hibernate.tool.schema.internal.SchemaDropperImpl.performDrop(SchemaDropperImpl.java:182) ~[hibernate-core-7.2.0.Final.jar:7.2.0.Final]
	at org.hibernate.tool.schema.internal.SchemaDropperImpl.doDrop(SchemaDropperImpl.java:152) ~[hibernate-core-7.2.0.Final.jar:7.2.0.Final]
	at org.hibernate.tool.schema.internal.SchemaDropperImpl.doDrop(SchemaDropperImpl.java:112) ~[hibernate-core-7.2.0.Final.jar:7.2.0.Final]
	at org.hibernate.tool.schema.spi.SchemaManagementToolCoordinator.performDatabaseAction(SchemaManagementToolCoordinator.java:227) ~[hibernate-core-7.2.0.Final.jar:7.2.0.Final]
	at org.hibernate.tool.schema.spi.SchemaManagementToolCoordinator.lambda$process$1(SchemaManagementToolCoordinator.java:101) ~[hibernate-core-7.2.0.Final.jar:7.2.0.Final]
	at java.base/java.util.HashMap.forEach(HashMap.java:1429) ~[na:na]
	at org.hibernate.tool.schema.spi.SchemaManagementToolCoordinator.process(SchemaManagementToolCoordinator.java:100) ~[hibernate-core-7.2.0.Final.jar:7.2.0.Final]
	at org.hibernate.boot.internal.SessionFactoryObserverForSchemaExport.sessionFactoryCreated(SessionFactoryObserverForSchemaExport.java:35) ~[hibernate-core-7.2.0.Final.jar:7.2.0.Final]
	at org.hibernate.internal.SessionFactoryObserverChain.sessionFactoryCreated(SessionFactoryObserverChain.java:33) ~[hibernate-core-7.2.0.Final.jar:7.2.0.Final]
	at org.hibernate.internal.SessionFactoryImpl.<init>(SessionFactoryImpl.java:323) ~[hibernate-core-7.2.0.Final.jar:7.2.0.Final]
	at org.hibernate.internal.SessionFactoryRegistry.instantiateSessionFactory(SessionFactoryRegistry.java:64) ~[hibernate-core-7.2.0.Final.jar:7.2.0.Final]
	at org.hibernate.boot.internal.SessionFactoryBuilderImpl.build(SessionFactoryBuilderImpl.java:437) ~[hibernate-core-7.2.0.Final.jar:7.2.0.Final]
	at org.hibernate.jpa.boot.internal.EntityManagerFactoryBuilderImpl.build(EntityManagerFactoryBuilderImpl.java:1456) ~[hibernate-core-7.2.0.Final.jar:7.2.0.Final]
	at org.springframework.orm.jpa.vendor.SpringHibernateJpaPersistenceProvider.createContainerEntityManagerFactory(SpringHibernateJpaPersistenceProvider.java:66) ~[spring-orm-7.0.2.jar:7.0.2]
	at org.springframework.orm.jpa.LocalContainerEntityManagerFactoryBean.createNativeEntityManagerFactory(LocalContainerEntityManagerFactoryBean.java:433) ~[spring-orm-7.0.2.jar:7.0.2]
	at org.springframework.orm.jpa.AbstractEntityManagerFactoryBean.buildNativeEntityManagerFactory(AbstractEntityManagerFactoryBean.java:416) ~[spring-orm-7.0.2.jar:7.0.2]
	... 110 common frames omitted
Caused by: org.h2.jdbc.JdbcSQLNonTransientConnectionException: Unsupported connection setting "NOT_FIXED_11" [90113-240]
	at org.h2.message.DbException.getJdbcSQLException(DbException.java:690) ~[h2-2.4.240.jar:2.4.240]
	at org.h2.message.DbException.getJdbcSQLException(DbException.java:489) ~[h2-2.4.240.jar:2.4.240]
	at org.h2.message.DbException.get(DbException.java:223) ~[h2-2.4.240.jar:2.4.240]
	at org.h2.message.DbException.get(DbException.java:199) ~[h2-2.4.240.jar:2.4.240]
	at org.h2.engine.ConnectionInfo.readSettingsFromURL(ConnectionInfo.java:345) ~[h2-2.4.240.jar:2.4.240]
	at org.h2.engine.ConnectionInfo.<init>(ConnectionInfo.java:98) ~[h2-2.4.240.jar:2.4.240]
	at org.h2.jdbc.JdbcConnection.<init>(JdbcConnection.java:115) ~[h2-2.4.240.jar:2.4.240]
	at org.h2.Driver.connect(Driver.java:59) ~[h2-2.4.240.jar:2.4.240]
	at com.zaxxer.hikari.util.DriverDataSource.getConnection(DriverDataSource.java:144) ~[HikariCP-7.0.2.jar:na]
	at com.zaxxer.hikari.pool.PoolBase.newConnection(PoolBase.java:373) ~[HikariCP-7.0.2.jar:na]
	at com.zaxxer.hikari.pool.PoolBase.newPoolEntry(PoolBase.java:210) ~[HikariCP-7.0.2.jar:na]
	at com.zaxxer.hikari.pool.HikariPool.createPoolEntry(HikariPool.java:488) ~[HikariCP-7.0.2.jar:na]
	at com.zaxxer.hikari.pool.HikariPool.checkFailFast(HikariPool.java:576) ~[HikariCP-7.0.2.jar:na]
	at com.zaxxer.hikari.pool.HikariPool.<init>(HikariPool.java:97) ~[HikariCP-7.0.2.jar:na]
	at com.zaxxer.hikari.HikariDataSource.getConnection(HikariDataSource.java:111) ~[HikariCP-7.0.2.jar:na]
	at org.hibernate.engine.jdbc.connections.internal.DataSourceConnectionProvider.getConnection(DataSourceConnectionProvider.java:137) ~[hibernate-core-7.2.0.Final.jar:7.2.0.Final]
	at org.hibernate.engine.jdbc.env.internal.JdbcEnvironmentInitiator$ConnectionProviderJdbcConnectionAccess.obtainConnection(JdbcEnvironmentInitiator.java:508) ~[hibernate-core-7.2.0.Final.jar:7.2.0.Final]
	at org.hibernate.resource.transaction.backend.jdbc.internal.DdlTransactionIsolatorNonJtaImpl.getIsolatedConnection(DdlTransactionIsolatorNonJtaImpl.java:44) ~[hibernate-core-7.2.0.Final.jar:7.2.0.Final]
	... 134 common frames omitted

2026-03-25T21:23:21.855+07:00  WARN 11448 --- [ecommerce] [           main] o.s.test.context.TestContextManager      : Caught exception while allowing TestExecutionListener [org.springframework.test.context.web.ServletTestExecutionListener] to prepare test instance [com.tuna.ecommerce.EcommerceApplicationTests@12db2921]

java.lang.IllegalStateException: Failed to load ApplicationContext for [WebMergedContextConfiguration@55a7f0af testClass = com.tuna.ecommerce.EcommerceApplicationTests, locations = [], classes = [com.tuna.ecommerce.EcommerceApplication], contextInitializerClasses = [], activeProfiles = ["test"], propertySourceDescriptors = [], propertySourceProperties = ["org.springframework.boot.test.context.SpringBootTestContextBootstrapper=true"], contextCustomizers = [org.springframework.boot.web.server.context.SpringBootTestRandomPortContextCustomizerFactory$Customizer@743cb8e0, org.springframework.boot.test.context.PropertyMappingContextCustomizer@0, org.springframework.boot.test.context.filter.ExcludeFilterContextCustomizer@2cf92cc7, org.springframework.boot.test.json.DuplicateJsonObjectContextCustomizerFactory$DuplicateJsonObjectContextCustomizer@76a36b71, org.springframework.boot.test.autoconfigure.OnFailureConditionReportContextCustomizerFactory$OnFailureConditionReportContextCustomizer@6ffab045, org.springframework.test.context.support.DynamicPropertiesContextCustomizer@0, org.springframework.boot.test.context.SpringBootTestAnnotation@824ee6f0], resourceBasePath = "src/main/webapp", contextLoader = org.springframework.boot.test.context.SpringBootContextLoader, parent = null]
	at org.springframework.test.context.cache.DefaultCacheAwareContextLoaderDelegate.lambda$loadContext$0(DefaultCacheAwareContextLoaderDelegate.java:195) ~[spring-test-7.0.2.jar:7.0.2]
	at org.springframework.test.context.cache.DefaultContextCache.put(DefaultContextCache.java:172) ~[spring-test-7.0.2.jar:7.0.2]
	at org.springframework.test.context.cache.DefaultCacheAwareContextLoaderDelegate.loadContext(DefaultCacheAwareContextLoaderDelegate.java:160) ~[spring-test-7.0.2.jar:7.0.2]
	at org.springframework.test.context.support.DefaultTestContext.getApplicationContext(DefaultTestContext.java:128) ~[spring-test-7.0.2.jar:7.0.2]
	at org.springframework.test.context.web.ServletTestExecutionListener.setUpRequestContextIfNecessary(ServletTestExecutionListener.java:200) ~[spring-test-7.0.2.jar:7.0.2]
	at org.springframework.test.context.web.ServletTestExecutionListener.prepareTestInstance(ServletTestExecutionListener.java:139) ~[spring-test-7.0.2.jar:7.0.2]
	at org.springframework.test.context.TestContextManager.prepareTestInstance(TestContextManager.java:260) ~[spring-test-7.0.2.jar:7.0.2]
	at org.springframework.test.context.junit.jupiter.SpringExtension.postProcessTestInstance(SpringExtension.java:205) ~[spring-test-7.0.2.jar:7.0.2]
	at org.junit.jupiter.engine.descriptor.ClassBasedTestDescriptor.lambda$invokeTestInstancePostProcessors$1(ClassBasedTestDescriptor.java:423) ~[junit-jupiter-engine-6.0.1.jar:6.0.1]
	at org.junit.jupiter.engine.descriptor.ClassBasedTestDescriptor.executeAndMaskThrowable(ClassBasedTestDescriptor.java:428) ~[junit-jupiter-engine-6.0.1.jar:6.0.1]
	at org.junit.jupiter.engine.descriptor.ClassBasedTestDescriptor.lambda$invokeTestInstancePostProcessors$0(ClassBasedTestDescriptor.java:422) ~[junit-jupiter-engine-6.0.1.jar:6.0.1]
	at java.base/java.util.stream.ForEachOps$ForEachOp$OfRef.accept(ForEachOps.java:184) ~[na:na]
	at java.base/java.util.stream.ReferencePipeline$3$1.accept(ReferencePipeline.java:197) ~[na:na]
	at java.base/java.util.stream.ReferencePipeline$2$1.accept(ReferencePipeline.java:179) ~[na:na]
	at java.base/java.util.stream.ReferencePipeline$3$1.accept(ReferencePipeline.java:197) ~[na:na]
	at java.base/java.util.ArrayList$ArrayListSpliterator.forEachRemaining(ArrayList.java:1708) ~[na:na]
	at java.base/java.util.stream.AbstractPipeline.copyInto(AbstractPipeline.java:509) ~[na:na]
	at java.base/java.util.stream.AbstractPipeline.wrapAndCopyInto(AbstractPipeline.java:499) ~[na:na]
	at java.base/java.util.stream.ForEachOps$ForEachOp.evaluateSequential(ForEachOps.java:151) ~[na:na]
	at java.base/java.util.stream.ForEachOps$ForEachOp$OfRef.evaluateSequential(ForEachOps.java:174) ~[na:na]
	at java.base/java.util.stream.AbstractPipeline.evaluate(AbstractPipeline.java:234) ~[na:na]
	at java.base/java.util.stream.ReferencePipeline.forEach(ReferencePipeline.java:596) ~[na:na]
	at org.junit.jupiter.engine.descriptor.ClassBasedTestDescriptor.invokeTestInstancePostProcessors(ClassBasedTestDescriptor.java:422) ~[junit-jupiter-engine-6.0.1.jar:6.0.1]
	at org.junit.jupiter.engine.descriptor.ClassBasedTestDescriptor.lambda$instantiateAndPostProcessTestInstance$0(ClassBasedTestDescriptor.java:334) ~[junit-jupiter-engine-6.0.1.jar:6.0.1]
	at org.junit.platform.engine.support.hierarchical.ThrowableCollector.execute(ThrowableCollector.java:74) ~[junit-platform-engine-6.0.1.jar:6.0.1]
	at org.junit.jupiter.engine.descriptor.ClassBasedTestDescriptor.instantiateAndPostProcessTestInstance(ClassBasedTestDescriptor.java:333) ~[junit-jupiter-engine-6.0.1.jar:6.0.1]
	at org.junit.jupiter.engine.descriptor.ClassBasedTestDescriptor.lambda$testInstancesProvider$1(ClassBasedTestDescriptor.java:322) ~[junit-jupiter-engine-6.0.1.jar:6.0.1]
	at java.base/java.util.Optional.orElseGet(Optional.java:364) ~[na:na]
	at org.junit.jupiter.engine.descriptor.ClassBasedTestDescriptor.lambda$testInstancesProvider$0(ClassBasedTestDescriptor.java:321) ~[junit-jupiter-engine-6.0.1.jar:6.0.1]
	at org.junit.jupiter.engine.execution.TestInstancesProvider.getTestInstances(TestInstancesProvider.java:27) ~[junit-jupiter-engine-6.0.1.jar:6.0.1]
	at org.junit.jupiter.engine.descriptor.TestMethodTestDescriptor.lambda$prepare$0(TestMethodTestDescriptor.java:127) ~[junit-jupiter-engine-6.0.1.jar:6.0.1]
	at org.junit.platform.engine.support.hierarchical.ThrowableCollector.execute(ThrowableCollector.java:74) ~[junit-platform-engine-6.0.1.jar:6.0.1]
	at org.junit.jupiter.engine.descriptor.TestMethodTestDescriptor.prepare(TestMethodTestDescriptor.java:126) ~[junit-jupiter-engine-6.0.1.jar:6.0.1]
	at org.junit.jupiter.engine.descriptor.TestMethodTestDescriptor.prepare(TestMethodTestDescriptor.java:70) ~[junit-jupiter-engine-6.0.1.jar:6.0.1]
	at org.junit.platform.engine.support.hierarchical.NodeTestTask.lambda$prepare$0(NodeTestTask.java:144) ~[junit-platform-engine-6.0.1.jar:6.0.1]
	at org.junit.platform.engine.support.hierarchical.ThrowableCollector.execute(ThrowableCollector.java:74) ~[junit-platform-engine-6.0.1.jar:6.0.1]
	at org.junit.platform.engine.support.hierarchical.NodeTestTask.prepare(NodeTestTask.java:144) ~[junit-platform-engine-6.0.1.jar:6.0.1]
	at org.junit.platform.engine.support.hierarchical.NodeTestTask.execute(NodeTestTask.java:110) ~[junit-platform-engine-6.0.1.jar:6.0.1]
	at java.base/java.util.ArrayList.forEach(ArrayList.java:1596) ~[na:na]
	at org.junit.platform.engine.support.hierarchical.SameThreadHierarchicalTestExecutorService.invokeAll(SameThreadHierarchicalTestExecutorService.java:42) ~[junit-platform-engine-6.0.1.jar:6.0.1]
	at org.junit.platform.engine.support.hierarchical.NodeTestTask.lambda$executeRecursively$2(NodeTestTask.java:180) ~[junit-platform-engine-6.0.1.jar:6.0.1]
	at org.junit.platform.engine.support.hierarchical.ThrowableCollector.execute(ThrowableCollector.java:74) ~[junit-platform-engine-6.0.1.jar:6.0.1]
	at org.junit.platform.engine.support.hierarchical.NodeTestTask.lambda$executeRecursively$1(NodeTestTask.java:166) ~[junit-platform-engine-6.0.1.jar:6.0.1]
	at org.junit.platform.engine.support.hierarchical.Node.around(Node.java:138) ~[junit-platform-engine-6.0.1.jar:6.0.1]
	at org.junit.platform.engine.support.hierarchical.NodeTestTask.lambda$executeRecursively$0(NodeTestTask.java:164) ~[junit-platform-engine-6.0.1.jar:6.0.1]
	at org.junit.platform.engine.support.hierarchical.ThrowableCollector.execute(ThrowableCollector.java:74) ~[junit-platform-engine-6.0.1.jar:6.0.1]
	at org.junit.platform.engine.support.hierarchical.NodeTestTask.executeRecursively(NodeTestTask.java:163) ~[junit-platform-engine-6.0.1.jar:6.0.1]
	at org.junit.platform.engine.support.hierarchical.NodeTestTask.execute(NodeTestTask.java:116) ~[junit-platform-engine-6.0.1.jar:6.0.1]
	at java.base/java.util.ArrayList.forEach(ArrayList.java:1596) ~[na:na]
	at org.junit.platform.engine.support.hierarchical.SameThreadHierarchicalTestExecutorService.invokeAll(SameThreadHierarchicalTestExecutorService.java:42) ~[junit-platform-engine-6.0.1.jar:6.0.1]
	at org.junit.platform.engine.support.hierarchical.NodeTestTask.lambda$executeRecursively$2(NodeTestTask.java:180) ~[junit-platform-engine-6.0.1.jar:6.0.1]
	at org.junit.platform.engine.support.hierarchical.ThrowableCollector.execute(ThrowableCollector.java:74) ~[junit-platform-engine-6.0.1.jar:6.0.1]
	at org.junit.platform.engine.support.hierarchical.NodeTestTask.lambda$executeRecursively$1(NodeTestTask.java:166) ~[junit-platform-engine-6.0.1.jar:6.0.1]
	at org.junit.platform.engine.support.hierarchical.Node.around(Node.java:138) ~[junit-platform-engine-6.0.1.jar:6.0.1]
	at org.junit.platform.engine.support.hierarchical.NodeTestTask.lambda$executeRecursively$0(NodeTestTask.java:164) ~[junit-platform-engine-6.0.1.jar:6.0.1]
	at org.junit.platform.engine.support.hierarchical.ThrowableCollector.execute(ThrowableCollector.java:74) ~[junit-platform-engine-6.0.1.jar:6.0.1]
	at org.junit.platform.engine.support.hierarchical.NodeTestTask.executeRecursively(NodeTestTask.java:163) ~[junit-platform-engine-6.0.1.jar:6.0.1]
	at org.junit.platform.engine.support.hierarchical.NodeTestTask.execute(NodeTestTask.java:116) ~[junit-platform-engine-6.0.1.jar:6.0.1]
	at org.junit.platform.engine.support.hierarchical.SameThreadHierarchicalTestExecutorService.submit(SameThreadHierarchicalTestExecutorService.java:36) ~[junit-platform-engine-6.0.1.jar:6.0.1]
	at org.junit.platform.engine.support.hierarchical.HierarchicalTestExecutor.execute(HierarchicalTestExecutor.java:52) ~[junit-platform-engine-6.0.1.jar:6.0.1]
	at org.junit.platform.engine.support.hierarchical.HierarchicalTestEngine.execute(HierarchicalTestEngine.java:58) ~[junit-platform-engine-6.0.1.jar:6.0.1]
	at org.junit.platform.launcher.core.EngineExecutionOrchestrator.executeEngine(EngineExecutionOrchestrator.java:246) ~[junit-platform-launcher-6.0.1.jar:6.0.1]
	at org.junit.platform.launcher.core.EngineExecutionOrchestrator.failOrExecuteEngine(EngineExecutionOrchestrator.java:218) ~[junit-platform-launcher-6.0.1.jar:6.0.1]
	at org.junit.platform.launcher.core.EngineExecutionOrchestrator.execute(EngineExecutionOrchestrator.java:179) ~[junit-platform-launcher-6.0.1.jar:6.0.1]
	at org.junit.platform.launcher.core.EngineExecutionOrchestrator.execute(EngineExecutionOrchestrator.java:108) ~[junit-platform-launcher-6.0.1.jar:6.0.1]
	at org.junit.platform.launcher.core.EngineExecutionOrchestrator.lambda$execute$0(EngineExecutionOrchestrator.java:66) ~[junit-platform-launcher-6.0.1.jar:6.0.1]
	at org.junit.platform.launcher.core.EngineExecutionOrchestrator.withInterceptedStreams(EngineExecutionOrchestrator.java:157) ~[junit-platform-launcher-6.0.1.jar:6.0.1]
	at org.junit.platform.launcher.core.EngineExecutionOrchestrator.execute(EngineExecutionOrchestrator.java:65) ~[junit-platform-launcher-6.0.1.jar:6.0.1]
	at org.junit.platform.launcher.core.DefaultLauncher.execute(DefaultLauncher.java:125) ~[junit-platform-launcher-6.0.1.jar:6.0.1]
	at org.junit.platform.launcher.core.DefaultLauncher.execute(DefaultLauncher.java:114) ~[junit-platform-launcher-6.0.1.jar:6.0.1]
	at org.junit.platform.launcher.core.DelegatingLauncher.execute(DelegatingLauncher.java:58) ~[junit-platform-launcher-6.0.1.jar:6.0.1]
	at org.junit.platform.launcher.core.InterceptingLauncher.lambda$execute$2(InterceptingLauncher.java:57) ~[junit-platform-launcher-6.0.1.jar:6.0.1]
	at org.junit.platform.launcher.core.ClasspathAlignmentCheckingLauncherInterceptor.intercept(ClasspathAlignmentCheckingLauncherInterceptor.java:25) ~[junit-platform-launcher-6.0.1.jar:6.0.1]
	at org.junit.platform.launcher.core.InterceptingLauncher.execute(InterceptingLauncher.java:56) ~[junit-platform-launcher-6.0.1.jar:6.0.1]
	at org.junit.platform.launcher.core.DelegatingLauncher.execute(DelegatingLauncher.java:58) ~[junit-platform-launcher-6.0.1.jar:6.0.1]
	at java.base/jdk.internal.reflect.DirectMethodHandleAccessor.invoke(DirectMethodHandleAccessor.java:103) ~[na:na]
	at java.base/java.lang.reflect.Method.invoke(Method.java:580) ~[na:na]
	at org.apache.maven.surefire.api.util.ReflectionUtils.invokeMethodWithArray(ReflectionUtils.java:125) ~[surefire-api-3.5.4.jar:3.5.4]
	at org.apache.maven.surefire.junitplatform.LauncherAdapter.executeWithCancellationToken(LauncherAdapter.java:68) ~[surefire-junit-platform-3.5.4.jar:3.5.4]
	at org.apache.maven.surefire.junitplatform.LauncherAdapter.execute(LauncherAdapter.java:54) ~[surefire-junit-platform-3.5.4.jar:3.5.4]
	at org.apache.maven.surefire.junitplatform.JUnitPlatformProvider.execute(JUnitPlatformProvider.java:203) ~[surefire-junit-platform-3.5.4.jar:3.5.4]
	at org.apache.maven.surefire.junitplatform.JUnitPlatformProvider.invokeAllTests(JUnitPlatformProvider.java:168) ~[surefire-junit-platform-3.5.4.jar:3.5.4]
	at org.apache.maven.surefire.junitplatform.JUnitPlatformProvider.invoke(JUnitPlatformProvider.java:136) ~[surefire-junit-platform-3.5.4.jar:3.5.4]
	at org.apache.maven.surefire.booter.ForkedBooter.runSuitesInProcess(ForkedBooter.java:385) ~[surefire-booter-3.5.4.jar:3.5.4]
	at org.apache.maven.surefire.booter.ForkedBooter.execute(ForkedBooter.java:162) ~[surefire-booter-3.5.4.jar:3.5.4]
	at org.apache.maven.surefire.booter.ForkedBooter.run(ForkedBooter.java:507) ~[surefire-booter-3.5.4.jar:3.5.4]
	at org.apache.maven.surefire.booter.ForkedBooter.main(ForkedBooter.java:495) ~[surefire-booter-3.5.4.jar:3.5.4]
Caused by: org.springframework.beans.factory.BeanCreationException: Error creating bean with name 'entityManagerFactory' defined in class path resource [org/springframework/boot/hibernate/autoconfigure/HibernateJpaConfiguration.class]: Unable to build Hibernate SessionFactory  [persistence unit: default] ; nested exception is org.hibernate.exception.JDBCConnectionException: Unable to open JDBC Connection for DDL execution [Unsupported connection setting "NOT_FIXED_11" [90113-240]] [n/a]
	at org.springframework.beans.factory.support.AbstractAutowireCapableBeanFactory.initializeBean(AbstractAutowireCapableBeanFactory.java:1817) ~[spring-beans-7.0.2.jar:7.0.2]
	at org.springframework.beans.factory.support.AbstractAutowireCapableBeanFactory.doCreateBean(AbstractAutowireCapableBeanFactory.java:603) ~[spring-beans-7.0.2.jar:7.0.2]
	at org.springframework.beans.factory.support.AbstractAutowireCapableBeanFactory.createBean(AbstractAutowireCapableBeanFactory.java:525) ~[spring-beans-7.0.2.jar:7.0.2]
	at org.springframework.beans.factory.support.AbstractBeanFactory.lambda$doGetBean$0(AbstractBeanFactory.java:333) ~[spring-beans-7.0.2.jar:7.0.2]
	at org.springframework.beans.factory.support.DefaultSingletonBeanRegistry.getSingleton(DefaultSingletonBeanRegistry.java:371) ~[spring-beans-7.0.2.jar:7.0.2]
	at org.springframework.beans.factory.support.AbstractBeanFactory.doGetBean(AbstractBeanFactory.java:331) ~[spring-beans-7.0.2.jar:7.0.2]
	at org.springframework.beans.factory.support.AbstractBeanFactory.getBean(AbstractBeanFactory.java:201) ~[spring-beans-7.0.2.jar:7.0.2]
	at org.springframework.context.support.AbstractApplicationContext.finishBeanFactoryInitialization(AbstractApplicationContext.java:976) ~[spring-context-7.0.2.jar:7.0.2]
	at org.springframework.context.support.AbstractApplicationContext.refresh(AbstractApplicationContext.java:620) ~[spring-context-7.0.2.jar:7.0.2]
	at org.springframework.boot.SpringApplication.refresh(SpringApplication.java:756) ~[spring-boot-4.0.1.jar:4.0.1]
	at org.springframework.boot.SpringApplication.refreshContext(SpringApplication.java:445) ~[spring-boot-4.0.1.jar:4.0.1]
	at org.springframework.boot.SpringApplication.run(SpringApplication.java:321) ~[spring-boot-4.0.1.jar:4.0.1]
	at org.springframework.boot.test.context.SpringBootContextLoader.lambda$loadContext$2(SpringBootContextLoader.java:156) ~[spring-boot-test-4.0.1.jar:4.0.1]
	at org.springframework.util.function.ThrowingSupplier.get(ThrowingSupplier.java:58) ~[spring-core-7.0.2.jar:7.0.2]
	at org.springframework.util.function.ThrowingSupplier.get(ThrowingSupplier.java:46) ~[spring-core-7.0.2.jar:7.0.2]
	at org.springframework.boot.SpringApplication.withHook(SpringApplication.java:1465) ~[spring-boot-4.0.1.jar:4.0.1]
	at org.springframework.boot.test.context.SpringBootContextLoader$ContextLoaderHook.run(SpringBootContextLoader.java:605) ~[spring-boot-test-4.0.1.jar:4.0.1]
	at org.springframework.boot.test.context.SpringBootContextLoader.loadContext(SpringBootContextLoader.java:156) ~[spring-boot-test-4.0.1.jar:4.0.1]
	at org.springframework.boot.test.context.SpringBootContextLoader.loadContext(SpringBootContextLoader.java:115) ~[spring-boot-test-4.0.1.jar:4.0.1]
	at org.springframework.test.context.cache.DefaultCacheAwareContextLoaderDelegate.loadContextInternal(DefaultCacheAwareContextLoaderDelegate.java:247) ~[spring-test-7.0.2.jar:7.0.2]
	at org.springframework.test.context.cache.DefaultCacheAwareContextLoaderDelegate.lambda$loadContext$0(DefaultCacheAwareContextLoaderDelegate.java:167) ~[spring-test-7.0.2.jar:7.0.2]
	... 86 common frames omitted
Caused by: jakarta.persistence.PersistenceException: Unable to build Hibernate SessionFactory  [persistence unit: default] ; nested exception is org.hibernate.exception.JDBCConnectionException: Unable to open JDBC Connection for DDL execution [Unsupported connection setting "NOT_FIXED_11" [90113-240]] [n/a]
	at org.springframework.orm.jpa.AbstractEntityManagerFactoryBean.buildNativeEntityManagerFactory(AbstractEntityManagerFactoryBean.java:428) ~[spring-orm-7.0.2.jar:7.0.2]
	at org.springframework.orm.jpa.AbstractEntityManagerFactoryBean.afterPropertiesSet(AbstractEntityManagerFactoryBean.java:396) ~[spring-orm-7.0.2.jar:7.0.2]
	at org.springframework.orm.jpa.LocalContainerEntityManagerFactoryBean.afterPropertiesSet(LocalContainerEntityManagerFactoryBean.java:409) ~[spring-orm-7.0.2.jar:7.0.2]
	at org.springframework.beans.factory.support.AbstractAutowireCapableBeanFactory.invokeInitMethods(AbstractAutowireCapableBeanFactory.java:1864) ~[spring-beans-7.0.2.jar:7.0.2]
	at org.springframework.beans.factory.support.AbstractAutowireCapableBeanFactory.initializeBean(AbstractAutowireCapableBeanFactory.java:1813) ~[spring-beans-7.0.2.jar:7.0.2]
	... 106 common frames omitted
Caused by: org.hibernate.exception.JDBCConnectionException: Unable to open JDBC Connection for DDL execution [Unsupported connection setting "NOT_FIXED_11" [90113-240]] [n/a]
	at org.hibernate.exception.internal.SQLExceptionTypeDelegate.convert(SQLExceptionTypeDelegate.java:49) ~[hibernate-core-7.2.0.Final.jar:7.2.0.Final]
	at org.hibernate.exception.internal.StandardSQLExceptionConverter.convert(StandardSQLExceptionConverter.java:34) ~[hibernate-core-7.2.0.Final.jar:7.2.0.Final]
	at org.hibernate.engine.jdbc.spi.SqlExceptionHelper.convert(SqlExceptionHelper.java:115) ~[hibernate-core-7.2.0.Final.jar:7.2.0.Final]
	at org.hibernate.engine.jdbc.spi.SqlExceptionHelper.convert(SqlExceptionHelper.java:101) ~[hibernate-core-7.2.0.Final.jar:7.2.0.Final]
	at org.hibernate.resource.transaction.backend.jdbc.internal.DdlTransactionIsolatorNonJtaImpl.getIsolatedConnection(DdlTransactionIsolatorNonJtaImpl.java:71) ~[hibernate-core-7.2.0.Final.jar:7.2.0.Final]
	at org.hibernate.tool.schema.internal.exec.GenerationTargetToDatabase.getIsolatedConnection(GenerationTargetToDatabase.java:57) ~[hibernate-core-7.2.0.Final.jar:7.2.0.Final]
	at org.hibernate.tool.schema.internal.exec.GenerationTargetToDatabase.jdbcStatement(GenerationTargetToDatabase.java:111) ~[hibernate-core-7.2.0.Final.jar:7.2.0.Final]
	at org.hibernate.tool.schema.internal.exec.GenerationTargetToDatabase.accept(GenerationTargetToDatabase.java:75) ~[hibernate-core-7.2.0.Final.jar:7.2.0.Final]
	at org.hibernate.tool.schema.internal.Helper.applySqlString(Helper.java:218) ~[hibernate-core-7.2.0.Final.jar:7.2.0.Final]
	at org.hibernate.tool.schema.internal.Helper.applySqlStrings(Helper.java:204) ~[hibernate-core-7.2.0.Final.jar:7.2.0.Final]
	at org.hibernate.tool.schema.internal.SchemaDropperImpl.dropTables(SchemaDropperImpl.java:376) ~[hibernate-core-7.2.0.Final.jar:7.2.0.Final]
	at org.hibernate.tool.schema.internal.SchemaDropperImpl.dropConstraintsTablesSequences(SchemaDropperImpl.java:248) ~[hibernate-core-7.2.0.Final.jar:7.2.0.Final]
	at org.hibernate.tool.schema.internal.SchemaDropperImpl.dropFromMetadata(SchemaDropperImpl.java:210) ~[hibernate-core-7.2.0.Final.jar:7.2.0.Final]
	at org.hibernate.tool.schema.internal.SchemaDropperImpl.performDrop(SchemaDropperImpl.java:182) ~[hibernate-core-7.2.0.Final.jar:7.2.0.Final]
	at org.hibernate.tool.schema.internal.SchemaDropperImpl.doDrop(SchemaDropperImpl.java:152) ~[hibernate-core-7.2.0.Final.jar:7.2.0.Final]
	at org.hibernate.tool.schema.internal.SchemaDropperImpl.doDrop(SchemaDropperImpl.java:112) ~[hibernate-core-7.2.0.Final.jar:7.2.0.Final]
	at org.hibernate.tool.schema.spi.SchemaManagementToolCoordinator.performDatabaseAction(SchemaManagementToolCoordinator.java:227) ~[hibernate-core-7.2.0.Final.jar:7.2.0.Final]
	at org.hibernate.tool.schema.spi.SchemaManagementToolCoordinator.lambda$process$1(SchemaManagementToolCoordinator.java:101) ~[hibernate-core-7.2.0.Final.jar:7.2.0.Final]
	at java.base/java.util.HashMap.forEach(HashMap.java:1429) ~[na:na]
	at org.hibernate.tool.schema.spi.SchemaManagementToolCoordinator.process(SchemaManagementToolCoordinator.java:100) ~[hibernate-core-7.2.0.Final.jar:7.2.0.Final]
	at org.hibernate.boot.internal.SessionFactoryObserverForSchemaExport.sessionFactoryCreated(SessionFactoryObserverForSchemaExport.java:35) ~[hibernate-core-7.2.0.Final.jar:7.2.0.Final]
	at org.hibernate.internal.SessionFactoryObserverChain.sessionFactoryCreated(SessionFactoryObserverChain.java:33) ~[hibernate-core-7.2.0.Final.jar:7.2.0.Final]
	at org.hibernate.internal.SessionFactoryImpl.<init>(SessionFactoryImpl.java:323) ~[hibernate-core-7.2.0.Final.jar:7.2.0.Final]
	at org.hibernate.internal.SessionFactoryRegistry.instantiateSessionFactory(SessionFactoryRegistry.java:64) ~[hibernate-core-7.2.0.Final.jar:7.2.0.Final]
	at org.hibernate.boot.internal.SessionFactoryBuilderImpl.build(SessionFactoryBuilderImpl.java:437) ~[hibernate-core-7.2.0.Final.jar:7.2.0.Final]
	at org.hibernate.jpa.boot.internal.EntityManagerFactoryBuilderImpl.build(EntityManagerFactoryBuilderImpl.java:1456) ~[hibernate-core-7.2.0.Final.jar:7.2.0.Final]
	at org.springframework.orm.jpa.vendor.SpringHibernateJpaPersistenceProvider.createContainerEntityManagerFactory(SpringHibernateJpaPersistenceProvider.java:66) ~[spring-orm-7.0.2.jar:7.0.2]
	at org.springframework.orm.jpa.LocalContainerEntityManagerFactoryBean.createNativeEntityManagerFactory(LocalContainerEntityManagerFactoryBean.java:433) ~[spring-orm-7.0.2.jar:7.0.2]
	at org.springframework.orm.jpa.AbstractEntityManagerFactoryBean.buildNativeEntityManagerFactory(AbstractEntityManagerFactoryBean.java:416) ~[spring-orm-7.0.2.jar:7.0.2]
	... 110 common frames omitted
Caused by: org.h2.jdbc.JdbcSQLNonTransientConnectionException: Unsupported connection setting "NOT_FIXED_11" [90113-240]
	at org.h2.message.DbException.getJdbcSQLException(DbException.java:690) ~[h2-2.4.240.jar:2.4.240]
	at org.h2.message.DbException.getJdbcSQLException(DbException.java:489) ~[h2-2.4.240.jar:2.4.240]
	at org.h2.message.DbException.get(DbException.java:223) ~[h2-2.4.240.jar:2.4.240]
	at org.h2.message.DbException.get(DbException.java:199) ~[h2-2.4.240.jar:2.4.240]
	at org.h2.engine.ConnectionInfo.readSettingsFromURL(ConnectionInfo.java:345) ~[h2-2.4.240.jar:2.4.240]
	at org.h2.engine.ConnectionInfo.<init>(ConnectionInfo.java:98) ~[h2-2.4.240.jar:2.4.240]
	at org.h2.jdbc.JdbcConnection.<init>(JdbcConnection.java:115) ~[h2-2.4.240.jar:2.4.240]
	at org.h2.Driver.connect(Driver.java:59) ~[h2-2.4.240.jar:2.4.240]
	at com.zaxxer.hikari.util.DriverDataSource.getConnection(DriverDataSource.java:144) ~[HikariCP-7.0.2.jar:na]
	at com.zaxxer.hikari.pool.PoolBase.newConnection(PoolBase.java:373) ~[HikariCP-7.0.2.jar:na]
	at com.zaxxer.hikari.pool.PoolBase.newPoolEntry(PoolBase.java:210) ~[HikariCP-7.0.2.jar:na]
	at com.zaxxer.hikari.pool.HikariPool.createPoolEntry(HikariPool.java:488) ~[HikariCP-7.0.2.jar:na]
	at com.zaxxer.hikari.pool.HikariPool.checkFailFast(HikariPool.java:576) ~[HikariCP-7.0.2.jar:na]
	at com.zaxxer.hikari.pool.HikariPool.<init>(HikariPool.java:97) ~[HikariCP-7.0.2.jar:na]
	at com.zaxxer.hikari.HikariDataSource.getConnection(HikariDataSource.java:111) ~[HikariCP-7.0.2.jar:na]
	at org.hibernate.engine.jdbc.connections.internal.DataSourceConnectionProvider.getConnection(DataSourceConnectionProvider.java:137) ~[hibernate-core-7.2.0.Final.jar:7.2.0.Final]
	at org.hibernate.engine.jdbc.env.internal.JdbcEnvironmentInitiator$ConnectionProviderJdbcConnectionAccess.obtainConnection(JdbcEnvironmentInitiator.java:508) ~[hibernate-core-7.2.0.Final.jar:7.2.0.Final]
	at org.hibernate.resource.transaction.backend.jdbc.internal.DdlTransactionIsolatorNonJtaImpl.getIsolatedConnection(DdlTransactionIsolatorNonJtaImpl.java:44) ~[hibernate-core-7.2.0.Final.jar:7.2.0.Final]
	... 134 common frames omitted

[ERROR] Tests run: 1, Failures: 0, Errors: 1, Skipped: 0, Time elapsed: 9.041 s <<< FAILURE! -- in com.tuna.ecommerce.EcommerceApplicationTests
[ERROR] com.tuna.ecommerce.EcommerceApplicationTests.contextLoads -- Time elapsed: 0.019 s <<< ERROR!
java.lang.IllegalStateException: Failed to load ApplicationContext for [WebMergedContextConfiguration@55a7f0af testClass = com.tuna.ecommerce.EcommerceApplicationTests, locations = [], classes = [com.tuna.ecommerce.EcommerceApplication], contextInitializerClasses = [], activeProfiles = ["test"], propertySourceDescriptors = [], propertySourceProperties = ["org.springframework.boot.test.context.SpringBootTestContextBootstrapper=true"], contextCustomizers = [org.springframework.boot.web.server.context.SpringBootTestRandomPortContextCustomizerFactory$Customizer@743cb8e0, org.springframework.boot.test.context.PropertyMappingContextCustomizer@0, org.springframework.boot.test.context.filter.ExcludeFilterContextCustomizer@2cf92cc7, org.springframework.boot.test.json.DuplicateJsonObjectContextCustomizerFactory$DuplicateJsonObjectContextCustomizer@76a36b71, org.springframework.boot.test.autoconfigure.OnFailureConditionReportContextCustomizerFactory$OnFailureConditionReportContextCustomizer@6ffab045, org.springframework.test.context.support.DynamicPropertiesContextCustomizer@0, org.springframework.boot.test.context.SpringBootTestAnnotation@824ee6f0], resourceBasePath = "src/main/webapp", contextLoader = org.springframework.boot.test.context.SpringBootContextLoader, parent = null]
	at org.springframework.test.context.cache.DefaultCacheAwareContextLoaderDelegate.lambda$loadContext$0(DefaultCacheAwareContextLoaderDelegate.java:195)
	at org.springframework.test.context.cache.DefaultContextCache.put(DefaultContextCache.java:172)
	at org.springframework.test.context.cache.DefaultCacheAwareContextLoaderDelegate.loadContext(DefaultCacheAwareContextLoaderDelegate.java:160)
	at org.springframework.test.context.support.DefaultTestContext.getApplicationContext(DefaultTestContext.java:128)
	at org.springframework.test.context.web.ServletTestExecutionListener.setUpRequestContextIfNecessary(ServletTestExecutionListener.java:200)
	at org.springframework.test.context.web.ServletTestExecutionListener.prepareTestInstance(ServletTestExecutionListener.java:139)
	at org.springframework.test.context.TestContextManager.prepareTestInstance(TestContextManager.java:260)
	at org.springframework.test.context.junit.jupiter.SpringExtension.postProcessTestInstance(SpringExtension.java:205)
	at java.base/java.util.stream.ForEachOps$ForEachOp$OfRef.accept(ForEachOps.java:184)
	at java.base/java.util.stream.ReferencePipeline$3$1.accept(ReferencePipeline.java:197)
	at java.base/java.util.stream.ReferencePipeline$2$1.accept(ReferencePipeline.java:179)
	at java.base/java.util.stream.ReferencePipeline$3$1.accept(ReferencePipeline.java:197)
	at java.base/java.util.ArrayList$ArrayListSpliterator.forEachRemaining(ArrayList.java:1708)
	at java.base/java.util.stream.AbstractPipeline.copyInto(AbstractPipeline.java:509)
	at java.base/java.util.stream.AbstractPipeline.wrapAndCopyInto(AbstractPipeline.java:499)
	at java.base/java.util.stream.ForEachOps$ForEachOp.evaluateSequential(ForEachOps.java:151)
	at java.base/java.util.stream.ForEachOps$ForEachOp$OfRef.evaluateSequential(ForEachOps.java:174)
	at java.base/java.util.stream.AbstractPipeline.evaluate(AbstractPipeline.java:234)
	at java.base/java.util.stream.ReferencePipeline.forEach(ReferencePipeline.java:596)
	at java.base/java.util.Optional.orElseGet(Optional.java:364)
	at java.base/java.util.ArrayList.forEach(ArrayList.java:1596)
	at java.base/java.util.ArrayList.forEach(ArrayList.java:1596)
Caused by: org.springframework.beans.factory.BeanCreationException: Error creating bean with name 'entityManagerFactory' defined in class path resource [org/springframework/boot/hibernate/autoconfigure/HibernateJpaConfiguration.class]: Unable to build Hibernate SessionFactory  [persistence unit: default] ; nested exception is org.hibernate.exception.JDBCConnectionException: Unable to open JDBC Connection for DDL execution [Unsupported connection setting "NOT_FIXED_11" [90113-240]] [n/a]
	at org.springframework.beans.factory.support.AbstractAutowireCapableBeanFactory.initializeBean(AbstractAutowireCapableBeanFactory.java:1817)
	at org.springframework.beans.factory.support.AbstractAutowireCapableBeanFactory.doCreateBean(AbstractAutowireCapableBeanFactory.java:603)
	at org.springframework.beans.factory.support.AbstractAutowireCapableBeanFactory.createBean(AbstractAutowireCapableBeanFactory.java:525)
	at org.springframework.beans.factory.support.AbstractBeanFactory.lambda$doGetBean$0(AbstractBeanFactory.java:333)
	at org.springframework.beans.factory.support.DefaultSingletonBeanRegistry.getSingleton(DefaultSingletonBeanRegistry.java:371)
	at org.springframework.beans.factory.support.AbstractBeanFactory.doGetBean(AbstractBeanFactory.java:331)
	at org.springframework.beans.factory.support.AbstractBeanFactory.getBean(AbstractBeanFactory.java:201)
	at org.springframework.context.support.AbstractApplicationContext.finishBeanFactoryInitialization(AbstractApplicationContext.java:976)
	at org.springframework.context.support.AbstractApplicationContext.refresh(AbstractApplicationContext.java:620)
	at org.springframework.boot.SpringApplication.refresh(SpringApplication.java:756)
	at org.springframework.boot.SpringApplication.refreshContext(SpringApplication.java:445)
	at org.springframework.boot.SpringApplication.run(SpringApplication.java:321)
	at org.springframework.boot.test.context.SpringBootContextLoader.lambda$loadContext$2(SpringBootContextLoader.java:156)
	at org.springframework.util.function.ThrowingSupplier.get(ThrowingSupplier.java:58)
	at org.springframework.util.function.ThrowingSupplier.get(ThrowingSupplier.java:46)
	at org.springframework.boot.SpringApplication.withHook(SpringApplication.java:1465)
	at org.springframework.boot.test.context.SpringBootContextLoader$ContextLoaderHook.run(SpringBootContextLoader.java:605)
	at org.springframework.boot.test.context.SpringBootContextLoader.loadContext(SpringBootContextLoader.java:156)
	at org.springframework.boot.test.context.SpringBootContextLoader.loadContext(SpringBootContextLoader.java:115)
	at org.springframework.test.context.cache.DefaultCacheAwareContextLoaderDelegate.loadContextInternal(DefaultCacheAwareContextLoaderDelegate.java:247)
	at org.springframework.test.context.cache.DefaultCacheAwareContextLoaderDelegate.lambda$loadContext$0(DefaultCacheAwareContextLoaderDelegate.java:167)
	... 21 more
Caused by: jakarta.persistence.PersistenceException: Unable to build Hibernate SessionFactory  [persistence unit: default] ; nested exception is org.hibernate.exception.JDBCConnectionException: Unable to open JDBC Connection for DDL execution [Unsupported connection setting "NOT_FIXED_11" [90113-240]] [n/a]
	at org.springframework.orm.jpa.AbstractEntityManagerFactoryBean.buildNativeEntityManagerFactory(AbstractEntityManagerFactoryBean.java:428)
	at org.springframework.orm.jpa.AbstractEntityManagerFactoryBean.afterPropertiesSet(AbstractEntityManagerFactoryBean.java:396)
	at org.springframework.orm.jpa.LocalContainerEntityManagerFactoryBean.afterPropertiesSet(LocalContainerEntityManagerFactoryBean.java:409)
	at org.springframework.beans.factory.support.AbstractAutowireCapableBeanFactory.invokeInitMethods(AbstractAutowireCapableBeanFactory.java:1864)
	at org.springframework.beans.factory.support.AbstractAutowireCapableBeanFactory.initializeBean(AbstractAutowireCapableBeanFactory.java:1813)
	... 41 more
Caused by: org.hibernate.exception.JDBCConnectionException: Unable to open JDBC Connection for DDL execution [Unsupported connection setting "NOT_FIXED_11" [90113-240]] [n/a]
	at org.hibernate.exception.internal.SQLExceptionTypeDelegate.convert(SQLExceptionTypeDelegate.java:49)
	at org.hibernate.exception.internal.StandardSQLExceptionConverter.convert(StandardSQLExceptionConverter.java:34)
	at org.hibernate.engine.jdbc.spi.SqlExceptionHelper.convert(SqlExceptionHelper.java:115)
	at org.hibernate.engine.jdbc.spi.SqlExceptionHelper.convert(SqlExceptionHelper.java:101)
	at org.hibernate.resource.transaction.backend.jdbc.internal.DdlTransactionIsolatorNonJtaImpl.getIsolatedConnection(DdlTransactionIsolatorNonJtaImpl.java:71)
	at org.hibernate.tool.schema.internal.exec.GenerationTargetToDatabase.getIsolatedConnection(GenerationTargetToDatabase.java:57)
	at org.hibernate.tool.schema.internal.exec.GenerationTargetToDatabase.jdbcStatement(GenerationTargetToDatabase.java:111)
	at org.hibernate.tool.schema.internal.exec.GenerationTargetToDatabase.accept(GenerationTargetToDatabase.java:75)
	at org.hibernate.tool.schema.internal.Helper.applySqlString(Helper.java:218)
	at org.hibernate.tool.schema.internal.Helper.applySqlStrings(Helper.java:204)
	at org.hibernate.tool.schema.internal.SchemaDropperImpl.dropTables(SchemaDropperImpl.java:376)
	at org.hibernate.tool.schema.internal.SchemaDropperImpl.dropConstraintsTablesSequences(SchemaDropperImpl.java:248)
	at org.hibernate.tool.schema.internal.SchemaDropperImpl.dropFromMetadata(SchemaDropperImpl.java:210)
	at org.hibernate.tool.schema.internal.SchemaDropperImpl.performDrop(SchemaDropperImpl.java:182)
	at org.hibernate.tool.schema.internal.SchemaDropperImpl.doDrop(SchemaDropperImpl.java:152)
	at org.hibernate.tool.schema.internal.SchemaDropperImpl.doDrop(SchemaDropperImpl.java:112)
	at org.hibernate.tool.schema.spi.SchemaManagementToolCoordinator.performDatabaseAction(SchemaManagementToolCoordinator.java:227)
	at org.hibernate.tool.schema.spi.SchemaManagementToolCoordinator.lambda$process$1(SchemaManagementToolCoordinator.java:101)
	at java.base/java.util.HashMap.forEach(HashMap.java:1429)
	at org.hibernate.tool.schema.spi.SchemaManagementToolCoordinator.process(SchemaManagementToolCoordinator.java:100)
	at org.hibernate.boot.internal.SessionFactoryObserverForSchemaExport.sessionFactoryCreated(SessionFactoryObserverForSchemaExport.java:35)
	at org.hibernate.internal.SessionFactoryObserverChain.sessionFactoryCreated(SessionFactoryObserverChain.java:33)
	at org.hibernate.internal.SessionFactoryImpl.<init>(SessionFactoryImpl.java:323)
	at org.hibernate.internal.SessionFactoryRegistry.instantiateSessionFactory(SessionFactoryRegistry.java:64)
	at org.hibernate.boot.internal.SessionFactoryBuilderImpl.build(SessionFactoryBuilderImpl.java:437)
	at org.hibernate.jpa.boot.internal.EntityManagerFactoryBuilderImpl.build(EntityManagerFactoryBuilderImpl.java:1456)
	at org.springframework.orm.jpa.vendor.SpringHibernateJpaPersistenceProvider.createContainerEntityManagerFactory(SpringHibernateJpaPersistenceProvider.java:66)
	at org.springframework.orm.jpa.LocalContainerEntityManagerFactoryBean.createNativeEntityManagerFactory(LocalContainerEntityManagerFactoryBean.java:433)
	at org.springframework.orm.jpa.AbstractEntityManagerFactoryBean.buildNativeEntityManagerFactory(AbstractEntityManagerFactoryBean.java:416)
	... 45 more
Caused by: org.h2.jdbc.JdbcSQLNonTransientConnectionException: Unsupported connection setting "NOT_FIXED_11" [90113-240]
	at org.h2.message.DbException.getJdbcSQLException(DbException.java:690)
	at org.h2.message.DbException.getJdbcSQLException(DbException.java:489)
	at org.h2.message.DbException.get(DbException.java:223)
	at org.h2.message.DbException.get(DbException.java:199)
	at org.h2.engine.ConnectionInfo.readSettingsFromURL(ConnectionInfo.java:345)
	at org.h2.engine.ConnectionInfo.<init>(ConnectionInfo.java:98)
	at org.h2.jdbc.JdbcConnection.<init>(JdbcConnection.java:115)
	at org.h2.Driver.connect(Driver.java:59)
	at com.zaxxer.hikari.util.DriverDataSource.getConnection(DriverDataSource.java:144)
	at com.zaxxer.hikari.pool.PoolBase.newConnection(PoolBase.java:373)
	at com.zaxxer.hikari.pool.PoolBase.newPoolEntry(PoolBase.java:210)
	at com.zaxxer.hikari.pool.HikariPool.createPoolEntry(HikariPool.java:488)
	at com.zaxxer.hikari.pool.HikariPool.checkFailFast(HikariPool.java:576)
	at com.zaxxer.hikari.pool.HikariPool.<init>(HikariPool.java:97)
	at com.zaxxer.hikari.HikariDataSource.getConnection(HikariDataSource.java:111)
	at org.hibernate.engine.jdbc.connections.internal.DataSourceConnectionProvider.getConnection(DataSourceConnectionProvider.java:137)
	at org.hibernate.engine.jdbc.env.internal.JdbcEnvironmentInitiator$ConnectionProviderJdbcConnectionAccess.obtainConnection(JdbcEnvironmentInitiator.java:508)
	at org.hibernate.resource.transaction.backend.jdbc.internal.DdlTransactionIsolatorNonJtaImpl.getIsolatedConnection(DdlTransactionIsolatorNonJtaImpl.java:44)
	... 69 more

[INFO] 
[INFO] Results:
[INFO] 
[ERROR] Errors: 
[ERROR]   EcommerceApplicationTests.contextLoads ╗ IllegalState Failed to load ApplicationContext for [WebMergedContextConfiguration@55a7f0af testClass = com.tuna.ecommerce.EcommerceApplicationTests, locations = [], classes = [com.tuna.ecommerce.EcommerceApplication], contextInitializerClasses = [], activeProfiles = ["test"], propertySourceDescriptors = [], propertySourceProperties = ["org.springframework.boot.test.context.SpringBootTestContextBootstrapper=true"], contextCustomizers = [org.springframework.boot.web.server.context.SpringBootTestRandomPortContextCustomizerFactory$Customizer@743cb8e0, org.springframework.boot.test.context.PropertyMappingContextCustomizer@0, org.springframework.boot.test.context.filter.ExcludeFilterContextCustomizer@2cf92cc7, org.springframework.boot.test.json.DuplicateJsonObjectContextCustomizerFactory$DuplicateJsonObjectContextCustomizer@76a36b71, org.springframework.boot.test.autoconfigure.OnFailureConditionReportContextCustomizerFactory$OnFailureConditionReportContextCustomizer@6ffab045, org.springframework.test.context.support.DynamicPropertiesContextCustomizer@0, org.springframework.boot.test.context.SpringBootTestAnnotation@824ee6f0], resourceBasePath = "src/main/webapp", contextLoader = org.springframework.boot.test.context.SpringBootContextLoader, parent = null]
[INFO] 
[ERROR] Tests run: 1, Failures: 0, Errors: 1, Skipped: 0
[INFO] 
[INFO] ------------------------------------------------------------------------
[INFO] BUILD FAILURE
[INFO] ------------------------------------------------------------------------
[INFO] Total time:  12.999 s
[INFO] Finished at: 2026-03-25T21:23:22+07:00
[INFO] ------------------------------------------------------------------------
[ERROR] Failed to execute goal org.apache.maven.plugins:maven-surefire-plugin:3.5.4:test (default-test) on project ecommerce: 
[ERROR] 
[ERROR] See C:\download\java\Ecommerce\target\surefire-reports for the individual test results.
[ERROR] See dump files (if any exist) [date].dump, [date]-jvmRun[N].dump and [date].dumpstream.
[ERROR] -> [Help 1]
[ERROR] 
[ERROR] To see the full stack trace of the errors, re-run Maven with the -e switch.
[ERROR] Re-run Maven using the -X switch to enable full debug logging.
[ERROR] 
[ERROR] For more information about the errors and possible solutions, please read the following articles:
[ERROR] [Help 1] http://cwiki.apache.org/confluence/display/MAVEN/MojoFailureException
